Successfully imported torchao. FP8 training enabled.
/root/gptspeedrun/./train_gpt2_4090_90min_3_25loss.py:322: UserWarning: The given buffer is not writable, and PyTorch does not support non-writable tensors. This means you can write to the underlying (supposedly non-writable) buffer using the tensor. You may want to copy the buffer to protect its data or make it writable before converting it to a tensor. This type of warning will be suppressed for the rest of this program. (Triggered internally at /pytorch/torch/csrc/utils/tensor_new.cpp:1581.)
  return torch.frombuffer(f.read(), dtype=torch.uint16)[256*2:]
Converting Linear layers to Float8...
Run ID: fb132c87-9f12-4b81-a0be-b587738452d5 lrfac=0.5 malbo_eps=0.001 use_malbo=False
Step	Loss	Time(ms)	kt/s	Window	ETA(m)	Malbo Loss
1	10.812	   67973	7.7	256	1982.5	10.812
2	10.125	    3022	173.5	256	88.1	10.125
3	9.375	    3042	172.4	256	88.6	9.375
4	8.000	    3040	172.5	256	88.5	8.000
5	7.594	    3043	172.3	256	88.6	7.594
6	8.312	    3042	172.4	256	88.5	8.312
7	7.594	    3044	172.2	256	88.5	7.594
8	7.375	    3044	172.2	256	88.4	7.375
9	7.406	    3048	172.0	256	88.5	7.406
10	7.281	    3046	172.1	256	88.4	7.281
11	7.219	    3047	172.1	256	88.4	7.219
12	7.188	    3047	172.1	256	88.3	7.188
13	6.812	    3048	172.0	256	88.3	6.812
14	6.812	    3050	171.9	256	88.3	6.812
15	6.719	    3048	172.0	256	88.2	6.719
16	6.688	    3053	171.7	256	88.3	6.688
17	6.750	    3055	171.6	256	88.3	6.750
18	6.438	    3048	172.0	256	88.0	6.438
19	6.656	    3051	171.8	256	88.1	6.656
20	6.562	    3053	171.8	256	88.1	6.562
21	6.594	    3053	171.8	256	88.0	6.594
22	6.281	    3051	171.9	256	87.9	6.281
23	6.688	    3053	171.7	256	87.9	6.688
24	6.625	    3054	171.7	256	87.9	6.625
25	6.312	    3055	171.6	256	87.9	6.312
26	6.094	    3058	171.5	256	87.9	6.094
27	6.375	    3055	171.6	256	87.8	6.375
28	6.062	    3054	171.7	256	87.7	6.062
29	6.344	    3053	171.8	256	87.6	6.344
30	6.406	    3056	171.6	256	87.7	6.406
31	6.156	    3056	171.6	256	87.6	6.156
32	6.188	    3059	171.4	256	87.6	6.188
33	6.188	    3056	171.6	256	87.5	6.188
34	6.031	    3056	171.6	256	87.4	6.031
35	6.000	    3055	171.6	256	87.4	6.000
36	6.375	    3059	171.4	256	87.4	6.375
37	6.125	    3058	171.5	256	87.3	6.125
38	5.906	    3060	171.3	256	87.4	5.906
39	5.938	    3060	171.3	256	87.3	5.938
40	5.844	    3058	171.5	256	87.2	5.844
41	5.906	    3060	171.3	256	87.2	5.906
42	5.812	    3057	171.5	256	87.1	5.812
43	6.031	    3059	171.4	256	87.1	6.031
44	5.750	    3056	171.5	256	87.0	5.750
45	5.750	    3059	171.4	256	87.0	5.750
46	5.812	    3058	171.4	256	86.9	5.812
47	5.781	    3059	171.4	256	86.9	5.781
48	6.062	    3058	171.5	256	86.8	6.062
49	5.969	    3059	171.4	256	86.8	5.969
50	6.000	    3060	171.3	256	86.7	6.000
51	5.906	    3057	171.5	256	86.6	5.906
52	6.188	    3060	171.4	256	86.6	6.188
53	5.750	    3057	171.5	256	86.5	5.750
54	5.688	    3056	171.5	256	86.4	5.688
55	5.938	    3059	171.4	256	86.5	5.938
56	5.781	    3058	171.4	256	86.4	5.781
57	5.656	    3057	171.5	256	86.3	5.656
58	5.719	    3056	171.5	256	86.2	5.719
59	5.594	    3058	171.4	256	86.2	5.594
60	5.906	    3057	171.5	256	86.2	5.906
61	5.656	    3058	171.5	256	86.1	5.656
62	5.625	    3057	171.5	256	86.1	5.625
63	5.625	    3056	171.5	256	86.0	5.625
64	5.594	    3057	171.5	256	86.0	5.594
65	5.906	    3059	171.4	256	86.0	5.906
66	5.594	    3057	171.5	256	85.9	5.594
67	5.469	    3054	171.7	256	85.7	5.469
68	5.594	    3058	171.5	256	85.8	5.594
69	5.531	    3061	171.3	256	85.8	5.531
70	5.562	    3057	171.5	256	85.6	5.562
71	5.688	    3058	171.4	256	85.6	5.688
72	5.438	    3058	171.5	256	85.6	5.438
73	5.531	    3057	171.5	256	85.5	5.531
74	5.562	    3058	171.5	256	85.5	5.562
75	5.531	    3053	171.7	256	85.3	5.531
76	5.219	    3059	171.4	256	85.4	5.219
77	5.469	    3060	171.3	256	85.4	5.469
78	5.531	    3061	171.3	256	85.4	5.531
79	5.344	    3059	171.4	256	85.2	5.344
80	5.344	    3058	171.4	256	85.2	5.344
81	5.312	    3060	171.3	256	85.2	5.312
82	5.375	    3058	171.4	256	85.1	5.375
83	5.062	    3060	171.4	256	85.1	5.062
84	5.406	    3059	171.4	256	85.0	5.406
85	5.438	    3059	171.4	256	84.9	5.438
86	5.344	    3060	171.3	256	84.9	5.344
87	5.250	    3058	171.4	256	84.8	5.250
88	5.344	    3059	171.4	256	84.8	5.344
89	5.031	    3060	171.3	256	84.8	5.031
90	5.031	    3059	171.4	256	84.7	5.031
91	5.125	    3056	171.5	256	84.6	5.125
92	5.188	    3059	171.4	256	84.6	5.188
93	5.156	    3061	171.3	256	84.6	5.156
94	5.562	    3058	171.4	256	84.5	5.562
95	5.469	    3057	171.5	256	84.4	5.469
96	5.250	    3059	171.4	256	84.4	5.250
97	5.125	    3059	171.4	256	84.3	5.125
98	5.344	    3060	171.3	256	84.3	5.344
99	5.281	    3061	171.3	256	84.3	5.281
100	5.312	    3059	171.4	256	84.2	5.312
101	5.406	    3058	171.4	256	84.1	5.406
102	5.500	    3059	171.4	256	84.1	5.500
103	5.281	    3059	171.4	256	84.0	5.281
104	5.188	    3059	171.4	256	84.0	5.188
105	5.188	    3060	171.3	256	84.0	5.188
106	5.094	    3060	171.3	256	83.9	5.094
107	5.250	    3060	171.3	256	83.8	5.250
108	5.188	    3058	171.4	256	83.7	5.188
109	5.188	    3056	171.5	256	83.6	5.188
110	5.281	    3060	171.3	256	83.7	5.281
111	5.250	    3056	171.6	256	83.5	5.250
112	5.312	    3059	171.4	256	83.6	5.312
113	4.719	    3060	171.4	256	83.5	4.719
114	5.219	    3062	171.2	256	83.5	5.219
115	5.156	    3059	171.4	256	83.4	5.156
116	5.219	    3058	171.4	256	83.3	5.219
117	4.969	    3058	171.4	256	83.3	4.969
118	5.062	    3059	171.4	256	83.2	5.062
119	5.062	    3057	171.5	256	83.2	5.062
120	4.875	    3058	171.4	256	83.1	4.875
121	4.875	    3061	171.3	256	83.1	4.875
122	5.031	    3058	171.5	256	83.0	5.031
123	4.812	    3059	171.4	256	83.0	4.812
124	5.000	    3057	171.5	256	82.9	5.000
125	4.938	    3059	171.4	256	82.9	4.938
126	5.000	    3059	171.4	256	82.9	5.000
127	5.281	    3062	171.2	256	82.9	5.281
128	4.844	    3060	171.3	256	82.8	4.844
129	5.062	    3058	171.4	256	82.7	5.062
130	5.031	    3058	171.5	256	82.6	5.031
131	4.750	    3059	171.4	256	82.6	4.750
132	5.000	    3060	171.3	256	82.6	5.000
133	4.812	    3059	171.4	256	82.5	4.812
134	4.656	    3059	171.4	256	82.4	4.656
135	4.844	    3063	171.2	256	82.5	4.844
136	4.719	    3057	171.5	256	82.3	4.719
137	5.062	    3062	171.2	256	82.4	5.062
138	4.812	    3060	171.4	256	82.3	4.812
139	4.781	    3056	171.5	256	82.1	4.781
140	4.594	    3058	171.5	256	82.1	4.594
141	4.688	    3059	171.4	256	82.1	4.688
142	5.000	    3061	171.3	256	82.1	5.000
143	4.875	    3060	171.3	256	82.0	4.875
144	4.906	    3058	171.5	256	81.9	4.906
145	5.031	    3061	171.3	256	81.9	5.031
146	4.719	    3058	171.5	256	81.8	4.719
147	4.719	    3059	171.4	256	81.8	4.719
148	4.688	    3059	171.4	256	81.7	4.688
149	4.719	    3060	171.3	256	81.7	4.719
150	4.781	    3061	171.3	256	81.7	4.781
151	4.781	    3059	171.4	256	81.6	4.781
152	4.719	    3060	171.4	256	81.5	4.719
153	4.812	    3058	171.5	256	81.4	4.812
154	4.844	    3057	171.5	256	81.4	4.844
155	4.781	    3059	171.4	256	81.4	4.781
156	4.812	    3060	171.4	256	81.3	4.812
157	4.750	    3059	171.4	256	81.3	4.750
158	4.688	    3057	171.5	256	81.2	4.688
159	5.125	    3060	171.3	256	81.2	5.125
160	4.531	    3057	171.5	256	81.1	4.531
161	4.656	    3058	171.5	256	81.0	4.656
162	4.719	    3056	171.5	256	80.9	4.719
163	4.812	    3059	171.4	256	81.0	4.812
164	4.656	    3058	171.4	256	80.9	4.656
165	4.656	    3059	171.4	256	80.9	4.656
166	4.625	    3057	171.5	256	80.8	4.625
167	4.625	    3057	171.5	256	80.7	4.625
168	4.719	    3057	171.5	256	80.7	4.719
169	4.531	    3059	171.4	256	80.7	4.531
170	4.562	    3059	171.4	256	80.6	4.562
171	4.531	    3058	171.5	256	80.5	4.531
172	4.594	    3056	171.5	256	80.4	4.594
173	4.625	    3059	171.4	256	80.5	4.625
174	4.594	    3058	171.5	256	80.4	4.594
175	4.531	    3056	171.5	256	80.3	4.531
176	4.469	    3059	171.4	256	80.3	4.469
177	4.594	    3058	171.5	256	80.2	4.594
178	4.562	    3060	171.4	256	80.2	4.562
179	4.438	    3061	171.3	256	80.2	4.438
180	4.469	    3059	171.4	256	80.1	4.469
181	4.438	    3057	171.5	256	80.0	4.438
182	4.312	    3059	171.4	256	80.0	4.312
183	4.562	    3061	171.3	256	80.0	4.562
184	4.406	    3057	171.5	256	79.8	4.406
185	4.469	    3058	171.4	256	79.8	4.469
186	4.438	    3060	171.3	256	79.8	4.438
187	4.156	    3059	171.4	256	79.7	4.156
188	4.594	    3059	171.4	256	79.7	4.594
189	4.625	    3058	171.4	256	79.6	4.625
190	4.906	    3056	171.6	256	79.5	4.906
191	4.406	    3058	171.5	256	79.5	4.406
192	4.562	    3061	171.3	256	79.5	4.562
193	4.656	    3058	171.4	256	79.4	4.656
194	4.625	    3058	171.5	256	79.3	4.625
195	4.438	    3061	171.3	256	79.4	4.438
196	4.500	    3057	171.5	256	79.2	4.500
197	4.656	    3059	171.4	256	79.2	4.656
198	4.625	    3059	171.4	256	79.2	4.625
199	4.531	    3057	171.5	256	79.1	4.531
200	4.344	    3056	171.6	256	79.0	4.344
201	4.531	    3056	171.6	256	78.9	4.531
202	4.625	    3057	171.5	256	78.9	4.625
203	4.406	    3061	171.3	256	79.0	4.406
204	4.688	    3059	171.4	256	78.9	4.688
205	4.438	    3056	171.5	256	78.8	4.438
206	4.594	    3057	171.5	256	78.7	4.594
207	4.438	    3055	171.6	256	78.6	4.438
208	4.500	    3059	171.4	256	78.7	4.500
209	4.500	    3056	171.6	256	78.5	4.500
210	4.594	    3058	171.5	256	78.5	4.594
211	4.812	    3061	171.3	256	78.6	4.812
212	4.625	    3059	171.4	256	78.5	4.625
213	5.250	    3058	171.5	256	78.4	5.250
214	4.406	    3059	171.4	256	78.4	4.406
215	4.188	    3057	171.5	256	78.2	4.188
216	4.312	    3057	171.5	256	78.2	4.312
217	4.406	    3059	171.4	256	78.2	4.406
218	4.375	    3058	171.5	256	78.1	4.375
219	4.188	    3059	171.4	256	78.1	4.188
220	4.312	    3058	171.4	256	78.0	4.312
221	4.656	    3057	171.5	256	78.0	4.656
222	4.469	    3060	171.3	256	78.0	4.469
223	4.219	    3059	171.4	256	77.9	4.219
224	4.312	    3060	171.4	256	77.9	4.312
225	4.438	    3059	171.4	256	77.8	4.438
226	4.531	    3060	171.4	256	77.8	4.531
227	4.219	    3062	171.2	256	77.8	4.219
228	4.312	    3059	171.4	256	77.6	4.312
229	4.312	    3060	171.3	256	77.6	4.312
230	4.281	    3060	171.3	256	77.6	4.281
231	4.219	    3061	171.3	256	77.5	4.219
232	4.500	    3058	171.4	256	77.4	4.500
233	4.250	    3060	171.3	256	77.4	4.250
234	4.375	    3061	171.3	256	77.4	4.375
235	4.344	    3056	171.6	256	77.2	4.344
236	4.375	    3056	171.6	256	77.2	4.375
237	4.562	    3058	171.5	256	77.2	4.562
238	4.312	    3060	171.4	256	77.2	4.312
239	4.594	    3058	171.5	256	77.1	4.594
240	4.562	    3059	171.4	256	77.0	4.562
241	4.562	    3060	171.3	256	77.0	4.562
242	4.469	    3060	171.4	256	76.9	4.469
243	4.312	    3058	171.4	256	76.9	4.312
244	4.438	    3060	171.3	256	76.9	4.438
245	4.281	    3060	171.3	256	76.8	4.281
246	4.406	    3056	171.6	256	76.7	4.406
247	4.281	    3059	171.4	256	76.7	4.281
248	4.281	    3057	171.5	256	76.6	4.281
249	4.312	    3058	171.4	256	76.6	4.312
250	4.375	    3056	171.5	256	76.5	4.375
251	4.375	    3061	171.3	256	76.5	4.375
252	4.188	    3055	171.6	256	76.3	4.188
253	4.250	    3056	171.6	256	76.3	4.250
254	4.562	    3058	171.5	256	76.3	4.562
255	4.281	    3060	171.3	256	76.3	4.281
256	4.375	    3058	171.5	256	76.2	4.375
257	4.344	    3056	171.6	256	76.1	4.344
258	4.188	    3060	171.4	256	76.1	4.188
259	4.375	    3059	171.4	256	76.1	4.375
260	4.156	    3057	171.5	256	76.0	4.156
261	4.156	    3057	171.5	256	75.9	4.156
262	4.250	    3058	171.4	256	75.9	4.250
263	4.062	    3057	171.5	256	75.8	4.062
264	4.312	    3060	171.4	256	75.8	4.312
265	4.375	    3060	171.3	256	75.8	4.375
266	4.219	    3057	171.5	256	75.7	4.219
267	4.281	    3060	171.3	256	75.7	4.281
268	4.219	    3057	171.5	256	75.5	4.219
269	4.156	    3059	171.4	256	75.6	4.156
270	4.219	    3059	171.4	256	75.5	4.219
271	4.156	    3060	171.3	256	75.5	4.156
272	4.062	    3059	171.4	256	75.4	4.062
273	3.953	    3058	171.4	256	75.3	3.953
274	4.031	    3057	171.5	256	75.3	4.031
275	4.250	    3059	171.4	256	75.2	4.250
276	4.219	    3059	171.4	256	75.2	4.219
277	4.250	    3059	171.4	256	75.2	4.250
278	4.125	    3062	171.2	256	75.2	4.125
279	4.188	    3059	171.4	256	75.0	4.188
280	4.031	    3059	171.4	256	75.0	4.031
281	4.406	    3060	171.3	256	75.0	4.406
282	4.281	    3057	171.5	256	74.8	4.281
283	4.281	    3058	171.4	256	74.8	4.281
284	4.312	    3059	171.4	256	74.8	4.312
285	4.281	    3061	171.3	256	74.8	4.281
286	4.312	    3058	171.4	256	74.7	4.312
287	4.188	    3060	171.3	256	74.7	4.188
288	4.062	    3060	171.3	256	74.6	4.062
289	4.312	    3057	171.5	256	74.5	4.312
290	4.344	    3058	171.4	256	74.5	4.344
291	4.281	    3059	171.4	256	74.4	4.281
292	4.094	    3059	171.4	256	74.4	4.094
293	4.344	    3168	165.5	512	77.0	4.344
294	4.188	    3169	165.4	512	77.0	4.188
295	4.125	    3166	165.6	512	76.8	4.125
296	4.375	    3172	165.3	512	76.9	4.375
297	4.125	    3167	165.6	512	76.7	4.125
298	4.281	    3170	165.4	512	76.8	4.281
299	4.156	    3165	165.7	512	76.6	4.156
300	4.156	    3168	165.5	512	76.6	4.156
301	4.281	    3169	165.5	512	76.6	4.281
302	4.219	    3170	165.4	512	76.6	4.219
303	4.062	    3168	165.5	512	76.4	4.062
304	4.125	    3174	165.2	512	76.6	4.125
305	4.125	    3170	165.4	512	76.4	4.125
306	4.219	    3165	165.6	512	76.2	4.219
307	4.125	    3165	165.7	512	76.2	4.125
308	4.062	    3165	165.7	512	76.1	4.062
309	4.156	    3175	165.1	512	76.3	4.156
310	4.031	    3166	165.6	512	76.0	4.031
311	4.094	    3178	165.0	512	76.3	4.094
312	4.031	    3169	165.4	512	76.0	4.031
313	4.062	    3173	165.3	512	76.0	4.062
314	4.094	    3166	165.6	512	75.8	4.094
315	4.094	    3172	165.3	512	75.9	4.094
316	4.031	    3168	165.5	512	75.8	4.031
317	4.062	    3171	165.3	512	75.8	4.062
318	3.859	    3168	165.5	512	75.7	3.859
319	4.000	    3174	165.2	512	75.7	4.000
320	3.906	    3176	165.1	512	75.8	3.906
321	4.281	    3175	165.1	512	75.7	4.281
322	3.984	    3178	165.0	512	75.7	3.984
323	4.031	    3178	165.0	512	75.6	4.031
324	4.062	    3173	165.2	512	75.5	4.062
325	3.844	    3174	165.2	512	75.4	3.844
326	4.250	    3173	165.3	512	75.3	4.250
327	3.953	    3173	165.2	512	75.3	3.953
328	4.281	    3170	165.4	512	75.2	4.281
329	4.406	    3173	165.2	512	75.2	4.406
330	4.281	    3176	165.1	512	75.2	4.281
331	4.031	    3169	165.4	512	75.0	4.031
332	4.188	    3172	165.3	512	75.0	4.188
333	4.125	    3177	165.0	512	75.1	4.125
334	4.000	    3174	165.2	512	75.0	4.000
335	4.219	    3163	165.8	512	74.6	4.219
336	4.062	    3168	165.5	512	74.7	4.062
337	4.000	    3174	165.2	512	74.8	4.000
338	4.500	    3174	165.2	512	74.8	4.500
339	4.062	    3170	165.4	512	74.6	4.062
340	4.125	    3167	165.5	512	74.5	4.125
341	4.031	    3159	166.0	512	74.2	4.031
342	4.125	    3178	165.0	512	74.6	4.125
343	4.062	    3168	165.5	512	74.3	4.062
344	3.922	    3169	165.5	512	74.3	3.922
345	4.156	    3171	165.4	512	74.3	4.156
346	4.031	    3171	165.3	512	74.3	4.031
347	4.125	    3169	165.5	512	74.1	4.125
348	3.984	    3169	165.4	512	74.1	3.984
349	4.000	    3167	165.5	512	74.0	4.000
350	4.094	    3171	165.4	512	74.0	4.094
351	4.062	    3168	165.5	512	73.9	4.062
352	4.062	    3173	165.2	512	74.0	4.062
353	4.031	    3166	165.6	512	73.8	4.031
354	4.094	    3170	165.4	512	73.8	4.094
355	4.125	    3179	164.9	512	74.0	4.125
356	4.031	    3162	165.8	512	73.5	4.031
357	3.906	    3170	165.4	512	73.6	3.906
358	3.984	    3169	165.4	512	73.6	3.984
359	4.031	    3169	165.4	512	73.5	4.031
360	4.125	    3165	165.6	512	73.4	4.125
361	4.156	    3169	165.4	512	73.4	4.156
362	4.031	    3168	165.5	512	73.3	4.031
363	3.812	    3172	165.3	512	73.4	3.812
364	3.953	    3173	165.2	512	73.3	3.953
365	3.859	    3171	165.3	512	73.2	3.859
366	4.312	    3176	165.1	512	73.3	4.312
367	3.688	    3172	165.3	512	73.2	3.688
368	3.953	    3170	165.4	512	73.1	3.953
369	3.812	    3167	165.5	512	72.9	3.812
370	3.906	    3170	165.4	512	73.0	3.906
371	3.828	    3176	165.1	512	73.0	3.828
372	3.953	    3172	165.3	512	72.9	3.953
373	3.844	    3170	165.4	512	72.8	3.844
374	4.094	    3170	165.4	512	72.7	4.094
375	4.188	    3165	165.7	512	72.6	4.188
376	4.062	    3171	165.3	512	72.7	4.062
377	4.031	    3168	165.5	512	72.5	4.031
378	4.031	    3167	165.5	512	72.5	4.031
379	4.062	    3172	165.3	512	72.5	4.062
380	4.000	    3168	165.5	512	72.4	4.000
381	4.031	    3169	165.4	512	72.4	4.031
382	4.031	    3172	165.3	512	72.4	4.031
383	4.031	    3173	165.3	512	72.3	4.031
384	3.953	    3173	165.2	512	72.3	3.953
385	4.062	    3166	165.6	512	72.1	4.062
386	4.219	    3171	165.3	512	72.1	4.219
387	3.859	    3166	165.6	512	72.0	3.859
388	3.812	    3174	165.2	512	72.1	3.812
389	3.766	    3166	165.6	512	71.9	3.766
390	3.828	    3173	165.2	512	72.0	3.828
391	3.953	    3169	165.4	512	71.8	3.953
392	4.031	    3168	165.5	512	71.7	4.031
393	4.031	    3168	165.5	512	71.7	4.031
394	3.844	    3168	165.5	512	71.6	3.844
395	4.281	    3168	165.5	512	71.6	4.281
396	3.781	    3179	164.9	512	71.8	3.781
397	3.797	    3164	165.7	512	71.4	3.797
398	4.156	    3171	165.3	512	71.5	4.156
399	3.703	    3171	165.4	512	71.4	3.703
400	3.875	    3171	165.4	512	71.4	3.875
401	4.094	    3169	165.4	512	71.3	4.094
402	3.781	    3176	165.1	512	71.4	3.781
403	4.062	    3169	165.4	512	71.2	4.062
404	3.875	    3169	165.5	512	71.1	3.875
405	3.750	    3170	165.4	512	71.1	3.750
406	3.859	    3170	165.4	512	71.1	3.859
407	3.938	    3176	165.1	512	71.1	3.938
408	3.828	    3171	165.3	512	71.0	3.828
409	3.875	    3168	165.5	512	70.9	3.875
410	3.875	    3170	165.4	512	70.9	3.875
411	3.828	    3173	165.2	512	70.9	3.828
412	3.625	    3177	165.0	512	70.9	3.625
413	3.781	    3174	165.2	512	70.8	3.781
414	3.672	    3178	165.0	512	70.8	3.672
415	3.938	    3177	165.0	512	70.7	3.938
416	3.672	    3180	164.9	512	70.7	3.672
417	3.844	    3174	165.2	512	70.6	3.844
418	3.891	    3173	165.2	512	70.5	3.891
419	3.922	    3174	165.2	512	70.5	3.922
420	3.781	    3172	165.3	512	70.4	3.781
421	4.031	    3171	165.3	512	70.3	4.031
422	3.812	    3173	165.2	512	70.3	3.812
423	3.844	    3175	165.1	512	70.3	3.844
424	3.891	    3171	165.3	512	70.1	3.891
425	4.125	    3170	165.4	512	70.1	4.125
426	3.969	    3168	165.5	512	70.0	3.969
427	3.859	    3169	165.4	512	69.9	3.859
428	3.938	    3170	165.4	512	69.9	3.938
429	4.094	    3171	165.3	512	69.9	4.094
430	3.516	    3178	165.0	512	70.0	3.516
431	3.844	    3178	165.0	512	69.9	3.844
432	3.828	    3165	165.7	512	69.6	3.828
433	3.875	    3166	165.6	512	69.6	3.875
434	3.719	    3171	165.3	512	69.6	3.719
435	3.875	    3172	165.3	512	69.6	3.875
436	3.641	    3173	165.2	512	69.5	3.641
437	3.781	    3161	165.9	512	69.2	3.781
438	3.859	    3169	165.4	512	69.4	3.859
439	3.984	    3171	165.3	512	69.3	3.984
440	3.875	    3171	165.4	512	69.3	3.875
441	3.844	    3170	165.4	512	69.2	3.844
442	3.828	    3166	165.6	512	69.1	3.828
443	3.844	    3169	165.5	512	69.1	3.844
444	3.797	    3162	165.8	512	68.9	3.797
445	3.891	    3170	165.4	512	69.0	3.891
446	3.938	    3168	165.5	512	68.9	3.938
447	3.859	    3167	165.5	512	68.8	3.859
448	3.859	    3168	165.5	512	68.8	3.859
449	3.906	    3173	165.2	512	68.9	3.906
450	3.781	    3169	165.5	512	68.7	3.781
451	3.781	    3166	165.6	512	68.6	3.781
452	3.984	    3167	165.5	512	68.6	3.984
453	3.891	    3173	165.2	512	68.7	3.891
454	3.812	    3165	165.6	512	68.4	3.812
455	3.672	    3171	165.3	512	68.5	3.672
456	3.750	    3171	165.3	512	68.4	3.750
457	3.859	    3176	165.1	512	68.5	3.859
458	3.703	    3171	165.3	512	68.3	3.703
459	3.656	    3173	165.3	512	68.3	3.656
460	3.750	    3179	164.9	512	68.4	3.750
461	3.641	    3171	165.3	512	68.2	3.641
462	3.750	    3170	165.4	512	68.1	3.750
463	3.656	    3168	165.5	512	68.0	3.656
464	3.766	    3174	165.2	512	68.1	3.766
465	3.922	    3180	164.9	512	68.2	3.922
466	3.703	    3165	165.6	512	67.8	3.703
467	3.906	    3173	165.2	512	67.9	3.906
468	3.922	    3173	165.2	512	67.9	3.922
469	3.859	    3174	165.2	512	67.8	3.859
470	3.812	    3170	165.4	512	67.7	3.812
471	3.922	    3163	165.7	512	67.5	3.922
472	3.891	    3168	165.5	512	67.5	3.891
473	3.922	    3169	165.4	512	67.5	3.922
474	3.844	    3179	164.9	512	67.7	3.844
475	3.891	    3171	165.3	512	67.4	3.891
476	3.766	    3166	165.6	512	67.3	3.766
477	3.844	    3175	165.1	512	67.4	3.844
478	3.969	    3167	165.5	512	67.2	3.969
479	3.781	    3168	165.5	512	67.2	3.781
480	3.719	    3161	165.8	512	67.0	3.719
481	3.734	    3168	165.5	512	67.1	3.734
482	3.781	    3163	165.7	512	66.9	3.781
483	3.844	    3170	165.4	512	67.0	3.844
484	3.875	    3176	165.1	512	67.1	3.875
485	3.844	    3165	165.7	512	66.8	3.844
486	3.797	    3169	165.5	512	66.8	3.797
487	3.828	    3167	165.5	512	66.7	3.828
488	4.000	    3170	165.4	512	66.7	4.000
489	3.812	    3176	165.1	512	66.8	3.812
490	3.875	    3173	165.2	512	66.7	3.875
491	3.953	    3175	165.1	512	66.7	3.953
492	3.578	    3168	165.5	512	66.5	3.578
493	3.719	    3165	165.7	512	66.4	3.719
494	3.672	    3173	165.2	512	66.5	3.672
495	3.688	    3174	165.2	512	66.4	3.688
496	3.719	    3164	165.7	512	66.2	3.719
497	3.609	    3174	165.2	512	66.3	3.609
498	3.750	    3170	165.4	512	66.2	3.750
499	3.766	    3167	165.6	512	66.1	3.766
500	3.969	    3164	165.7	512	66.0	3.969
501	3.750	    3169	165.4	512	66.0	3.750
502	3.641	    3173	165.3	512	66.0	3.641
503	3.688	    3171	165.3	512	66.0	3.688
504	3.578	    3173	165.3	512	65.9	3.578
505	3.734	    3173	165.2	512	65.9	3.734
506	3.625	    3172	165.3	512	65.8	3.625
507	3.766	    3179	164.9	512	65.9	3.766
508	3.672	    3175	165.1	512	65.8	3.672
509	3.609	    3168	165.5	512	65.6	3.609
510	3.703	    3175	165.1	512	65.7	3.703
511	3.578	    3179	164.9	512	65.7	3.578
512	3.625	    3173	165.2	512	65.5	3.625
513	3.750	    3171	165.3	512	65.4	3.750
514	3.891	    3174	165.2	512	65.4	3.891
515	3.812	    3172	165.3	512	65.4	3.812
516	3.828	    3176	165.1	512	65.4	3.828
517	3.781	    3169	165.4	512	65.2	3.781
518	3.875	    3162	165.8	512	65.0	3.875
519	3.891	    3177	165.0	512	65.2	3.891
520	3.953	    3173	165.3	512	65.1	3.953
521	3.938	    3166	165.6	512	64.9	3.938
522	3.891	    3180	164.9	512	65.1	3.891
523	3.750	    3177	165.0	512	65.0	3.750
524	3.688	    3172	165.3	512	64.9	3.688
525	3.688	    3163	165.8	512	64.6	3.688
526	3.859	    3166	165.6	512	64.6	3.859
527	3.766	    3163	165.7	512	64.5	3.766
528	3.625	    3159	166.0	512	64.4	3.625
529	3.656	    3171	165.3	512	64.6	3.656
530	3.781	    3166	165.6	512	64.4	3.781
531	3.719	    3173	165.2	512	64.5	3.719
532	3.859	    3171	165.3	512	64.4	3.859
533	3.922	    3164	165.7	512	64.2	3.922
534	3.781	    3165	165.6	512	64.2	3.781
535	3.750	    3163	165.8	512	64.1	3.750
536	3.875	    3178	165.0	512	64.4	3.875
537	3.734	    3162	165.8	512	64.0	3.734
538	4.062	    3170	165.4	512	64.1	4.062
539	3.734	    3167	165.5	512	64.0	3.734
540	3.906	    3172	165.3	512	64.0	3.906
541	3.719	    3168	165.5	512	63.9	3.719
542	3.656	    3168	165.5	512	63.8	3.656
543	3.578	    3169	165.4	512	63.8	3.578
544	3.672	    3169	165.5	512	63.7	3.672
545	3.734	    3164	165.7	512	63.6	3.734
546	3.891	    3172	165.3	512	63.7	3.891
547	3.734	    3171	165.3	512	63.6	3.734
548	3.594	    3176	165.1	512	63.7	3.594
549	3.625	    3173	165.2	512	63.6	3.625
550	3.734	    3175	165.1	512	63.6	3.734
551	3.469	    3179	164.9	512	63.6	3.469
552	3.688	    3176	165.1	512	63.5	3.688
553	3.672	    3176	165.1	512	63.4	3.672
554	3.641	    3170	165.4	512	63.2	3.641
555	3.609	    3169	165.4	512	63.2	3.609
556	3.578	    3175	165.1	512	63.2	3.578
557	3.562	    3175	165.1	512	63.2	3.562
558	3.594	    3173	165.2	512	63.1	3.594
559	3.734	    3169	165.5	512	63.0	3.734
560	3.844	    3175	165.1	512	63.0	3.844
561	3.656	    3172	165.3	512	62.9	3.656
562	3.844	    3167	165.5	512	62.8	3.844
563	3.859	    3176	165.1	512	62.9	3.859
564	3.891	    3176	165.1	512	62.8	3.891
565	3.969	    3169	165.4	512	62.6	3.969
566	4.125	    3169	165.5	512	62.6	4.125
567	3.641	    3170	165.4	512	62.6	3.641
568	3.781	    3164	165.7	512	62.4	3.781
569	3.875	    3173	165.2	512	62.5	3.875
570	3.844	    3171	165.3	512	62.4	3.844
571	3.703	    3168	165.5	512	62.3	3.703
572	3.734	    3166	165.6	512	62.2	3.734
573	3.781	    3165	165.6	512	62.1	3.781
574	3.578	    3171	165.3	512	62.2	3.578
575	3.938	    3171	165.3	512	62.2	3.938
576	3.672	    3176	165.1	512	62.2	3.672
577	4.250	    3166	165.6	512	61.9	4.250
578	3.812	    3162	165.8	512	61.8	3.812
579	3.688	    3166	165.6	512	61.8	3.688
580	3.531	    3170	165.4	512	61.9	3.531
581	3.656	    3164	165.7	512	61.7	3.656
582	3.719	    3175	165.1	512	61.9	3.719
583	3.734	    3169	165.5	512	61.7	3.734
584	3.703	    3168	165.5	512	61.6	3.703
585	3.609	    3261	160.8	768	63.4	3.609
586	3.859	    3234	162.1	768	62.8	3.859
587	3.484	    3238	161.9	768	62.8	3.484
588	3.562	    3249	161.4	768	63.0	3.562
589	3.625	    3249	161.4	768	62.9	3.625
590	3.719	    3257	161.0	768	63.0	3.719
591	3.406	    3253	161.2	768	62.9	3.406
592	3.859	    3246	161.5	768	62.7	3.859
593	3.641	    3255	161.1	768	62.8	3.641
594	3.547	    3264	160.6	768	62.9	3.547
595	3.641	    3268	160.4	768	63.0	3.641
596	3.516	    3248	161.4	768	62.5	3.516
597	3.672	    3252	161.2	768	62.5	3.672
598	3.469	    3264	160.6	768	62.7	3.469
599	3.547	    3256	161.0	768	62.5	3.547
600	3.391	    3272	160.2	768	62.8	3.391
601	3.781	    3273	160.2	768	62.7	3.781
602	3.469	    3251	161.3	768	62.3	3.469
603	3.562	    3269	160.4	768	62.5	3.562
604	3.609	    3264	160.6	768	62.4	3.609
605	3.984	    3257	161.0	768	62.2	3.984
606	3.781	    3258	160.9	768	62.2	3.781
607	3.734	    3259	160.9	768	62.1	3.734
608	3.688	    3254	161.1	768	62.0	3.688
609	4.031	    3243	161.7	768	61.7	4.031
610	3.656	    3264	160.6	768	62.1	3.656
611	3.750	    3244	161.6	768	61.6	3.750
612	3.922	    3276	160.0	768	62.2	3.922
613	3.953	    3253	161.2	768	61.7	3.953
614	3.531	    3251	161.3	768	61.6	3.531
615	3.734	    3267	160.5	768	61.9	3.734
616	3.641	    3258	160.9	768	61.6	3.641
617	3.609	    3261	160.8	768	61.6	3.609
618	3.781	    3283	159.7	768	62.0	3.781
619	3.703	    3245	161.5	768	61.2	3.703
620	3.781	    3252	161.2	768	61.3	3.781
621	3.719	    3265	160.6	768	61.5	3.719
622	3.578	    3260	160.8	768	61.3	3.578
623	3.672	    3243	161.7	768	61.0	3.672
624	3.719	    3260	160.8	768	61.2	3.719
625	3.781	    3261	160.8	768	61.2	3.781
626	3.812	    3288	159.5	768	61.7	3.812
627	3.922	    3265	160.6	768	61.2	3.922
628	3.578	    3257	161.0	768	61.0	3.578
629	3.734	    3252	161.2	768	60.8	3.734
630	3.719	    3246	161.5	768	60.7	3.719
631	3.750	    3238	161.9	768	60.4	3.750
632	3.531	    3231	162.3	768	60.3	3.531
633	3.703	    3267	160.5	768	60.9	3.703
634	3.594	    3247	161.5	768	60.4	3.594
635	3.562	    3247	161.5	768	60.4	3.562
636	4.125	    3272	160.2	768	60.8	4.125
637	3.609	    3263	160.7	768	60.6	3.609
638	3.562	    3250	161.3	768	60.3	3.562
639	3.609	    3279	159.9	768	60.8	3.609
640	3.453	    3256	161.0	768	60.3	3.453
641	3.609	    3264	160.6	768	60.4	3.609
642	3.484	    3262	160.7	768	60.3	3.484
643	3.594	    3264	160.6	768	60.3	3.594
644	3.750	    3259	160.9	768	60.1	3.750
645	3.750	    3269	160.4	768	60.3	3.750
646	3.969	    3270	160.3	768	60.2	3.969
647	3.531	    3257	161.0	768	59.9	3.531
648	3.734	    3270	160.4	768	60.1	3.734
649	3.547	    3255	161.1	768	59.8	3.547
650	3.500	    3258	160.9	768	59.8	3.500
651	3.453	    3251	161.3	768	59.6	3.453
652	3.469	    3263	160.7	768	59.8	3.469
653	3.641	    3279	159.9	768	60.0	3.641
654	3.641	    3250	161.3	768	59.4	3.641
655	3.750	    3273	160.2	768	59.8	3.750
656	3.766	    3264	160.6	768	59.6	3.766
657	3.672	    3256	161.0	768	59.4	3.672
658	3.594	    3263	160.7	768	59.4	3.594
659	3.703	    3263	160.7	768	59.4	3.703
660	3.484	    3255	161.1	768	59.2	3.484
661	3.453	    3255	161.1	768	59.1	3.453
662	3.719	    3260	160.8	768	59.2	3.719
663	3.625	    3270	160.3	768	59.3	3.625
664	3.609	    3249	161.4	768	58.9	3.609
665	3.875	    3255	161.1	768	58.9	3.875
666	3.562	    3280	159.8	768	59.3	3.562
667	3.672	    3275	160.1	768	59.2	3.672
668	3.578	    3253	161.2	768	58.7	3.578
669	3.484	    3244	161.6	768	58.5	3.484
670	3.672	    3248	161.4	768	58.5	3.672
671	3.891	    3265	160.6	768	58.8	3.891
672	3.641	    3259	160.9	768	58.6	3.641
673	4.000	    3262	160.7	768	58.6	4.000
674	3.703	    3260	160.8	768	58.5	3.703
675	3.812	    3250	161.3	768	58.3	3.812
676	3.531	    3258	160.9	768	58.4	3.531
677	3.688	    3252	161.2	768	58.2	3.688
678	3.672	    3244	161.6	768	58.0	3.672
679	3.625	    3263	160.7	768	58.3	3.625
680	3.734	    3247	161.5	768	58.0	3.734
681	3.500	    3262	160.7	768	58.2	3.500
682	3.734	    3270	160.3	768	58.3	3.734
683	3.641	    3255	161.1	768	57.9	3.641
684	3.688	    3254	161.1	768	57.9	3.688
685	3.672	    3258	160.9	768	57.9	3.672
686	3.641	    3248	161.4	768	57.6	3.641
687	3.750	    3258	160.9	768	57.8	3.750
688	3.703	    3251	161.3	768	57.6	3.703
689	3.500	    3257	161.0	768	57.7	3.500
690	3.484	    3258	160.9	768	57.6	3.484
691	3.516	    3266	160.5	768	57.7	3.516
692	3.562	    3272	160.2	768	57.7	3.562
693	3.594	    3259	160.9	768	57.5	3.594
694	3.531	    3272	160.2	768	57.6	3.531
695	3.500	    3254	161.1	768	57.3	3.500
696	3.312	    3273	160.2	768	57.6	3.312
697	3.438	    3259	160.9	768	57.3	3.438
698	3.609	    3267	160.5	768	57.3	3.609
699	3.672	    3268	160.5	768	57.3	3.672
700	3.828	    3258	160.9	768	57.1	3.828
701	3.719	    3266	160.5	768	57.2	3.719
702	3.812	    3271	160.3	768	57.2	3.812
703	3.625	    3285	159.6	768	57.4	3.625
704	4.875	    3264	160.6	768	57.0	4.875
705	3.703	    3286	159.5	768	57.3	3.703
706	3.703	    3285	159.6	768	57.2	3.703
707	3.672	    3260	160.8	768	56.7	3.672
708	3.672	    3277	160.0	768	57.0	3.672
709	3.672	    3281	159.8	768	57.0	3.672
710	3.578	    3261	160.8	768	56.6	3.578
711	3.859	    3258	160.9	768	56.5	3.859
712	3.766	    3253	161.2	768	56.3	3.766
713	3.625	    3243	161.7	768	56.1	3.625
714	3.234	    3272	160.2	768	56.6	3.234
715	3.438	    3252	161.2	768	56.1	3.438
716	3.625	    3244	161.6	768	56.0	3.625
717	3.562	    3255	161.1	768	56.1	3.562
718	3.328	    3252	161.2	768	56.0	3.328
719	3.688	    3258	160.9	768	56.0	3.688
720	3.688	    3246	161.5	768	55.8	3.688
721	3.578	    3266	160.5	768	56.1	3.578
722	3.656	    3246	161.5	768	55.7	3.656
723	3.562	    3245	161.6	768	55.6	3.562
724	3.500	    3265	160.6	768	55.9	3.500
725	3.562	    3262	160.7	768	55.8	3.562
726	3.453	    3259	160.9	768	55.7	3.453
727	3.703	    3276	160.0	768	55.9	3.703
728	3.453	    3272	160.2	768	55.8	3.453
729	3.609	    3248	161.4	768	55.3	3.609
730	3.562	    3260	160.8	768	55.5	3.562
731	3.594	    3249	161.4	768	55.2	3.594
732	3.500	    3237	161.9	768	55.0	3.500
733	3.250	    3253	161.2	768	55.2	3.250
734	3.500	    3258	160.9	768	55.2	3.500
735	3.484	    3259	160.9	768	55.2	3.484
736	3.531	    3262	160.7	768	55.2	3.531
737	3.578	    3259	160.9	768	55.1	3.578
738	3.594	    3258	160.9	768	55.0	3.594
739	3.516	    3267	160.5	768	55.1	3.516
740	3.547	    3247	161.5	768	54.7	3.547
741	3.547	    3263	160.7	768	54.9	3.547
742	3.422	    3254	161.1	768	54.7	3.422
743	3.391	    3256	161.0	768	54.7	3.391
744	3.484	    3281	159.8	768	55.1	3.484
745	3.609	    3259	160.9	768	54.6	3.609
746	3.438	    3251	161.3	768	54.5	3.438
747	3.375	    3266	160.5	768	54.7	3.375
748	3.609	    3250	161.3	768	54.3	3.609
749	3.500	    3262	160.7	768	54.5	3.500
750	3.391	    3252	161.2	768	54.2	3.391
751	3.672	    3266	160.5	768	54.4	3.672
752	3.594	    3277	160.0	768	54.6	3.594
753	3.734	    3259	160.9	768	54.2	3.734
754	3.484	    3264	160.6	768	54.2	3.484
755	3.781	    3262	160.7	768	54.1	3.781
756	3.531	    3268	160.4	768	54.2	3.531
757	3.828	    3269	160.4	768	54.2	3.828
758	3.391	    3261	160.8	768	54.0	3.391
759	3.500	    3244	161.6	768	53.6	3.500
760	3.547	    3268	160.4	768	54.0	3.547
761	3.562	    3260	160.8	768	53.8	3.562
762	3.484	    3244	161.6	768	53.5	3.484
763	3.719	    3252	161.2	768	53.6	3.719
764	3.359	    3260	160.8	768	53.6	3.359
765	3.703	    3261	160.8	768	53.6	3.703
766	3.391	    3245	161.6	768	53.3	3.391
767	3.594	    3259	160.9	768	53.4	3.594
768	3.656	    3246	161.5	768	53.2	3.656
769	3.594	    3251	161.3	768	53.2	3.594
770	3.688	    3264	160.6	768	53.4	3.688
771	3.531	    3262	160.7	768	53.3	3.531
772	3.516	    3251	161.3	768	53.0	3.516
773	3.547	    3242	161.7	768	52.8	3.547
774	3.500	    3256	161.0	768	53.0	3.500
775	3.609	    3262	160.7	768	53.1	3.609
776	3.453	    3249	161.4	768	52.8	3.453
777	3.547	    3263	160.7	768	53.0	3.547
778	3.594	    3266	160.5	768	53.0	3.594
779	3.438	    3266	160.5	768	52.9	3.438
780	3.359	    3256	161.0	768	52.7	3.359
781	3.656	    3262	160.7	768	52.7	3.656
782	3.312	    3263	160.7	768	52.7	3.312
783	3.594	    3264	160.6	768	52.7	3.594
784	3.625	    3256	161.0	768	52.5	3.625
785	3.391	    3252	161.2	768	52.4	3.391
786	3.469	    3277	160.0	768	52.7	3.469
787	3.500	    3259	160.9	768	52.4	3.500
788	3.516	    3261	160.8	768	52.3	3.516
789	3.406	    3266	160.5	768	52.4	3.406
790	3.266	    3257	161.0	768	52.2	3.266
791	3.391	    3267	160.5	768	52.3	3.391
792	3.906	    3267	160.5	768	52.2	3.906
793	3.609	    3262	160.7	768	52.1	3.609
794	3.562	    3272	160.2	768	52.2	3.562
795	3.547	    3250	161.3	768	51.8	3.547
796	3.656	    3255	161.1	768	51.8	3.656
797	3.656	    3264	160.6	768	51.9	3.656
798	3.484	    3271	160.3	768	52.0	3.484
799	3.766	    3258	160.9	768	51.7	3.766
800	3.562	    3260	160.8	768	51.7	3.562
801	3.609	    3258	160.9	768	51.6	3.609
802	3.422	    3258	160.9	768	51.5	3.422
803	3.625	    3260	160.8	768	51.5	3.625
804	3.844	    3259	160.9	768	51.4	3.844
805	3.531	    3251	161.3	768	51.3	3.531
806	3.656	    3242	161.7	768	51.1	3.656
807	3.562	    3261	160.8	768	51.3	3.562
808	3.688	    3254	161.1	768	51.1	3.688
809	3.578	    3255	161.1	768	51.1	3.578
810	3.500	    3253	161.2	768	51.0	3.500
811	3.594	    3259	160.9	768	51.1	3.594
812	3.625	    3258	160.9	768	51.0	3.625
813	3.688	    3262	160.7	768	51.0	3.688
814	3.688	    3262	160.7	768	50.9	3.688
815	3.766	    3251	161.3	768	50.7	3.766
816	3.625	    3248	161.4	768	50.6	3.625
817	3.391	    3262	160.7	768	50.8	3.391
818	3.312	    3258	160.9	768	50.7	3.312
819	3.500	    3268	160.4	768	50.8	3.500
820	3.516	    3253	161.2	768	50.5	3.516
821	3.688	    3258	160.9	768	50.5	3.688
822	3.562	    3242	161.7	768	50.2	3.562
823	3.578	    3261	160.8	768	50.4	3.578
824	3.547	    3259	160.9	768	50.4	3.547
825	3.672	    3274	160.1	768	50.5	3.672
826	3.547	    3271	160.3	768	50.4	3.547
827	3.609	    3262	160.7	768	50.2	3.609
828	3.531	    3274	160.1	768	50.4	3.531
829	3.562	    3282	159.8	768	50.4	3.562
830	3.406	    3268	160.4	768	50.2	3.406
831	3.719	    3268	160.4	768	50.1	3.719
832	3.312	    3259	160.9	768	49.9	3.312
833	3.516	    3246	161.5	768	49.7	3.516
834	3.625	    3262	160.7	768	49.9	3.625
835	3.484	    3257	160.9	768	49.7	3.484
836	3.547	    3263	160.7	768	49.8	3.547
837	3.484	    3268	160.4	768	49.8	3.484
838	3.531	    3256	161.0	768	49.5	3.531
839	3.562	    3242	161.7	768	49.3	3.562
840	3.516	    3268	160.4	768	49.6	3.516
841	3.531	    3261	160.8	768	49.5	3.531
842	3.406	    3252	161.2	768	49.3	3.406
843	3.516	    3256	161.0	768	49.3	3.516
844	3.812	    3259	160.9	768	49.3	3.812
845	3.594	    3258	160.9	768	49.2	3.594
846	3.625	    3259	160.9	768	49.2	3.625
847	3.594	    3256	161.0	768	49.1	3.594
848	3.656	    3269	160.4	768	49.2	3.656
849	3.812	    3261	160.8	768	49.0	3.812
850	3.562	    3261	160.8	768	49.0	3.562
851	3.406	    3263	160.7	768	48.9	3.406
852	3.500	    3252	161.2	768	48.7	3.500
853	3.219	    3268	160.4	768	48.9	3.219
854	3.484	    3260	160.8	768	48.7	3.484
855	3.438	    3254	161.1	768	48.6	3.438
856	3.609	    3258	160.9	768	48.6	3.609
857	3.656	    3253	161.2	768	48.5	3.656
858	3.656	    3250	161.3	768	48.4	3.656
859	3.844	    3262	160.7	768	48.5	3.844
860	3.531	    3242	161.7	768	48.1	3.531
861	3.703	    3274	160.1	768	48.6	3.703
862	3.609	    3240	161.8	768	48.0	3.609
863	3.500	    3255	161.1	768	48.2	3.500
864	3.438	    3253	161.2	768	48.1	3.438
865	3.781	    3253	161.2	768	48.0	3.781
866	3.594	    3269	160.4	768	48.2	3.594
867	3.344	    3249	161.4	768	47.9	3.344
868	3.656	    3250	161.3	768	47.8	3.656
869	3.500	    3249	161.4	768	47.8	3.500
870	3.438	    3248	161.4	768	47.7	3.438
871	3.344	    3254	161.1	768	47.7	3.344
872	3.484	    3276	160.1	768	48.0	3.484
873	3.484	    3269	160.4	768	47.8	3.484
874	3.250	    3267	160.5	768	47.8	3.250
875	3.328	    3271	160.3	768	47.8	3.328
876	3.344	    3325	157.7	1024	48.5	3.344
877	3.438	    3317	158.1	1024	48.3	3.438
878	3.391	    3335	157.2	1024	48.5	3.391
879	3.359	    3340	157.0	1024	48.5	3.359
880	3.438	    3321	157.9	1024	48.2	3.438
881	3.359	    3330	157.5	1024	48.3	3.359
882	3.625	    3345	156.7	1024	48.5	3.625
883	3.438	    3344	156.8	1024	48.4	3.438
884	3.500	    3335	157.2	1024	48.2	3.500
885	3.719	    3332	157.3	1024	48.1	3.719
886	3.641	    3358	156.1	1024	48.4	3.641
887	3.594	    3343	156.8	1024	48.1	3.594
888	3.672	    3367	155.7	1024	48.4	3.672
889	3.672	    3369	155.6	1024	48.4	3.672
890	3.422	    3352	156.4	1024	48.1	3.422
891	3.391	    3327	157.6	1024	47.7	3.391
892	3.594	    3360	156.1	1024	48.1	3.594
893	3.500	    3351	156.4	1024	47.9	3.500
894	3.656	    3333	157.3	1024	47.6	3.656
895	3.453	    3329	157.5	1024	47.5	3.453
896	3.719	    3333	157.3	1024	47.5	3.719
897	4.344	    3360	156.0	1024	47.8	4.344
898	3.531	    3319	157.9	1024	47.2	3.531
899	3.578	    3297	159.0	1024	46.8	3.578
900	3.312	    3327	157.6	1024	47.2	3.312
901	3.453	    3342	156.9	1024	47.3	3.453
902	3.562	    3325	157.7	1024	47.0	3.562
903	3.625	    3373	155.5	1024	47.7	3.625
904	3.578	    3309	158.5	1024	46.7	3.578
905	3.547	    3330	157.4	1024	47.0	3.547
906	3.516	    3356	156.2	1024	47.3	3.516
907	3.609	    3332	157.4	1024	46.9	3.609
908	3.547	    3292	159.3	1024	46.3	3.547
909	3.453	    3299	158.9	1024	46.3	3.453
910	3.500	    3333	157.3	1024	46.7	3.500
911	3.688	    3316	158.1	1024	46.4	3.688
912	3.609	    3349	156.5	1024	46.8	3.609
913	3.406	    3323	157.8	1024	46.4	3.406
914	3.609	    3366	155.8	1024	47.0	3.609
915	3.438	    3324	157.7	1024	46.3	3.438
916	3.422	    3322	157.8	1024	46.2	3.422
917	3.438	    3328	157.5	1024	46.3	3.438
918	3.516	    3305	158.6	1024	45.9	3.516
919	3.531	    3333	157.3	1024	46.2	3.531
920	3.344	    3314	158.2	1024	45.9	3.344
921	3.484	    3351	156.5	1024	46.4	3.484
922	3.516	    3344	156.8	1024	46.2	3.516
923	3.641	    3346	156.7	1024	46.2	3.641
924	3.484	    3322	157.8	1024	45.8	3.484
925	3.391	    3322	157.8	1024	45.7	3.391
926	3.328	    3365	155.8	1024	46.3	3.328
927	3.531	    3323	157.8	1024	45.6	3.531
928	3.344	    3308	158.5	1024	45.4	3.344
929	3.234	    3338	157.1	1024	45.7	3.234
930	3.438	    3313	158.2	1024	45.3	3.438
931	3.516	    3343	156.8	1024	45.7	3.516
932	3.391	    3324	157.7	1024	45.4	3.391
933	3.547	    3348	156.6	1024	45.6	3.547
934	3.406	    3325	157.7	1024	45.3	3.406
935	3.641	    3336	157.2	1024	45.4	3.641
936	3.422	    3322	157.8	1024	45.1	3.422
937	3.688	    3350	156.5	1024	45.4	3.688
938	3.531	    3354	156.3	1024	45.4	3.531
939	3.594	    3343	156.8	1024	45.2	3.594
940	3.547	    3318	158.0	1024	44.8	3.547
941	3.391	    3345	156.7	1024	45.2	3.391
942	3.438	    3312	158.3	1024	44.7	3.438
943	3.516	    3328	157.6	1024	44.8	3.516
944	3.609	    3333	157.3	1024	44.8	3.609
945	3.453	    3322	157.8	1024	44.6	3.453
946	3.578	    3312	158.3	1024	44.4	3.578
947	3.562	    3343	156.8	1024	44.8	3.562
948	3.703	    3372	155.5	1024	45.1	3.703
949	3.547	    3323	157.8	1024	44.4	3.547
950	3.516	    3314	158.2	1024	44.2	3.516
951	3.484	    3324	157.7	1024	44.3	3.484
952	3.531	    3305	158.7	1024	44.0	3.531
953	3.516	    3342	156.9	1024	44.4	3.516
954	3.562	    3314	158.2	1024	44.0	3.562
955	3.469	    3325	157.7	1024	44.1	3.469
956	3.500	    3315	158.2	1024	43.9	3.500
957	3.422	    3325	157.7	1024	44.0	3.422
958	3.516	    3305	158.6	1024	43.7	3.516
959	3.453	    3321	157.9	1024	43.8	3.453
960	3.938	    3307	158.5	1024	43.6	3.938
961	3.562	    3304	158.7	1024	43.5	3.562
962	3.719	    3311	158.3	1024	43.5	3.719
963	3.578	    3332	157.3	1024	43.8	3.578
964	3.453	    3296	159.1	1024	43.2	3.453
965	3.516	    3331	157.4	1024	43.6	3.516
966	3.328	    3332	157.3	1024	43.6	3.328
967	3.422	    3339	157.0	1024	43.6	3.422
968	3.594	    3350	156.5	1024	43.7	3.594
969	3.500	    3356	156.2	1024	43.7	3.500
970	3.266	    3336	157.2	1024	43.4	3.266
971	3.359	    3329	157.5	1024	43.3	3.359
972	3.438	    3331	157.4	1024	43.2	3.438
973	3.828	    3333	157.3	1024	43.2	3.828
974	3.219	    3341	156.9	1024	43.3	3.219
975	3.469	    3335	157.2	1024	43.1	3.469
976	3.484	    3323	157.8	1024	42.9	3.484
977	3.422	    3309	158.5	1024	42.7	3.422
978	3.609	    3320	157.9	1024	42.8	3.609
979	3.484	    3328	157.5	1024	42.8	3.484
980	3.578	    3317	158.1	1024	42.6	3.578
981	3.500	    3322	157.8	1024	42.6	3.500
982	3.422	    3310	158.4	1024	42.4	3.422
983	3.578	    3337	157.1	1024	42.7	3.578
984	3.453	    3323	157.8	1024	42.5	3.453
985	3.672	    3313	158.3	1024	42.3	3.672
986	3.422	    3313	158.2	1024	42.2	3.422
987	3.391	    3318	158.0	1024	42.3	3.391
988	3.812	    3320	157.9	1024	42.2	3.812
989	3.688	    3329	157.5	1024	42.3	3.688
990	3.609	    3332	157.3	1024	42.3	3.609
991	3.641	    3337	157.1	1024	42.3	3.641
992	3.281	    3314	158.2	1024	41.9	3.281
993	3.609	    3336	157.2	1024	42.1	3.609
994	3.641	    3325	157.7	1024	42.0	3.641
995	3.562	    3338	157.1	1024	42.1	3.562
996	3.625	    3324	157.7	1024	41.8	3.625
997	3.406	    3324	157.7	1024	41.8	3.406
998	3.453	    3320	157.9	1024	41.7	3.453
999	3.516	    3312	158.3	1024	41.5	3.516
1000	3.391	    3312	158.3	1024	41.4	3.391
1001	3.406	    3321	157.9	1024	41.5	3.406
1002	3.453	    3333	157.3	1024	41.6	3.453
1003	3.719	    3340	157.0	1024	41.6	3.719
1004	3.328	    3320	157.9	1024	41.3	3.328
1005	3.469	    3313	158.2	1024	41.2	3.469
1006	3.578	    3296	159.0	1024	40.9	3.578
1007	3.578	    3315	158.2	1024	41.1	3.578
1008	3.578	    3323	157.8	1024	41.2	3.578
1009	3.516	    3323	157.8	1024	41.1	3.516
1010	3.516	    3346	156.7	1024	41.3	3.516
1011	3.266	    3328	157.5	1024	41.0	3.266
1012	3.203	    3336	157.2	1024	41.1	3.203
1013	3.391	    3334	157.2	1024	41.0	3.391
1014	3.328	    3327	157.6	1024	40.9	3.328
1015	3.438	    3326	157.6	1024	40.8	3.438
1016	3.516	    3341	156.9	1024	40.9	3.516
1017	3.438	    3336	157.2	1024	40.8	3.438
1018	3.344	    3329	157.5	1024	40.7	3.344
1019	3.312	    3339	157.0	1024	40.7	3.312
1020	3.453	    3319	158.0	1024	40.4	3.453
1021	3.312	    3319	158.0	1024	40.4	3.312
1022	3.359	    3329	157.5	1024	40.5	3.359
1023	3.500	    3352	156.4	1024	40.7	3.500
1024	3.438	    3328	157.5	1024	40.3	3.438
1025	3.516	    3322	157.8	1024	40.2	3.516
1026	3.750	    3344	156.8	1024	40.4	3.750
1027	3.547	    3336	157.2	1024	40.3	3.547
1028	3.562	    3296	159.1	1024	39.7	3.562
1029	3.578	    3343	156.8	1024	40.2	3.578
1030	3.594	    3330	157.5	1024	40.0	3.594
1031	3.328	    3304	158.7	1024	39.6	3.328
1032	3.516	    3346	156.7	1024	40.1	3.516
1033	3.453	    3309	158.5	1024	39.6	3.453
1034	3.484	    3315	158.2	1024	39.6	3.484
1035	3.641	    3320	157.9	1024	39.6	3.641
1036	3.438	    3329	157.5	1024	39.7	3.438
1037	3.422	    3317	158.1	1024	39.5	3.422
1038	3.453	    3281	159.8	1024	39.0	3.453
1039	3.484	    3319	158.0	1024	39.4	3.484
1040	3.641	    3343	156.8	1024	39.6	3.641
1041	3.578	    3332	157.3	1024	39.4	3.578
1042	3.516	    3347	156.6	1024	39.6	3.516
1043	3.547	    3315	158.1	1024	39.1	3.547
1044	3.531	    3301	158.8	1024	38.9	3.531
1045	3.578	    3387	154.8	1024	39.9	3.578
1046	3.359	    3347	156.6	1024	39.3	3.359
1047	3.375	    3312	158.3	1024	38.9	3.375
1048	3.484	    3312	158.3	1024	38.8	3.484
1049	3.547	    3321	157.9	1024	38.9	3.547
1050	3.828	    3320	157.9	1024	38.8	3.828
1051	3.406	    3348	156.6	1024	39.1	3.406
1052	3.453	    3309	158.5	1024	38.5	3.453
1053	3.469	    3316	158.1	1024	38.6	3.469
1054	3.672	    3312	158.3	1024	38.5	3.672
1055	3.344	    3305	158.6	1024	38.3	3.344
1056	3.328	    3333	157.3	1024	38.6	3.328
1057	3.266	    3307	158.5	1024	38.3	3.266
1058	3.328	    3360	156.0	1024	38.8	3.328
1059	3.344	    3310	158.4	1024	38.2	3.344
1060	3.266	    3332	157.3	1024	38.4	3.266
1061	3.469	    3326	157.6	1024	38.3	3.469
1062	3.219	    3325	157.7	1024	38.2	3.219
1063	3.312	    3340	157.0	1024	38.3	3.312
1064	3.484	    3341	156.9	1024	38.3	3.484
1065	3.312	    3340	157.0	1024	38.2	3.312
1066	3.469	    3341	156.9	1024	38.1	3.469
1067	3.375	    3333	157.3	1024	38.0	3.375
1068	3.453	    3383	155.0	1024	38.5	3.453
1069	3.469	    3324	157.7	1024	37.8	3.469
1070	4.125	    3361	156.0	1024	38.2	4.125
1071	3.969	    3347	156.6	1024	37.9	3.969
1072	3.500	    3343	156.8	1024	37.8	3.500
1073	3.469	    3336	157.1	1024	37.7	3.469
1074	3.500	    3304	158.7	1024	37.3	3.500
1075	3.719	    3334	157.2	1024	37.6	3.719
1076	3.391	    3336	157.1	1024	37.5	3.391
1077	3.484	    3366	155.8	1024	37.8	3.484
1078	3.406	    3335	157.2	1024	37.4	3.406
1079	3.719	    3325	157.7	1024	37.2	3.719
1080	3.516	    3341	156.9	1024	37.4	3.516
1081	3.547	    3317	158.1	1024	37.0	3.547
1082	3.531	    3335	157.2	1024	37.2	3.531
1083	3.719	    3324	157.7	1024	37.0	3.719
1084	3.562	    3313	158.3	1024	36.8	3.562
1085	3.562	    3297	159.0	1024	36.6	3.562
1086	3.469	    3316	158.1	1024	36.8	3.469
1087	3.516	    3295	159.1	1024	36.5	3.516
1088	3.875	    3320	157.9	1024	36.7	3.875
1089	3.531	    3305	158.6	1024	36.5	3.531
1090	3.484	    3341	156.9	1024	36.8	3.484
1091	3.422	    3285	159.6	1024	36.1	3.422
1092	3.547	    3300	158.9	1024	36.2	3.547
1093	3.656	    3314	158.2	1024	36.3	3.656
1094	3.594	    3315	158.1	1024	36.3	3.594
1095	3.281	    3325	157.7	1024	36.3	3.281
1096	3.500	    3320	157.9	1024	36.2	3.500
1097	3.500	    3317	158.1	1024	36.2	3.500
1098	3.531	    3301	158.8	1024	35.9	3.531
1099	3.594	    3331	157.4	1024	36.2	3.594
1100	3.516	    3316	158.1	1024	36.0	3.516
1101	3.453	    3318	158.0	1024	35.9	3.453
1102	3.500	    3335	157.2	1024	36.1	3.500
1103	3.500	    3322	157.8	1024	35.9	3.500
1104	3.234	    3326	157.6	1024	35.9	3.234
1105	3.406	    3344	156.8	1024	36.0	3.406
1106	3.359	    3335	157.2	1024	35.8	3.359
1107	3.266	    3333	157.3	1024	35.8	3.266
1108	3.203	    3343	156.8	1024	35.8	3.203
1109	3.344	    3333	157.3	1024	35.7	3.344
1110	3.250	    3325	157.7	1024	35.5	3.250
1111	3.469	    3309	158.4	1024	35.3	3.469
1112	3.156	    3323	157.8	1024	35.4	3.156
1113	3.297	    3325	157.7	1024	35.4	3.297
1114	3.625	    3342	156.9	1024	35.5	3.625
1115	3.531	    3316	158.1	1024	35.1	3.531
1116	3.656	    3337	157.1	1024	35.3	3.656
1117	3.359	    3306	158.6	1024	34.9	3.359
1118	3.641	    3317	158.1	1024	35.0	3.641
1119	3.375	    3340	157.0	1024	35.2	3.375
1120	3.375	    3326	157.6	1024	35.0	3.375
1121	3.547	    3362	155.9	1024	35.3	3.547
1122	3.719	    3324	157.7	1024	34.8	3.719
1123	3.422	    4003	131.0	1024	41.9	3.422
1124	3.375	    3343	156.8	1024	34.9	3.375
1125	3.531	    3352	156.4	1024	35.0	3.531
1126	3.547	    3334	157.2	1024	34.7	3.547
1127	3.734	    3336	157.2	1024	34.7	3.734
1128	3.469	    3331	157.4	1024	34.6	3.469
1129	3.531	    3318	158.0	1024	34.4	3.531
1130	3.531	    3335	157.2	1024	34.5	3.531
1131	3.531	    3328	157.5	1024	34.4	3.531
1132	3.516	    3323	157.8	1024	34.3	3.516
1133	3.531	    3307	158.5	1024	34.1	3.531
1134	3.438	    3303	158.7	1024	34.0	3.438
1135	3.500	    3346	156.7	1024	34.3	3.500
1136	3.438	    3319	157.9	1024	34.0	3.438
1137	3.391	    3346	156.7	1024	34.2	3.391
1138	3.406	    3315	158.2	1024	33.9	3.406
1139	3.328	    3368	155.7	1024	34.4	3.328
1140	3.484	    3340	157.0	1024	34.0	3.484
1141	3.391	    3318	158.0	1024	33.7	3.391
1142	3.438	    3310	158.4	1024	33.6	3.438
1143	3.359	    3318	158.0	1024	33.6	3.359
1144	3.406	    3321	157.9	1024	33.6	3.406
1145	3.500	    3317	158.1	1024	33.5	3.500
1146	3.438	    3344	156.8	1024	33.7	3.438
1147	3.453	    3305	158.6	1024	33.3	3.453
1148	3.453	    3370	155.6	1024	33.9	3.453
1149	3.359	    3359	156.1	1024	33.7	3.359
1150	3.391	    3310	158.4	1024	33.2	3.391
1151	3.328	    3324	157.7	1024	33.2	3.328
1152	3.406	    3353	156.4	1024	33.5	3.406
1153	3.516	    3338	157.0	1024	33.3	3.516
1154	3.125	    3337	157.1	1024	33.2	3.125
1155	3.438	    3336	157.1	1024	33.1	3.438
1156	3.281	    3326	157.7	1024	33.0	3.281
1157	3.453	    3340	157.0	1024	33.1	3.453
1158	3.250	    3331	157.4	1024	32.9	3.250
1159	3.438	    3334	157.3	1024	32.9	3.438
1160	3.422	    3334	157.2	1024	32.8	3.422
1161	3.422	    3334	157.3	1024	32.8	3.422
1162	3.500	    3337	157.1	1024	32.8	3.500
1163	3.547	    3340	157.0	1024	32.7	3.547
1164	3.438	    3332	157.3	1024	32.6	3.438
1165	3.422	    3359	156.1	1024	32.8	3.422
1166	3.859	    3334	157.2	1024	32.5	3.859
1167	3.453	    3322	157.8	1024	32.3	3.453
1168	3.578	    3390	154.7	1280	32.9	3.578
1169	3.344	    3385	154.9	1280	32.8	3.344
1170	3.328	    3356	156.2	1280	32.5	3.328
1171	3.328	    3362	155.9	1280	32.5	3.328
1172	3.594	    3394	154.5	1280	32.8	3.594
1173	3.453	    3323	157.8	1280	32.0	3.453
1174	3.469	    3419	153.3	1280	32.9	3.469
1175	3.453	    3384	154.9	1280	32.5	3.453
1176	3.250	    3378	155.2	1280	32.4	3.250
1177	3.562	    3386	154.8	1280	32.4	3.562
1178	3.375	    3342	156.9	1280	31.9	3.375
1179	3.547	    3377	155.3	1280	32.2	3.547
1180	3.188	    3392	154.6	1280	32.3	3.188
1181	3.484	    3368	155.7	1280	32.0	3.484
1182	3.359	    3385	154.9	1280	32.1	3.359
1183	3.469	    3378	155.2	1280	32.0	3.469
1184	3.516	    3361	156.0	1280	31.8	3.516
1185	3.578	    3382	155.0	1280	31.9	3.578
1186	3.547	    3376	155.3	1280	31.8	3.547
1187	3.469	    3387	154.8	1280	31.8	3.469
1188	3.203	    3386	154.8	1280	31.8	3.203
1189	3.453	    3408	153.8	1280	31.9	3.453
1190	3.359	    3386	154.8	1280	31.7	3.359
1191	3.391	    3399	154.2	1280	31.7	3.391
1192	3.328	    3353	156.4	1280	31.2	3.328
1193	3.438	    3406	153.9	1280	31.7	3.438
1194	3.422	    3381	155.1	1280	31.4	3.422
1195	3.156	    3383	155.0	1280	31.4	3.156
1196	3.312	    3379	155.2	1280	31.3	3.312
1197	3.266	    3376	155.3	1280	31.2	3.266
1198	3.203	    3380	155.1	1280	31.2	3.203
1199	3.344	    3400	154.2	1280	31.3	3.344
1200	3.469	    3382	155.0	1280	31.1	3.469
1201	3.391	    3427	153.0	1280	31.4	3.391
1202	3.281	    3350	156.5	1280	30.7	3.281
1203	3.219	    3400	154.2	1280	31.1	3.219
1204	3.031	    3405	154.0	1280	31.0	3.031
1205	3.234	    3398	154.3	1280	30.9	3.234
1206	3.328	    3379	155.2	1280	30.7	3.328
1207	3.938	    3390	154.7	1280	30.7	3.938
1208	3.625	    3375	155.4	1280	30.5	3.625
1209	3.500	    3376	155.3	1280	30.5	3.500
1210	3.328	    3389	154.7	1280	30.6	3.328
1211	3.500	    3411	153.7	1280	30.7	3.500
1212	3.625	    3381	155.1	1280	30.4	3.625
1213	3.531	    3403	154.1	1280	30.5	3.531
1214	3.469	    3359	156.1	1280	30.1	3.469
1215	3.312	    3395	154.4	1280	30.3	3.312
1216	3.484	    3417	153.4	1280	30.5	3.484
1217	3.391	    3371	155.5	1280	30.0	3.391
1218	3.344	    3383	155.0	1280	30.1	3.344
1219	3.359	    3393	154.5	1280	30.1	3.359
1220	3.438	    3361	156.0	1280	29.7	3.438
1221	3.500	    3361	156.0	1280	29.7	3.500
1222	3.734	    3402	154.1	1280	30.0	3.734
1223	3.688	    3379	155.2	1280	29.7	3.688
1224	3.312	    3384	154.9	1280	29.7	3.312
1225	3.484	    3378	155.2	1280	29.6	3.484
1226	3.516	    3380	155.1	1280	29.6	3.516
1227	3.469	    3395	154.4	1280	29.6	3.469
1228	3.141	    3341	156.9	1280	29.1	3.141
1229	3.359	    3370	155.6	1280	29.3	3.359
1230	3.500	    3362	155.9	1280	29.2	3.500
1231	3.406	    3352	156.4	1280	29.0	3.406
1232	3.281	    3403	154.1	1280	29.4	3.281
1233	3.469	    3383	155.0	1280	29.2	3.469
1234	3.422	    3403	154.0	1280	29.3	3.422
1235	3.344	    3387	154.8	1280	29.1	3.344
1236	3.531	    3383	155.0	1280	29.0	3.531
1237	3.422	    3393	154.5	1280	29.1	3.422
1238	3.297	    3419	153.3	1280	29.2	3.297
1239	3.438	    3367	155.7	1280	28.7	3.438
1240	3.312	    3387	154.8	1280	28.8	3.312
1241	3.156	    3369	155.6	1280	28.6	3.156
1242	3.109	    3383	155.0	1280	28.7	3.109
1243	3.031	    3388	154.7	1280	28.7	3.031
1244	3.391	    3374	155.4	1280	28.5	3.391
1245	3.172	    3426	153.0	1280	28.9	3.172
1246	3.266	    3371	155.5	1280	28.4	3.266
1247	3.406	    3400	154.2	1280	28.6	3.406
1248	3.188	    3427	153.0	1280	28.7	3.188
1249	3.469	    3432	152.8	1280	28.7	3.469
1250	3.141	    3372	155.5	1280	28.2	3.141
1251	3.266	    3411	153.7	1280	28.4	3.266
1252	3.453	    3370	155.6	1280	28.0	3.453
1253	3.688	    3430	152.9	1280	28.5	3.688
1254	3.438	    3432	152.8	1280	28.4	3.438
1255	3.422	    3432	152.7	1280	28.4	3.422
1256	3.484	    3369	155.6	1280	27.8	3.484
1257	3.219	    3390	154.6	1280	27.9	3.219
1258	3.359	    3438	152.5	1280	28.2	3.359
1259	3.312	    3371	155.5	1280	27.6	3.312
1260	3.375	    3382	155.0	1280	27.7	3.375
1261	3.312	    3436	152.6	1280	28.1	3.312
1262	3.391	    3362	155.9	1280	27.4	3.391
1263	3.344	    3342	156.9	1280	27.2	3.344
1264	3.234	    3356	156.2	1280	27.2	3.234
1265	3.391	    3409	153.8	1280	27.6	3.391
1266	3.500	    3395	154.4	1280	27.4	3.500
1267	3.531	    3364	155.9	1280	27.1	3.531
1268	3.516	    3357	156.2	1280	27.0	3.516
1269	3.438	    3396	154.4	1280	27.3	3.438
1270	3.219	    3376	155.3	1280	27.1	3.219
1271	3.469	    3327	157.6	1280	26.6	3.469
1272	3.453	    3355	156.3	1280	26.8	3.453
1273	3.531	    3403	154.1	1280	27.1	3.531
1274	3.453	    3363	155.9	1280	26.7	3.453
1275	3.484	    3392	154.6	1280	26.9	3.484
1276	3.312	    3420	153.3	1280	27.1	3.312
1277	4.031	    3409	153.8	1280	26.9	4.031
1278	3.531	    3365	155.8	1280	26.5	3.531
1279	3.562	    3357	156.2	1280	26.4	3.562
1280	3.422	    3338	157.1	1280	26.2	3.422
1281	3.422	    3359	156.1	1280	26.3	3.422
1282	3.469	    3410	153.8	1280	26.7	3.469
1283	3.297	    3410	153.8	1280	26.6	3.297
1284	3.516	    3404	154.0	1280	26.5	3.516
1285	3.250	    3362	156.0	1280	26.1	3.250
1286	3.266	    3389	154.7	1280	26.3	3.266
1287	3.109	    3423	153.2	1280	26.5	3.109
1288	3.234	    3373	155.4	1280	26.0	3.234
1289	3.062	    3397	154.3	1280	26.2	3.062
1290	3.516	    3349	156.5	1280	25.7	3.516
1291	3.250	    3383	155.0	1280	25.9	3.250
1292	3.125	    3379	155.2	1280	25.8	3.125
1293	3.141	    3377	155.2	1280	25.8	3.141
1294	3.281	    3453	151.8	1280	26.3	3.281
1295	3.172	    3418	153.4	1280	26.0	3.172
1296	3.359	    3357	156.2	1280	25.5	3.359
1297	3.188	    3385	154.9	1280	25.6	3.188
1298	3.031	    3398	154.3	1280	25.7	3.031
1299	3.203	    3417	153.5	1280	25.7	3.203
1300	3.438	    3396	154.4	1280	25.5	3.438
1301	3.406	    3377	155.3	1280	25.3	3.406
1302	3.344	    3416	153.5	1280	25.6	3.344
1303	3.344	    3407	153.9	1280	25.4	3.344
1304	3.172	    3378	155.2	1280	25.2	3.172
1305	3.359	    3469	151.1	1280	25.8	3.359
1306	3.344	    3445	152.2	1280	25.6	3.344
1307	3.312	    3349	156.6	1280	24.8	3.312
1308	3.172	    3439	152.4	1280	25.4	3.172
1309	3.516	    3396	154.4	1280	25.0	3.516
1310	3.391	    3385	154.9	1280	24.9	3.391
1311	3.516	    3374	155.4	1280	24.7	3.516
1312	3.234	    3335	157.2	1280	24.4	3.234
1313	3.484	    3374	155.4	1280	24.6	3.484
1314	3.422	    3368	155.7	1280	24.5	3.422
1315	3.391	    3369	155.6	1280	24.5	3.391
1316	3.234	    3370	155.6	1280	24.4	3.234
1317	3.500	    3368	155.7	1280	24.4	3.500
1318	3.328	    3356	156.2	1280	24.2	3.328
1319	3.375	    3422	153.2	1280	24.6	3.375
1320	3.297	    3372	155.5	1280	24.2	3.297
1321	3.469	    3373	155.4	1280	24.2	3.469
1322	3.266	    3333	157.3	1280	23.8	3.266
1323	3.297	    3382	155.0	1280	24.1	3.297
1324	3.281	    3355	156.3	1280	23.9	3.281
1325	3.328	    3390	154.7	1280	24.1	3.328
1326	3.391	    3395	154.4	1280	24.1	3.391
1327	3.469	    3390	154.6	1280	24.0	3.469
1328	3.250	    3370	155.6	1280	23.8	3.250
1329	3.531	    3380	155.1	1280	23.8	3.531
1330	3.297	    3384	154.9	1280	23.7	3.297
1331	3.500	    3405	154.0	1280	23.8	3.500
1332	3.406	    3360	156.0	1280	23.5	3.406
1333	3.188	    3425	153.1	1280	23.9	3.188
1334	3.047	    3387	154.8	1280	23.5	3.047
1335	3.141	    3391	154.6	1280	23.5	3.141
1336	3.266	    3378	155.2	1280	23.4	3.266
1337	3.172	    3394	154.5	1280	23.4	3.172
1338	3.359	    3360	156.0	1280	23.1	3.359
1339	3.328	    3437	152.6	1280	23.6	3.328
1340	3.188	    3369	155.6	1280	23.1	3.188
1341	3.297	    3357	156.2	1280	22.9	3.297
1342	3.125	    3383	155.0	1280	23.1	3.125
1343	2.891	    3376	155.3	1280	23.0	2.891
1344	3.438	    3427	153.0	1280	23.2	3.438
1345	3.328	    3391	154.6	1280	22.9	3.328
1346	3.000	    3400	154.2	1280	22.9	3.000
1347	3.203	    3397	154.3	1280	22.9	3.203
1348	3.375	    3375	155.3	1280	22.7	3.375
1349	3.344	    3410	153.7	1280	22.8	3.344
1350	3.500	    3377	155.3	1280	22.6	3.500
1351	3.281	    3380	155.1	1280	22.5	3.281
1352	3.203	    3374	155.4	1280	22.4	3.203
1353	3.406	    3368	155.7	1280	22.3	3.406
1354	3.250	    3393	154.5	1280	22.4	3.250
1355	3.188	    3400	154.2	1280	22.4	3.188
1356	3.344	    3358	156.1	1280	22.1	3.344
1357	3.141	    3437	152.5	1280	22.6	3.141
1358	3.406	    3343	156.9	1280	21.9	3.406
1359	3.344	    3368	155.7	1280	22.0	3.344
1360	3.312	    3408	153.9	1280	22.2	3.312
1361	3.359	    3367	155.7	1280	21.9	3.359
1362	3.250	    3360	156.0	1280	21.8	3.250
1363	3.438	    3384	154.9	1280	21.9	3.438
1364	3.406	    3377	155.2	1280	21.8	3.406
1365	3.438	    3411	153.7	1280	21.9	3.438
1366	3.406	    3410	153.8	1280	21.9	3.406
1367	3.391	    3362	156.0	1280	21.5	3.391
1368	3.234	    3346	156.7	1280	21.4	3.234
1369	3.281	    3347	156.6	1280	21.3	3.281
1370	3.281	    3405	154.0	1280	21.6	3.281
1371	3.250	    3363	155.9	1280	21.3	3.250
1372	3.297	    3352	156.4	1280	21.2	3.297
1373	3.344	    3433	152.7	1280	21.6	3.344
1374	3.188	    3404	154.0	1280	21.4	3.188
1375	3.281	    3342	156.9	1280	20.9	3.281
1376	2.969	    3388	154.7	1280	21.2	2.969
1377	3.438	    3368	155.7	1280	21.0	3.438
1378	3.344	    3356	156.2	1280	20.9	3.344
1379	3.297	    3374	155.4	1280	20.9	3.297
1380	2.953	    3398	154.3	1280	21.0	2.953
1381	3.047	    3374	155.4	1280	20.8	3.047
1382	3.031	    3388	154.7	1280	20.8	3.031
1383	3.281	    3357	156.2	1280	20.6	3.281
1384	3.281	    3387	154.8	1280	20.7	3.281
1385	3.078	    3366	155.8	1280	20.5	3.078
1386	3.344	    3373	155.4	1280	20.5	3.344
1387	3.250	    3385	154.9	1280	20.5	3.250
1388	3.641	    3416	153.5	1280	20.7	3.641
1389	3.172	    3375	155.4	1280	20.4	3.172
1390	3.094	    3429	152.9	1280	20.6	3.094
1391	3.062	    3371	155.5	1280	20.2	3.062
1392	3.859	    3393	154.5	1280	20.3	3.859
1393	3.359	    3385	154.9	1280	20.2	3.359
1394	3.406	    3393	154.5	1280	20.2	3.406
1395	3.219	    3411	153.7	1280	20.2	3.219
1396	3.312	    3421	153.3	1280	20.2	3.312
1397	3.375	    3437	152.5	1280	20.3	3.375
1398	3.266	    3364	155.9	1280	19.8	3.266
1399	3.453	    3378	155.2	1280	19.8	3.453
1400	3.125	    3391	154.6	1280	19.8	3.125
1401	3.375	    3433	152.7	1280	20.0	3.375
1402	3.234	    3400	154.2	1280	19.8	3.234
1403	3.141	    3390	154.7	1280	19.7	3.141
1404	3.344	    3357	156.2	1280	19.4	3.344
1405	3.141	    3370	155.6	1280	19.4	3.141
1406	3.219	    3354	156.3	1280	19.3	3.219
1407	3.625	    3371	155.5	1280	19.3	3.625
1408	3.594	    3345	156.7	1280	19.1	3.594
1409	3.312	    3370	155.6	1280	19.2	3.312
1410	3.266	    3358	156.1	1280	19.1	3.266
1411	3.328	    3419	153.3	1280	19.4	3.328
1412	3.188	    3351	156.4	1280	18.9	3.188
1413	3.312	    3365	155.8	1280	19.0	3.312
1414	3.234	    3347	156.6	1280	18.8	3.234
1415	3.391	    3421	153.2	1280	19.2	3.391
1416	3.156	    3353	156.3	1280	18.7	3.156
1417	3.234	    3370	155.6	1280	18.8	3.234
1418	3.141	    3350	156.5	1280	18.6	3.141
1419	3.219	    3392	154.6	1280	18.8	3.219
1420	3.328	    3368	155.7	1280	18.6	3.328
1421	3.375	    3374	155.4	1280	18.6	3.375
1422	3.203	    3373	155.4	1280	18.5	3.203
1423	3.312	    3391	154.6	1280	18.5	3.312
1424	3.203	    3392	154.6	1280	18.5	3.203
1425	3.281	    3364	155.8	1280	18.3	3.281
1426	3.234	    3397	154.3	1280	18.4	3.234
1427	3.125	    3375	155.3	1280	18.2	3.125
1428	3.188	    3363	155.9	1280	18.1	3.188
1429	3.203	    3385	154.9	1280	18.2	3.203
1430	2.984	    3385	154.9	1280	18.1	2.984
1431	3.297	    3384	154.9	1280	18.1	3.297
1432	3.453	    3386	154.8	1280	18.0	3.453
1433	3.203	    3398	154.3	1280	18.0	3.203
1434	3.500	    3411	153.7	1280	18.0	3.500
1435	3.312	    3384	154.9	1280	17.8	3.312
1436	3.156	    3393	154.5	1280	17.8	3.156
1437	3.125	    3414	153.6	1280	17.9	3.125
1438	3.125	    3454	151.8	1280	18.0	3.125
1439	3.094	    3391	154.6	1280	17.6	3.094
1440	3.609	    3372	155.5	1280	17.5	3.609
1441	3.203	    3382	155.0	1280	17.5	3.203
1442	3.438	    3390	154.7	1280	17.5	3.438
1443	3.375	    3400	154.2	1280	17.5	3.375
1444	3.359	    3414	153.6	1280	17.5	3.359
1445	3.031	    3397	154.3	1280	17.3	3.031
1446	3.297	    3388	154.7	1280	17.2	3.297
1447	3.438	    3390	154.7	1280	17.2	3.438
1448	3.250	    3384	154.9	1280	17.1	3.250
1449	3.297	    3374	155.4	1280	17.0	3.297
1450	3.406	    3438	152.5	1280	17.2	3.406
1451	3.312	    3374	155.4	1280	16.9	3.312
1452	3.109	    3398	154.3	1280	16.9	3.109
1453	3.547	    3400	154.2	1280	16.9	3.547
1454	3.359	    3373	155.4	1280	16.7	3.359
1455	3.406	    3370	155.6	1280	16.6	3.406
1456	3.672	    3399	154.2	1280	16.7	3.672
1457	3.312	    3359	156.1	1280	16.5	3.312
1458	3.266	    3395	154.4	1280	16.6	3.266
1459	3.125	    3341	156.9	1280	16.3	3.125
1460	3.281	    3442	152.3	1536	16.7	3.281
1461	3.266	    3394	154.5	1536	16.4	3.266
1462	3.281	    3406	153.9	1536	16.4	3.281
1463	3.359	    3385	154.9	1536	16.2	3.359
1464	3.250	    3384	154.9	1536	16.2	3.250
1465	3.234	    3431	152.8	1536	16.4	3.234
1466	3.359	    3398	154.3	1536	16.1	3.359
1467	3.203	    3429	152.9	1536	16.2	3.203
1468	3.281	    3449	152.0	1536	16.3	3.281
1469	3.297	    3422	153.2	1536	16.1	3.297
1470	3.391	    3354	156.3	1536	15.7	3.391
1471	3.312	    3480	150.6	1536	16.2	3.312
1472	3.266	    3460	151.5	1536	16.1	3.266
1473	3.172	    3413	153.6	1536	15.8	3.172
1474	3.156	    3395	154.4	1536	15.7	3.156
1475	3.250	    3364	155.9	1536	15.5	3.250
1476	3.016	    3423	153.2	1536	15.7	3.016
1477	3.172	    3432	152.8	1536	15.7	3.172
1478	3.141	    3460	151.5	1536	15.7	3.141
1479	3.312	    3412	153.7	1536	15.5	3.312
1480	3.250	    3446	152.2	1536	15.6	3.250
1481	3.234	    3399	154.2	1536	15.3	3.234
1482	2.969	    3447	152.1	1536	15.5	2.969
1483	3.094	    3447	152.1	1536	15.4	3.094
1484	3.172	    3376	155.3	1536	15.0	3.172
1485	3.047	    3409	153.8	1536	15.1	3.047
1486	3.266	    3401	154.2	1536	15.0	3.266
1487	3.109	    3508	149.5	1536	15.4	3.109
1488	3.328	    3432	152.8	1536	15.0	3.328
1489	3.188	    3458	151.6	1536	15.1	3.188
1490	3.484	    3415	153.5	1536	14.9	3.484
1491	3.359	    3432	152.8	1536	14.9	3.359
1492	3.500	    3419	153.3	1536	14.8	3.500
1493	3.172	    3435	152.6	1536	14.8	3.172
1494	3.188	    3448	152.0	1536	14.8	3.188
1495	3.250	    3417	153.4	1536	14.6	3.250
1496	3.344	    3484	150.5	1536	14.8	3.344
1497	3.469	    3422	153.2	1536	14.5	3.469
1498	3.156	    3447	152.1	1536	14.5	3.156
1499	3.234	    3499	149.8	1536	14.7	3.234
1500	3.469	    3419	153.3	1536	14.3	3.469
1501	3.234	    3389	154.7	1536	14.1	3.234
1502	3.297	    3377	155.3	1536	14.0	3.297
1503	3.328	    3392	154.6	1536	14.0	3.328
1504	3.312	    3429	152.9	1536	14.1	3.312
1505	3.453	    3427	153.0	1536	14.0	3.453
1506	3.172	    3380	155.1	1536	13.8	3.172
1507	3.391	    3407	153.9	1536	13.9	3.391
1508	2.969	    3392	154.6	1536	13.7	2.969
1509	3.406	    3482	150.6	1536	14.0	3.406
1510	3.297	    3375	155.3	1536	13.6	3.297
1511	3.359	    3487	150.3	1536	13.9	3.359
1512	3.219	    3414	153.6	1536	13.6	3.219
1513	3.312	    3395	154.4	1536	13.5	3.312
1514	3.234	    3411	153.7	1536	13.5	3.234
1515	3.469	    3431	152.8	1536	13.5	3.469
1516	3.062	    3402	154.1	1536	13.3	3.062
1517	3.281	    3355	156.3	1536	13.1	3.281
1518	3.328	    3436	152.6	1536	13.3	3.328
1519	3.031	    3395	154.4	1536	13.1	3.031
1520	3.094	    3403	154.1	1536	13.1	3.094
1521	3.297	    3399	154.3	1536	13.0	3.297
1522	3.250	    3502	149.7	1536	13.4	3.250
1523	2.922	    3436	152.6	1536	13.1	2.922
1524	3.297	    3478	150.7	1536	13.2	3.297
1525	3.203	    3394	154.5	1536	12.8	3.203
1526	3.234	    3380	155.1	1536	12.7	3.234
1527	3.234	    3444	152.2	1536	12.9	3.234
1528	3.156	    3389	154.7	1536	12.6	3.156
1529	3.188	    3432	152.7	1536	12.7	3.188
1530	3.156	    3420	153.3	1536	12.6	3.156
1531	3.203	    3405	154.0	1536	12.5	3.203
1532	3.109	    3398	154.3	1536	12.4	3.109
1533	3.125	    3447	152.1	1536	12.5	3.125
1534	3.375	    3447	152.1	1536	12.5	3.375
1535	3.109	    3442	152.3	1536	12.4	3.109
1536	3.156	    3441	152.3	1536	12.3	3.156
1537	3.266	    3486	150.4	1536	12.4	3.266
1538	3.453	    3397	154.4	1536	12.1	3.453
1539	3.156	    3428	152.9	1536	12.1	3.156
1540	3.062	    3411	153.7	1536	12.0	3.062
1541	3.250	    3475	150.9	1536	12.2	3.250
1542	3.297	    3468	151.2	1536	12.1	3.297
1543	3.359	    3462	151.4	1536	12.0	3.359
1544	3.469	    3485	150.4	1536	12.0	3.469
1545	3.250	    3443	152.3	1536	11.8	3.250
1546	3.297	    3410	153.7	1536	11.7	3.297
1547	3.781	    3459	151.6	1536	11.8	3.781
1548	3.406	    3399	154.2	1536	11.5	3.406
1549	3.219	    3446	152.1	1536	11.6	3.219
1550	3.219	    3377	155.2	1536	11.3	3.219
1551	3.344	    3420	153.3	1536	11.4	3.344
1552	3.359	    3392	154.6	1536	11.3	3.359
1553	3.312	    3369	155.6	1536	11.1	3.312
1554	3.359	    3400	154.2	1536	11.2	3.359
1555	3.156	    3402	154.1	1536	11.1	3.156
1556	3.203	    3406	154.0	1536	11.1	3.203
1557	3.109	    3405	154.0	1536	11.0	3.109
1558	3.422	    3390	154.7	1536	10.9	3.422
1559	3.312	    3426	153.0	1536	11.0	3.312
1560	3.328	    3390	154.7	1536	10.8	3.328
1561	3.344	    3372	155.5	1536	10.7	3.344
1562	3.172	    3505	149.6	1536	11.0	3.172
1563	3.297	    3453	151.9	1536	10.8	3.297
1564	3.359	    3448	152.1	1536	10.7	3.359
1565	3.141	    3481	150.6	1536	10.8	3.141
1566	3.375	    3435	152.6	1536	10.6	3.375
1567	3.234	    3417	153.5	1536	10.5	3.234
1568	3.250	    3408	153.9	1536	10.4	3.250
1569	3.234	    3401	154.2	1536	10.3	3.234
1570	3.188	    3457	151.6	1536	10.4	3.188
1571	3.359	    3428	152.9	1536	10.3	3.359
1572	3.203	    3427	153.0	1536	10.2	3.203
1573	3.203	    3430	152.9	1536	10.2	3.203
1574	3.219	    3446	152.1	1536	10.2	3.219
1575	3.109	    3421	153.3	1536	10.0	3.109
1576	3.062	    3455	151.8	1536	10.1	3.062
1577	3.016	    3444	152.2	1536	10.0	3.016
1578	3.125	    3456	151.7	1536	10.0	3.125
1579	3.172	    3476	150.8	1536	10.0	3.172
1580	3.203	    3431	152.8	1536	9.8	3.203
1581	3.219	    3438	152.5	1536	9.7	3.219
1582	3.250	    3510	149.4	1536	9.9	3.250
1583	3.328	    3444	152.2	1536	9.6	3.328
1584	3.188	    3417	153.4	1536	9.5	3.188
1585	3.375	    3405	154.0	1536	9.4	3.375
1586	3.312	    3432	152.8	1536	9.4	3.312
1587	3.219	    3481	150.6	1536	9.5	3.219
1588	3.344	    3469	151.1	1536	9.4	3.344
1589	3.266	    3457	151.7	1536	9.3	3.266
1590	3.188	    3424	153.1	1536	9.2	3.188
1591	3.219	    3403	154.1	1536	9.1	3.219
1592	3.125	    3432	152.8	1536	9.1	3.125
1593	3.109	    3453	151.8	1536	9.1	3.109
1594	3.453	    3453	151.8	1536	9.0	3.453
1595	3.406	    3389	154.7	1536	8.8	3.406
1596	3.266	    3374	155.4	1536	8.7	3.266
1597	3.188	    3409	153.8	1536	8.7	3.188
1598	3.250	    3420	153.3	1536	8.7	3.250
1599	3.062	    3444	152.2	1536	8.7	3.062
1600	3.359	    3399	154.2	1536	8.6	3.359
1601	3.312	    3414	153.6	1536	8.5	3.312
1602	3.406	    3354	156.3	1536	8.3	3.406
1603	3.219	    3390	154.6	1536	8.4	3.219
1604	3.391	    3393	154.5	1536	8.3	3.391
1605	3.219	    3392	154.6	1536	8.3	3.219
1606	3.062	    3411	153.7	1536	8.2	3.062
1607	3.219	    3437	152.6	1536	8.2	3.219
1608	3.016	    3406	153.9	1536	8.1	3.016
1609	3.156	    3382	155.0	1536	8.0	3.156
1610	3.281	    3387	154.8	1536	8.0	3.281
1611	3.156	    3389	154.7	1536	7.9	3.156
1612	3.312	    3431	152.8	1536	7.9	3.312
1613	3.250	    3397	154.3	1536	7.8	3.250
1614	3.188	    3394	154.5	1536	7.8	3.188
1615	3.188	    3411	153.7	1536	7.7	3.188
1616	3.047	    3446	152.1	1536	7.8	3.047
1617	3.484	    3430	152.9	1536	7.7	3.484
1618	3.203	    3471	151.1	1536	7.7	3.203
1619	3.172	    3406	153.9	1536	7.5	3.172
1620	3.188	    3429	152.9	1536	7.5	3.188
1621	3.266	    3419	153.4	1536	7.4	3.266
1622	3.188	    3473	151.0	1536	7.5	3.188
1623	3.203	    3425	153.1	1536	7.3	3.203
1624	3.391	    3440	152.4	1536	7.3	3.391
1625	3.344	    3446	152.1	1536	7.2	3.344
1626	3.000	    3467	151.2	1536	7.2	3.000
1627	3.000	    3434	152.7	1536	7.1	3.000
1628	3.469	    3410	153.8	1536	7.0	3.469
1629	3.188	    3467	151.2	1536	7.1	3.188
1630	3.406	    3432	152.8	1536	6.9	3.406
1631	3.391	    3415	153.5	1536	6.8	3.391
1632	3.219	    3456	151.7	1536	6.9	3.219
1633	3.203	    3434	152.7	1536	6.8	3.203
1634	3.391	    3448	152.0	1536	6.7	3.391
1635	3.234	    3432	152.8	1536	6.6	3.234
1636	3.156	    3416	153.5	1536	6.5	3.156
1637	3.125	    3487	150.4	1536	6.6	3.125
1638	3.391	    3457	151.6	1536	6.5	3.391
1639	3.375	    3397	154.3	1536	6.3	3.375
1640	3.203	    3395	154.4	1536	6.3	3.203
1641	3.375	    3440	152.4	1536	6.3	3.375
1642	3.281	    3384	154.9	1536	6.1	3.281
1643	3.375	    3421	153.2	1536	6.2	3.375
1644	3.281	    3394	154.5	1536	6.1	3.281
1645	3.219	    3356	156.2	1536	5.9	3.219
1646	3.125	    3438	152.5	1536	6.0	3.125
1647	3.234	    3418	153.4	1536	5.9	3.234
1648	3.094	    3465	151.3	1536	5.9	3.094
1649	3.281	    3353	156.3	1536	5.7	3.281
1650	3.422	    3366	155.7	1536	5.7	3.422
1651	3.188	    3445	152.2	1536	5.7	3.188
1652	3.000	    3446	152.2	1536	5.7	3.000
1653	3.344	    3410	153.8	1536	5.6	3.344
1654	3.047	    3454	151.8	1536	5.6	3.047
1655	3.219	    3408	153.8	1536	5.5	3.219
1656	3.281	    3410	153.8	1536	5.4	3.281
1657	3.297	    3369	155.6	1536	5.3	3.297
1658	3.391	    3426	153.0	1536	5.3	3.391
1659	3.266	    3430	152.8	1536	5.3	3.266
1660	3.188	    3387	154.8	1536	5.1	3.188
1661	3.125	    3402	154.1	1536	5.1	3.125
1662	3.203	    3428	152.9	1536	5.1	3.203
1663	2.984	    3434	152.7	1536	5.0	2.984
1664	3.453	    3436	152.6	1536	5.0	3.453
1665	3.250	    3452	151.9	1536	4.9	3.250
1666	3.094	    3454	151.8	1536	4.9	3.094
1667	2.938	    3405	154.0	1536	4.8	2.938
1668	3.250	    3491	150.2	1536	4.8	3.250
1669	3.094	    3410	153.8	1536	4.7	3.094
1670	2.922	    3471	151.1	1536	4.7	2.922
1671	2.938	    3436	152.6	1536	4.6	2.938
1672	3.188	    3428	152.9	1536	4.5	3.188
1673	3.188	    3427	153.0	1536	4.5	3.188
1674	3.109	    3447	152.1	1536	4.4	3.109
1675	3.312	    3440	152.4	1536	4.4	3.312
1676	3.234	    3406	153.9	1536	4.3	3.234
1677	3.125	    3505	149.6	1536	4.3	3.125
1678	3.281	    3479	150.7	1536	4.2	3.281
1679	3.156	    3442	152.3	1536	4.1	3.156
1680	3.359	    3398	154.3	1536	4.0	3.359
1681	3.250	    3505	149.6	1536	4.1	3.250
1682	3.297	    3497	149.9	1536	4.0	3.297
1683	3.344	    3442	152.3	1536	3.9	3.344
1684	3.078	    3393	154.5	1536	3.8	3.078
1685	3.266	    3440	152.4	1536	3.8	3.266
1686	3.344	    3423	153.2	1536	3.7	3.344
1687	3.250	    3397	154.3	1536	3.6	3.250
1688	3.359	    3388	154.7	1536	3.6	3.359
1689	3.312	    3377	155.2	1536	3.5	3.312
1690	3.375	    3360	156.1	1536	3.4	3.375
1691	3.250	    3435	152.6	1536	3.4	3.250
1692	3.109	    3410	153.7	1536	3.4	3.109
1693	3.172	    3437	152.5	1536	3.3	3.172
1694	3.297	    3467	151.2	1536	3.3	3.297
1695	3.266	    3418	153.4	1536	3.2	3.266
1696	3.125	    3453	151.8	1536	3.2	3.125
1697	3.188	    3459	151.6	1536	3.1	3.188
1698	3.328	    3409	153.8	1536	3.0	3.328
1699	3.156	    3420	153.3	1536	3.0	3.156
1700	3.109	    3383	155.0	1536	2.9	3.109
1701	3.188	    3425	153.1	1536	2.9	3.188
1702	3.250	    3375	155.4	1536	2.8	3.250
1703	3.172	    3374	155.4	1536	2.7	3.172
1704	3.062	    3439	152.4	1536	2.7	3.062
1705	3.141	    3446	152.1	1536	2.6	3.141
1706	3.047	    3365	155.8	1536	2.5	3.047
1707	3.062	    3463	151.4	1536	2.5	3.062
1708	3.172	    3418	153.4	1536	2.4	3.172
1709	3.344	    3390	154.7	1536	2.4	3.344
1710	3.109	    3388	154.8	1536	2.3	3.109
1711	2.891	    3388	154.8	1536	2.3	2.891
1712	3.172	    3512	149.3	1536	2.3	3.172
1713	3.328	    3442	152.3	1536	2.2	3.328
1714	3.094	    3423	153.2	1536	2.1	3.094
1715	3.062	    3378	155.2	1536	2.0	3.062
1716	3.203	    3478	150.7	1536	2.0	3.203
1717	3.125	    3395	154.4	1536	1.9	3.125
1718	3.219	    3431	152.8	1536	1.9	3.219
1719	2.906	    3440	152.4	1536	1.8	2.906
1720	3.219	    3404	154.0	1536	1.8	3.219
1721	3.344	    3435	152.6	1536	1.7	3.344
1722	3.281	    3478	150.7	1536	1.7	3.281
1723	3.703	    3464	151.4	1536	1.6	3.703
1724	3.250	    3429	152.9	1536	1.5	3.250
1725	3.203	    3426	153.0	1536	1.5	3.203
1726	3.281	    3429	152.9	1536	1.4	3.281
1727	3.312	    3410	153.8	1536	1.4	3.312
1728	3.297	    3485	150.4	1536	1.3	3.297
1729	3.188	    3396	154.4	1536	1.2	3.188
1730	3.234	    3412	153.6	1536	1.2	3.234
1731	3.203	    3412	153.7	1536	1.1	3.203
1732	3.297	    3422	153.2	1536	1.1	3.297
1733	3.297	    3417	153.4	1536	1.0	3.297
1734	3.375	    3453	151.8	1536	1.0	3.375
1735	3.078	    3437	152.5	1536	0.9	3.078
1736	3.156	    3398	154.3	1536	0.8	3.156
1737	3.203	    3396	154.4	1536	0.8	3.203
1738	3.234	    3460	151.5	1536	0.7	3.234
1739	3.203	    3389	154.7	1536	0.7	3.203
1740	3.172	    3407	153.9	1536	0.6	3.172
1741	3.312	    3417	153.4	1536	0.6	3.312
1742	3.203	    3384	154.9	1536	0.5	3.203
1743	3.297	    3391	154.6	1536	0.5	3.297
1744	3.109	    3426	153.0	1536	0.4	3.109
1745	3.250	    3425	153.1	1536	0.3	3.250
1746	3.266	    3482	150.6	1536	0.3	3.266
1747	3.188	    3431	152.8	1536	0.2	3.188
1748	3.156	    3387	154.8	1536	0.2	3.156
1749	3.234	    3376	155.3	1536	0.1	3.234
1750	3.234	    3427	153.0	1536	0.1	3.234
1751	3.266	    3435	152.7	1792	0.0	3.266
