Successfully imported torchao. FP8 training enabled.
/root/gptspeedrun/train_gpt2_4090_90min_3_25loss.py:306: UserWarning: The given buffer is not writable, and PyTorch does not support non-writable tensors. This means you can write to the underlying (supposedly non-writable) buffer using the tensor. You may want to copy the buffer to protect its data or make it writable before converting it to a tensor. This type of warning will be suppressed for the rest of this program. (Triggered internally at /pytorch/torch/csrc/utils/tensor_new.cpp:1581.)
  return torch.frombuffer(f.read(), dtype=torch.uint16)[256*2:]
Converting Linear layers to Float8...
Run ID: 9211f9a3-f009-4782-8130-7ce2d9db9644
Step	Loss	Time(ms)	kt/s	Window	ETA(m)
1	10.812	77508	6.8	256	2260.6
2	9.875	3086	169.9	256	90.0
3	9.250	3098	169.2	256	90.3
4	9.125	3098	169.2	256	90.2
5	9.062	3100	169.1	256	90.2
6	9.750	3101	169.0	256	90.2
7	9.000	3105	168.8	256	90.3
8	8.875	3104	168.9	256	90.2
9	8.375	3106	168.8	256	90.2
10	7.969	3107	168.8	256	90.1
11	8.438	3105	168.8	256	90.1
12	7.969	3109	168.6	256	90.1
13	8.000	3106	168.8	256	90.0
14	7.969	3111	168.5	256	90.1
15	7.656	3109	168.7	256	89.9
16	7.500	3112	168.5	256	90.0
17	7.656	3111	168.5	256	89.9
18	7.188	3110	168.6	256	89.8
19	7.344	3111	168.5	256	89.8
20	7.312	3112	168.5	256	89.8
21	6.875	3113	168.4	256	89.8
22	6.719	3112	168.5	256	89.7
23	7.062	3115	168.3	256	89.7
24	6.875	3112	168.5	256	89.6
25	6.719	3114	168.4	256	89.6
26	6.625	3114	168.4	256	89.5
27	6.656	3115	168.3	256	89.5
28	6.500	3114	168.4	256	89.4
29	6.625	3115	168.3	256	89.4
30	6.781	3115	168.3	256	89.3
31	6.500	3115	168.3	256	89.3
32	6.781	3114	168.4	256	89.2
33	6.656	3118	168.1	256	89.3
34	6.438	3116	168.3	256	89.2
35	6.406	3117	168.2	256	89.1
36	6.719	3120	168.0	256	89.2
37	6.562	3119	168.1	256	89.1
38	6.219	3119	168.1	256	89.0
39	6.312	3120	168.0	256	89.0
40	6.250	3120	168.0	256	89.0
41	6.188	3119	168.1	256	88.9
42	6.281	3118	168.1	256	88.8
43	6.500	3119	168.1	256	88.8
44	6.094	3120	168.0	256	88.8
45	6.125	3121	168.0	256	88.7
46	6.156	3119	168.1	256	88.6
47	6.250	3122	167.9	256	88.7
48	6.344	3119	168.1	256	88.5
49	6.344	3120	168.0	256	88.5
50	6.344	3120	168.1	256	88.4
51	6.281	3118	168.2	256	88.3
52	6.594	3122	167.9	256	88.4
53	6.094	3118	168.1	256	88.2
54	6.125	3120	168.1	256	88.2
55	6.250	3121	168.0	256	88.2
56	6.219	3118	168.1	256	88.1
57	6.094	3119	168.1	256	88.1
58	6.094	3117	168.2	256	88.0
59	5.906	3118	168.1	256	87.9
60	6.312	3118	168.1	256	87.9
61	5.906	3120	168.0	256	87.9
62	6.000	3120	168.0	256	87.8
63	5.969	3119	168.1	256	87.7
64	5.844	3119	168.1	256	87.7
65	6.156	3118	168.2	256	87.6
66	5.875	3119	168.1	256	87.6
67	5.750	3117	168.2	256	87.5
68	5.812	3121	168.0	256	87.5
69	5.812	3120	168.0	256	87.5
70	5.781	3118	168.1	256	87.4
71	5.906	3119	168.1	256	87.3
72	5.750	3118	168.1	256	87.3
73	5.719	3118	168.1	256	87.2
74	5.750	3118	168.2	256	87.1
75	5.656	3120	168.0	256	87.2
76	5.406	3118	168.2	256	87.0
77	5.656	3121	168.0	256	87.1
78	5.656	3121	168.0	256	87.0
79	5.500	3119	168.1	256	86.9
80	5.531	3119	168.1	256	86.9
81	5.469	3120	168.0	256	86.8
82	5.469	3121	168.0	256	86.8
83	5.250	3121	168.0	256	86.8
84	5.562	3120	168.0	256	86.7
85	5.594	3121	168.0	256	86.7
86	5.469	3120	168.0	256	86.6
87	4.812	3121	168.0	256	86.5
88	5.438	3120	168.0	256	86.5
89	5.156	3121	168.0	256	86.5
90	5.156	3121	168.0	256	86.4
91	5.188	3119	168.1	256	86.3
92	5.219	3120	168.0	256	86.3
93	5.250	3119	168.1	256	86.2
94	5.594	3122	167.9	256	86.2
95	5.469	3119	168.1	256	86.1
96	5.281	3121	168.0	256	86.1
97	5.188	3119	168.1	256	86.0
98	5.406	3120	168.0	256	86.0
99	5.344	3122	167.9	256	86.0
100	5.344	3122	167.9	256	85.9
101	5.375	3119	168.1	256	85.8
102	5.469	3121	168.0	256	85.8
103	5.281	3121	168.0	256	85.7
104	5.219	3121	168.0	256	85.7
105	5.219	3120	168.1	256	85.6
106	5.094	3120	168.0	256	85.5
107	5.250	3119	168.1	256	85.5
108	5.188	3118	168.1	256	85.4
109	5.188	3119	168.1	256	85.4
110	5.188	3119	168.1	256	85.3
111	5.219	3120	168.0	256	85.3
112	5.312	3119	168.1	256	85.2
113	4.719	3120	168.0	256	85.2
114	5.219	3121	168.0	256	85.1
115	5.188	3119	168.1	256	85.1
116	5.219	3120	168.0	256	85.0
117	4.938	3120	168.0	256	85.0
118	5.031	3121	168.0	256	84.9
119	5.031	3119	168.1	256	84.8
120	4.875	3120	168.1	256	84.8
121	4.875	3121	168.0	256	84.8
122	5.000	3119	168.1	256	84.7
123	4.812	3120	168.1	256	84.7
124	4.969	3119	168.1	256	84.6
125	4.906	3118	168.1	256	84.5
126	4.938	3119	168.1	256	84.5
127	5.250	3120	168.1	256	84.4
128	4.812	3119	168.1	256	84.4
129	5.031	3119	168.1	256	84.3
130	4.938	3117	168.2	256	84.2
131	4.750	3121	168.0	256	84.3
132	4.938	3120	168.1	256	84.2
133	4.781	3121	168.0	256	84.2
134	4.656	3120	168.0	256	84.1
135	4.781	3120	168.0	256	84.0
136	4.656	3118	168.2	256	83.9
137	5.000	3121	168.0	256	84.0
138	4.781	3120	168.0	256	83.9
139	4.719	3118	168.1	256	83.8
140	4.562	3121	168.0	256	83.8
141	4.656	3121	168.0	256	83.8
142	4.938	3121	168.0	256	83.7
143	4.812	3121	168.0	256	83.6
144	4.844	3117	168.2	256	83.5
145	5.000	3119	168.1	256	83.5
146	4.656	3118	168.1	256	83.4
147	4.688	3120	168.1	256	83.4
148	4.625	3119	168.1	256	83.3
149	4.688	3121	168.0	256	83.3
150	4.688	3123	167.9	256	83.3
151	4.750	3120	168.0	256	83.2
152	4.688	3120	168.0	256	83.1
153	4.750	3118	168.2	256	83.0
154	4.875	3118	168.2	256	83.0
155	4.750	3119	168.1	256	83.0
156	4.719	3120	168.1	256	82.9
157	4.688	3120	168.1	256	82.9
158	4.594	3119	168.1	256	82.8
159	5.094	3120	168.1	256	82.8
160	4.531	3119	168.1	256	82.7
161	4.562	3119	168.1	256	82.6
162	4.688	3120	168.0	256	82.6
163	4.750	3119	168.1	256	82.5
164	4.594	3124	167.8	256	82.6
165	4.594	3119	168.1	256	82.4
166	4.562	3119	168.1	256	82.4
167	4.531	3120	168.1	256	82.4
168	4.656	3119	168.1	256	82.3
169	4.500	3120	168.0	256	82.3
170	4.531	3119	168.1	256	82.2
171	4.438	3118	168.2	256	82.1
172	4.562	3119	168.1	256	82.1
173	4.562	3120	168.1	256	82.0
174	4.562	3120	168.0	256	82.0
175	4.469	3119	168.1	256	81.9
176	4.406	3117	168.2	256	81.8
177	4.500	3118	168.1	256	81.8
178	4.500	3122	168.0	256	81.8
179	4.344	3122	167.9	256	81.8
180	4.375	3122	168.0	256	81.7
181	4.344	3119	168.1	256	81.6
182	4.250	3116	168.3	256	81.5
183	4.500	3119	168.1	256	81.5
184	4.375	3120	168.0	256	81.5
185	4.406	3120	168.0	256	81.4
186	4.375	3119	168.1	256	81.4
187	4.125	3119	168.1	256	81.3
188	4.562	3121	168.0	256	81.3
189	4.531	3119	168.1	256	81.2
190	4.812	3118	168.1	256	81.1
191	4.375	3121	168.0	256	81.2
192	4.500	3121	168.0	256	81.1
193	4.625	3120	168.0	256	81.0
194	4.531	3119	168.1	256	80.9
195	4.375	3126	167.7	256	81.1
196	4.438	3119	168.1	256	80.8
197	4.562	3121	168.0	256	80.8
198	4.562	3121	168.0	256	80.8
199	4.469	3120	168.1	256	80.7
200	4.250	3119	168.1	256	80.6
201	4.500	3118	168.1	256	80.6
202	4.500	3120	168.0	256	80.6
203	4.344	3119	168.1	256	80.5
204	4.625	3120	168.0	256	80.4
205	4.375	3123	167.9	256	80.5
206	4.531	3121	168.0	256	80.4
207	4.375	3121	168.0	256	80.3
208	4.406	3123	167.9	256	80.3
209	4.438	3117	168.2	256	80.1
210	4.500	3120	168.1	256	80.1
211	4.719	3119	168.1	256	80.1
212	4.500	3123	167.9	256	80.1
213	5.125	3119	168.1	256	80.0
214	4.312	3121	168.0	256	80.0
215	4.156	3121	168.0	256	79.9
216	4.250	3116	168.2	256	79.7
217	4.344	3120	168.0	256	79.8
218	4.312	3120	168.1	256	79.7
219	4.156	3124	167.8	256	79.8
220	4.219	3122	167.9	256	79.7
221	4.531	3119	168.1	256	79.5
222	4.375	3124	167.8	256	79.6
223	4.156	3120	168.0	256	79.5
224	4.250	3120	168.0	256	79.4
225	4.312	3123	167.9	256	79.4
226	4.281	3119	168.1	256	79.3
227	4.156	3122	167.9	256	79.3
228	4.250	3122	167.9	256	79.2
229	4.219	3120	168.0	256	79.1
230	4.219	3122	167.9	256	79.2
231	4.156	3120	168.0	256	79.0
232	4.375	3122	167.9	256	79.1
233	4.188	3122	167.9	256	79.0
234	4.312	3122	167.9	256	78.9
235	4.250	3122	168.0	256	78.9
236	4.281	3120	168.0	256	78.8
237	4.469	3120	168.0	256	78.7
238	4.188	3119	168.1	256	78.7
239	4.500	3120	168.1	256	78.6
240	4.469	3123	167.9	256	78.7
241	4.469	3120	168.1	256	78.5
242	4.375	3122	167.9	256	78.5
243	4.156	3120	168.0	256	78.4
244	4.344	3122	167.9	256	78.4
245	4.188	3122	168.0	256	78.4
246	4.312	3119	168.1	256	78.2
247	4.188	3120	168.1	256	78.2
248	4.219	3120	168.0	256	78.2
249	4.219	3119	168.1	256	78.1
250	4.281	3118	168.1	256	78.0
251	4.312	3119	168.1	256	78.0
252	4.125	3119	168.1	256	77.9
253	4.188	3119	168.1	256	77.9
254	4.500	3119	168.1	256	77.8
255	4.219	3121	168.0	256	77.8
256	4.281	3119	168.1	256	77.7
257	4.250	3121	168.0	256	77.7
258	4.125	3119	168.1	256	77.6
259	4.312	3121	168.0	256	77.6
260	4.062	3119	168.1	256	77.5
261	4.094	3119	168.1	256	77.5
262	4.156	3120	168.1	256	77.4
263	4.031	3118	168.2	256	77.3
264	4.219	3121	168.0	256	77.3
265	4.281	3117	168.2	256	77.2
266	4.156	3123	167.9	256	77.3
267	4.188	3119	168.1	256	77.1
268	4.156	3121	168.0	256	77.1
269	4.094	3116	168.2	256	77.0
270	4.125	3121	168.0	256	77.0
271	4.094	3122	168.0	256	77.0
272	3.969	3126	167.7	256	77.0
273	3.906	3120	168.0	256	76.9
274	3.969	3119	168.1	256	76.8
275	4.156	3119	168.1	256	76.7
276	4.156	3122	167.9	256	76.7
277	4.156	3121	168.0	256	76.7
278	4.062	3121	168.0	256	76.6
279	4.125	3120	168.1	256	76.5
280	4.000	3121	168.0	256	76.5
281	4.312	3120	168.0	256	76.4
282	4.219	3119	168.1	256	76.4
283	4.219	3120	168.1	256	76.3
284	4.250	3123	167.9	256	76.3
285	4.219	3120	168.0	256	76.2
286	4.281	3119	168.1	256	76.2
287	4.094	3122	168.0	256	76.2
288	3.984	3122	167.9	256	76.1
289	4.250	3121	168.0	256	76.0
290	4.281	3120	168.0	256	76.0
291	4.188	3119	168.1	256	75.9
292	4.062	3120	168.0	256	75.9
293	4.250	3233	162.2	512	78.6
294	4.094	3236	162.0	512	78.6
295	4.031	3232	162.2	512	78.4
296	4.281	3239	161.9	512	78.5
297	4.031	3230	162.3	512	78.3
298	4.250	3237	161.9	512	78.4
299	4.094	3231	162.3	512	78.2
300	4.062	3235	162.1	512	78.2
301	4.250	3232	162.2	512	78.1
302	4.125	3235	162.1	512	78.1
303	4.000	3234	162.1	512	78.1
304	4.031	3239	161.9	512	78.1
305	4.062	3233	162.2	512	77.9
306	4.188	3234	162.1	512	77.9
307	4.094	3232	162.2	512	77.8
308	4.000	3232	162.2	512	77.7
309	4.094	3240	161.8	512	77.9
310	4.000	3232	162.2	512	77.6
311	4.031	3243	161.6	512	77.8
312	3.984	3235	162.1	512	77.6
313	4.000	3238	161.9	512	77.6
314	4.031	3231	162.3	512	77.4
315	4.062	3238	161.9	512	77.5
316	4.000	3236	162.0	512	77.4
317	4.031	3237	162.0	512	77.4
318	3.797	3234	162.1	512	77.2
319	3.969	3240	161.8	512	77.3
320	3.828	3241	161.8	512	77.3
321	4.250	3236	162.0	512	77.1
322	3.938	3245	161.6	512	77.3
323	4.000	3242	161.7	512	77.2
324	4.000	3241	161.8	512	77.1
325	3.844	3240	161.8	512	77.0
326	4.188	3238	161.9	512	76.9
327	3.922	3239	161.8	512	76.9
328	4.219	3233	162.2	512	76.7
329	4.312	3237	161.9	512	76.7
330	4.219	3240	161.8	512	76.7
331	3.984	3231	162.3	512	76.5
332	4.125	3239	161.9	512	76.6
333	4.094	3241	161.8	512	76.6
334	3.969	3238	161.9	512	76.5
335	4.188	3226	162.5	512	76.1
336	4.000	3232	162.2	512	76.2
337	3.953	3240	161.8	512	76.3
338	4.156	3239	161.9	512	76.3
339	4.000	3231	162.3	512	76.0
340	4.000	3234	162.1	512	76.0
341	4.000	3227	162.5	512	75.8
342	4.094	3240	161.8	512	76.1
343	3.984	3236	162.0	512	75.9
344	3.844	3235	162.1	512	75.9
345	4.125	3232	162.2	512	75.7
346	4.000	3237	162.0	512	75.8
347	4.125	3236	162.0	512	75.7
348	3.922	3231	162.2	512	75.6
349	4.000	3230	162.3	512	75.5
350	4.062	3236	162.0	512	75.5
351	4.031	3235	162.1	512	75.5
352	4.031	3235	162.1	512	75.4
353	4.031	3230	162.3	512	75.3
354	4.062	3231	162.3	512	75.2
355	4.125	3240	161.8	512	75.4
356	3.984	3225	162.5	512	75.0
357	3.891	3239	161.9	512	75.3
358	3.938	3230	162.3	512	75.0
359	4.031	3232	162.2	512	75.0
360	4.125	3231	162.3	512	74.9
361	4.094	3238	161.9	512	75.0
362	4.000	3233	162.2	512	74.8
363	3.797	3240	161.8	512	75.0
364	3.953	3238	161.9	512	74.8
365	3.828	3237	162.0	512	74.8
366	4.250	3242	161.7	512	74.8
367	3.672	3239	161.9	512	74.7
368	3.906	3236	162.0	512	74.6
369	3.750	3232	162.2	512	74.4
370	3.891	3234	162.1	512	74.4
371	3.812	3241	161.8	512	74.5
372	3.906	3233	162.2	512	74.3
373	3.828	3237	162.0	512	74.3
374	4.062	3236	162.0	512	74.3
375	4.188	3226	162.5	512	74.0
376	4.062	3232	162.2	512	74.1
377	4.031	3231	162.3	512	74.0
378	4.031	3226	162.5	512	73.8
379	4.031	3236	162.0	512	74.0
380	3.953	3233	162.1	512	73.9
381	4.000	3238	161.9	512	73.9
382	4.000	3235	162.0	512	73.8
383	4.031	3237	162.0	512	73.8
384	3.922	3238	161.9	512	73.8
385	4.031	3226	162.5	512	73.4
386	4.188	3232	162.2	512	73.5
387	3.828	3229	162.4	512	73.4
388	3.812	3240	161.8	512	73.6
389	3.734	3231	162.3	512	73.4
390	3.812	3239	161.8	512	73.5
391	3.938	3233	162.2	512	73.3
392	4.000	3234	162.1	512	73.3
393	4.031	3235	162.0	512	73.2
394	3.844	3233	162.2	512	73.1
395	4.281	3231	162.3	512	73.0
396	3.750	3244	161.6	512	73.3
397	3.766	3229	162.4	512	72.9
398	4.156	3235	162.0	512	73.0
399	3.688	3235	162.1	512	72.9
400	3.844	3237	162.0	512	72.9
401	4.062	3236	162.0	512	72.8
402	3.781	3237	162.0	512	72.8
403	4.062	3232	162.2	512	72.6
404	3.844	3234	162.1	512	72.6
405	3.734	3234	162.1	512	72.6
406	3.859	3235	162.1	512	72.5
407	3.938	3240	161.8	512	72.6
408	3.812	3233	162.2	512	72.4
409	3.875	3237	162.0	512	72.4
410	3.859	3234	162.1	512	72.3
411	3.828	3238	161.9	512	72.3
412	3.609	3241	161.8	512	72.3
413	3.766	3239	161.8	512	72.2
414	3.672	3243	161.7	512	72.3
415	3.922	3243	161.7	512	72.2
416	3.672	3244	161.6	512	72.2
417	3.828	3242	161.7	512	72.1
418	3.875	3238	161.9	512	71.9
419	3.922	3239	161.9	512	71.9
420	3.766	3237	162.0	512	71.8
421	4.062	3234	162.1	512	71.7
422	3.797	3233	162.2	512	71.6
423	3.859	3238	161.9	512	71.7
424	3.875	3235	162.1	512	71.5
425	4.094	3234	162.1	512	71.5
426	3.969	3233	162.1	512	71.4
427	3.859	3234	162.1	512	71.4
428	3.922	3234	162.1	512	71.3
429	4.094	3237	162.0	512	71.3
430	3.484	3245	161.6	512	71.4
431	3.844	3241	161.8	512	71.3
432	3.812	3229	162.4	512	71.0
433	3.859	3228	162.4	512	70.9
434	3.734	3238	161.9	512	71.1
435	3.875	3238	161.9	512	71.0
436	3.641	3239	161.9	512	71.0
437	3.797	3226	162.5	512	70.6
438	3.844	3229	162.4	512	70.7
439	3.969	3231	162.3	512	70.7
440	3.875	3234	162.1	512	70.7
441	3.844	3235	162.1	512	70.6
442	3.828	3232	162.2	512	70.5
443	3.812	3233	162.2	512	70.5
444	3.797	3225	162.6	512	70.2
445	3.891	3234	162.1	512	70.4
446	3.938	3234	162.1	512	70.3
447	3.859	3236	162.0	512	70.3
448	3.859	3234	162.1	512	70.2
449	3.906	3237	162.0	512	70.2
450	3.797	3233	162.2	512	70.1
451	3.781	3234	162.1	512	70.1
452	3.984	3231	162.3	512	70.0
453	3.875	3237	162.0	512	70.0
454	3.797	3230	162.3	512	69.8
455	3.672	3236	162.0	512	69.9
456	3.766	3238	161.9	512	69.9
457	3.844	3238	161.9	512	69.8
458	3.703	3235	162.0	512	69.7
459	3.656	3235	162.1	512	69.7
460	3.766	3243	161.7	512	69.8
461	3.641	3234	162.1	512	69.5
462	3.766	3234	162.1	512	69.5
463	3.672	3235	162.1	512	69.4
464	3.766	3237	162.0	512	69.4
465	3.922	3244	161.6	512	69.5
466	3.703	3228	162.4	512	69.1
467	3.922	3236	162.0	512	69.3
468	3.938	3236	162.0	512	69.2
469	3.875	3239	161.9	512	69.2
470	3.812	3233	162.2	512	69.0
471	3.922	3228	162.4	512	68.9
472	3.891	3232	162.2	512	68.9
473	3.906	3235	162.0	512	68.9
474	3.844	3245	161.6	512	69.1
475	3.875	3237	161.9	512	68.8
476	3.766	3234	162.1	512	68.7
477	3.859	3238	161.9	512	68.8
478	3.969	3232	162.2	512	68.6
479	3.781	3232	162.2	512	68.5
480	3.703	3227	162.5	512	68.4
481	3.750	3230	162.3	512	68.4
482	3.766	3228	162.4	512	68.3
483	3.859	3236	162.0	512	68.4
484	3.891	3239	161.9	512	68.4
485	3.859	3229	162.4	512	68.1
486	3.797	3230	162.3	512	68.1
487	3.828	3232	162.2	512	68.1
488	4.000	3235	162.1	512	68.1
489	3.812	3243	161.7	512	68.2
490	3.875	3240	161.8	512	68.1
491	3.953	3240	161.8	512	68.0
492	3.578	3230	162.3	512	67.8
493	3.734	3227	162.5	512	67.7
494	3.688	3236	162.0	512	67.8
495	3.703	3239	161.9	512	67.8
496	3.719	3231	162.3	512	67.6
497	3.625	3238	161.9	512	67.7
498	3.750	3232	162.2	512	67.5
499	3.766	3231	162.3	512	67.4
500	3.969	3231	162.3	512	67.4
501	3.766	3231	162.2	512	67.3
502	3.656	3238	161.9	512	67.4
503	3.703	3237	162.0	512	67.3
504	3.578	3235	162.1	512	67.2
505	3.750	3237	162.0	512	67.2
506	3.625	3237	161.9	512	67.2
507	3.781	3242	161.7	512	67.2
508	3.672	3239	161.9	512	67.1
509	3.625	3231	162.3	512	66.9
510	3.703	3240	161.8	512	67.0
511	3.594	3243	161.7	512	67.0
512	3.625	3234	162.1	512	66.8
513	3.766	3231	162.3	512	66.7
514	3.906	3239	161.9	512	66.8
515	3.828	3237	162.0	512	66.7
516	3.844	3242	161.7	512	66.7
517	3.797	3236	162.0	512	66.5
518	3.875	3229	162.4	512	66.4
519	3.906	3242	161.7	512	66.6
520	3.953	3240	161.8	512	66.5
521	3.938	3233	162.2	512	66.3
522	3.906	3242	161.7	512	66.4
523	3.766	3242	161.7	512	66.4
524	3.703	3241	161.8	512	66.3
525	3.688	3226	162.5	512	65.9
526	3.875	3230	162.3	512	65.9
527	3.781	3228	162.4	512	65.9
528	3.656	3223	162.7	512	65.7
529	3.688	3235	162.1	512	65.9
530	3.797	3230	162.3	512	65.7
531	3.734	3239	161.9	512	65.9
532	3.875	3236	162.0	512	65.8
533	3.953	3229	162.4	512	65.5
534	3.797	3229	162.4	512	65.5
535	3.766	3233	162.2	512	65.5
536	3.875	3239	161.8	512	65.6
537	3.750	3222	162.7	512	65.2
538	4.094	3234	162.1	512	65.4
539	3.734	3235	162.1	512	65.3
540	3.906	3234	162.1	512	65.3
541	3.750	3234	162.1	512	65.2
542	3.656	3233	162.2	512	65.1
543	3.594	3235	162.1	512	65.1
544	3.688	3233	162.2	512	65.0
545	3.734	3229	162.4	512	64.9
546	3.891	3237	161.9	512	65.0
547	3.766	3234	162.1	512	64.9
548	3.609	3241	161.8	512	65.0
549	3.641	3239	161.8	512	64.9
550	3.750	3239	161.9	512	64.8
551	3.484	3246	161.5	512	64.9
552	3.703	3244	161.6	512	64.8
553	3.688	3240	161.8	512	64.7
554	3.656	3237	162.0	512	64.6
555	3.641	3234	162.1	512	64.5
556	3.578	3241	161.8	512	64.6
557	3.562	3240	161.8	512	64.5
558	3.625	3238	161.9	512	64.4
559	3.750	3237	161.9	512	64.3
560	3.859	3240	161.8	512	64.3
561	3.672	3237	162.0	512	64.2
562	3.844	3234	162.1	512	64.1
563	3.859	3240	161.8	512	64.1
564	3.906	3242	161.7	512	64.1
565	3.984	3234	162.1	512	63.9
566	4.156	3239	161.9	512	64.0
567	3.672	3238	161.9	512	63.9
568	3.797	3229	162.4	512	63.7
569	3.859	3237	162.0	512	63.8
570	3.859	3237	162.0	512	63.7
571	3.719	3231	162.3	512	63.5
572	3.750	3231	162.3	512	63.5
573	3.812	3229	162.3	512	63.4
574	3.594	3235	162.1	512	63.5
575	3.953	3238	161.9	512	63.5
576	3.703	3236	162.0	512	63.4
577	4.250	3227	162.5	512	63.1
578	3.828	3226	162.5	512	63.1
579	3.703	3232	162.2	512	63.1
580	3.547	3229	162.3	512	63.0
581	3.688	3230	162.3	512	63.0
582	3.719	3236	162.0	512	63.1
583	3.766	3236	162.0	512	63.0
584	3.719	3231	162.3	512	62.8
585	3.625	3328	157.6	768	64.7
586	3.875	3303	158.7	768	64.1
587	3.484	3310	158.4	768	64.2
588	3.578	3313	158.2	768	64.2
589	3.641	3317	158.1	768	64.2
590	3.734	3323	157.8	768	64.3
591	3.438	3322	157.8	768	64.2
592	3.875	3313	158.2	768	64.0
593	3.656	3323	157.8	768	64.1
594	3.562	3334	157.3	768	64.3
595	3.656	3343	156.8	768	64.4
596	3.531	3321	157.9	768	63.9
597	3.703	3322	157.8	768	63.9
598	3.500	3329	157.5	768	64.0
599	3.562	3326	157.6	768	63.9
600	3.391	3340	157.0	768	64.1
601	3.797	3336	157.2	768	63.9
602	3.484	3323	157.8	768	63.6
603	3.578	3337	157.1	768	63.8
604	3.641	3330	157.4	768	63.7
605	4.000	3328	157.6	768	63.6
606	3.797	3324	157.7	768	63.4
607	3.766	3327	157.6	768	63.4
608	3.703	3325	157.7	768	63.3
609	4.031	3314	158.2	768	63.1
610	3.688	3333	157.3	768	63.4
611	3.766	3310	158.4	768	62.9
612	3.953	3345	156.7	768	63.5
613	3.953	3323	157.8	768	63.0
614	3.547	3318	158.0	768	62.9
615	3.750	3336	157.2	768	63.2
616	3.672	3326	157.6	768	62.9
617	3.625	3331	157.4	768	63.0
618	3.797	3354	156.3	768	63.3
619	3.734	3313	158.3	768	62.5
620	3.797	3319	158.0	768	62.6
621	3.734	3335	157.2	768	62.8
622	3.609	3328	157.5	768	62.6
623	3.688	3311	158.3	768	62.2
624	3.750	3328	157.5	768	62.5
625	3.797	3330	157.4	768	62.5
626	3.828	3356	156.2	768	62.9
627	3.938	3334	157.3	768	62.5
628	3.594	3323	157.8	768	62.2
629	3.750	3319	158.0	768	62.1
630	3.750	3313	158.3	768	61.9
631	3.766	3308	158.5	768	61.7
632	3.547	3300	158.9	768	61.5
633	3.734	3337	157.1	768	62.2
634	3.609	3313	158.3	768	61.7
635	3.594	3314	158.2	768	61.6
636	4.125	3342	156.9	768	62.1
637	3.625	3332	157.4	768	61.9
638	3.594	3318	158.0	768	61.5
639	3.641	3351	156.5	768	62.1
640	3.484	3321	157.8	768	61.5
641	3.641	3332	157.3	768	61.6
642	3.500	3331	157.4	768	61.6
643	3.609	3331	157.4	768	61.5
644	3.766	3329	157.5	768	61.4
645	3.781	3334	157.2	768	61.5
646	4.000	3336	157.2	768	61.4
647	3.547	3327	157.6	768	61.2
648	3.766	3335	157.2	768	61.3
649	3.578	3324	157.7	768	61.1
650	3.531	3323	157.8	768	61.0
651	3.484	3321	157.8	768	60.9
652	3.500	3333	157.3	768	61.0
653	3.656	3350	156.5	768	61.3
654	3.656	3318	158.0	768	60.7
655	3.781	3344	156.8	768	61.1
656	3.781	3328	157.5	768	60.7
657	3.688	3325	157.7	768	60.6
658	3.609	3331	157.4	768	60.7
659	3.719	3333	157.3	768	60.7
660	3.500	3321	157.9	768	60.4
661	3.484	3327	157.6	768	60.4
662	3.750	3328	157.5	768	60.4
663	3.656	3338	157.1	768	60.5
664	3.625	3319	157.9	768	60.1
665	3.891	3321	157.9	768	60.1
666	3.562	3347	156.6	768	60.5
667	3.703	3341	156.9	768	60.4
668	3.609	3320	157.9	768	59.9
669	3.531	3308	158.5	768	59.7
670	3.703	3316	158.1	768	59.7
671	3.922	3335	157.2	768	60.0
672	3.656	3330	157.4	768	59.9
673	4.000	3330	157.4	768	59.8
674	3.734	3327	157.6	768	59.7
675	3.812	3319	158.0	768	59.5
676	3.562	3324	157.7	768	59.6
677	3.719	3321	157.9	768	59.4
678	3.688	3314	158.2	768	59.3
679	3.656	3330	157.5	768	59.5
680	3.750	3317	158.0	768	59.2
681	3.531	3331	157.4	768	59.4
682	3.766	3339	157.0	768	59.5
683	3.656	3326	157.6	768	59.2
684	3.703	3322	157.8	768	59.1
685	3.703	3322	157.8	768	59.0
686	3.656	3318	158.0	768	58.9
687	3.750	3329	157.5	768	59.0
688	3.719	3319	158.0	768	58.8
689	3.516	3324	157.7	768	58.8
690	3.500	3326	157.6	768	58.8
691	3.547	3335	157.2	768	58.9
692	3.594	3338	157.1	768	58.9
693	3.609	3332	157.4	768	58.7
694	3.547	3342	156.9	768	58.9
695	3.531	3324	157.7	768	58.5
696	3.328	3341	156.9	768	58.7
697	3.484	3328	157.5	768	58.5
698	3.625	3331	157.4	768	58.5
699	3.703	3336	157.2	768	58.5
700	3.844	3324	157.7	768	58.2
701	3.750	3332	157.4	768	58.3
702	3.844	3337	157.1	768	58.3
703	3.656	3354	156.3	768	58.6
704	4.875	3331	157.4	768	58.1
705	3.719	3358	156.1	768	58.5
706	3.719	3349	156.5	768	58.3
707	3.703	3331	157.4	768	58.0
708	3.703	3345	156.7	768	58.1
709	3.688	3351	156.5	768	58.2
710	3.594	3331	157.4	768	57.8
711	3.875	3326	157.6	768	57.7
712	3.781	3322	157.8	768	57.5
713	3.656	3308	158.5	768	57.2
714	3.266	3343	156.8	768	57.8
715	3.453	3317	158.1	768	57.3
716	3.656	3313	158.2	768	57.2
717	3.578	3322	157.8	768	57.2
718	3.359	3321	157.9	768	57.2
719	3.719	3323	157.8	768	57.2
720	3.688	3312	158.3	768	56.9
721	3.609	3333	157.3	768	57.2
722	3.672	3310	158.4	768	56.8
723	3.594	3315	158.1	768	56.8
724	3.516	3328	157.5	768	57.0
725	3.594	3332	157.3	768	57.0
726	3.484	3326	157.6	768	56.8
727	3.719	3342	156.9	768	57.0
728	3.500	3340	157.0	768	56.9
729	3.625	3317	158.0	768	56.5
730	3.578	3326	157.6	768	56.6
731	3.625	3315	158.1	768	56.4
732	3.531	3308	158.5	768	56.2
733	3.266	3320	157.9	768	56.3
734	3.531	3327	157.6	768	56.4
735	3.516	3329	157.5	768	56.4
736	3.547	3336	157.2	768	56.4
737	3.594	3327	157.6	768	56.2
738	3.625	3325	157.7	768	56.1
739	3.531	3334	157.3	768	56.2
740	3.578	3315	158.1	768	55.9
741	3.578	3329	157.5	768	56.0
742	3.453	3322	157.8	768	55.9
743	3.422	3325	157.7	768	55.9
744	3.500	3352	156.4	768	56.3
745	3.625	3327	157.6	768	55.8
746	3.469	3322	157.8	768	55.6
747	3.406	3336	157.2	768	55.8
748	3.625	3317	158.1	768	55.4
749	3.531	3332	157.4	768	55.6
750	3.422	3320	157.9	768	55.4
751	3.703	3335	157.2	768	55.6
752	3.641	3345	156.7	768	55.7
753	3.750	3327	157.6	768	55.3
754	3.516	3335	157.2	768	55.4
755	3.812	3325	157.7	768	55.2
756	3.547	3335	157.2	768	55.3
757	3.859	3340	157.0	768	55.3
758	3.422	3328	157.6	768	55.1
759	3.531	3309	158.4	768	54.7
760	3.562	3336	157.2	768	55.1
761	3.594	3325	157.7	768	54.9
762	3.516	3307	158.5	768	54.5
763	3.750	3321	157.9	768	54.7
764	3.391	3325	157.7	768	54.7
765	3.734	3330	157.4	768	54.7
766	3.422	3313	158.2	768	54.4
767	3.641	3330	157.4	768	54.6
768	3.703	3311	158.3	768	54.2
769	3.625	3319	157.9	768	54.3
770	3.703	3335	157.2	768	54.5
771	3.562	3329	157.5	768	54.4
772	3.547	3319	157.9	768	54.2
773	3.578	3310	158.4	768	54.0
774	3.531	3328	157.6	768	54.2
775	3.625	3328	157.5	768	54.1
776	3.484	3320	157.9	768	54.0
777	3.562	3332	157.3	768	54.1
778	3.625	3336	157.2	768	54.1
779	3.469	3336	157.1	768	54.0
780	3.391	3322	157.8	768	53.8
781	3.688	3330	157.5	768	53.8
782	3.328	3333	157.3	768	53.8
783	3.625	3335	157.2	768	53.8
784	3.656	3324	157.7	768	53.6
785	3.422	3324	157.7	768	53.5
786	3.484	3346	156.7	768	53.8
787	3.531	3324	157.7	768	53.4
788	3.547	3332	157.4	768	53.5
789	3.438	3338	157.1	768	53.5
790	3.297	3323	157.8	768	53.2
791	3.406	3338	157.1	768	53.4
792	3.938	3340	157.0	768	53.4
793	3.625	3329	157.5	768	53.1
794	3.594	3341	156.9	768	53.3
795	3.578	3319	158.0	768	52.9
796	3.688	3323	157.8	768	52.9
797	3.688	3333	157.3	768	53.0
798	3.500	3345	156.7	768	53.1
799	3.797	3329	157.5	768	52.8
800	3.578	3330	157.5	768	52.8
801	3.641	3327	157.6	768	52.7
802	3.422	3328	157.6	768	52.6
803	3.656	3327	157.6	768	52.6
804	3.875	3328	157.6	768	52.5
805	3.547	3317	158.1	768	52.3
806	3.688	3310	158.4	768	52.1
807	3.578	3328	157.5	768	52.4
808	3.703	3322	157.8	768	52.2
809	3.609	3319	158.0	768	52.1
810	3.516	3322	157.8	768	52.1
811	3.625	3321	157.8	768	52.0
812	3.641	3324	157.7	768	52.0
813	3.734	3334	157.2	768	52.1
814	3.719	3332	157.4	768	52.0
815	3.797	3318	158.0	768	51.8
816	3.641	3320	157.9	768	51.7
817	3.422	3332	157.4	768	51.9
818	3.328	3325	157.7	768	51.7
819	3.547	3334	157.3	768	51.8
820	3.547	3321	157.9	768	51.5
821	3.719	3327	157.6	768	51.6
822	3.594	3305	158.6	768	51.2
823	3.609	3332	157.4	768	51.5
824	3.562	3328	157.5	768	51.4
825	3.703	3344	156.8	768	51.6
826	3.578	3342	156.9	768	51.5
827	3.641	3331	157.4	768	51.3
828	3.562	3342	156.9	768	51.4
829	3.594	3353	156.4	768	51.5
830	3.453	3338	157.1	768	51.2
831	3.734	3338	157.1	768	51.2
832	3.328	3335	157.2	768	51.1
833	3.531	3314	158.2	768	50.7
834	3.656	3329	157.5	768	50.9
835	3.500	3325	157.7	768	50.8
836	3.562	3333	157.3	768	50.8
837	3.531	3336	157.2	768	50.8
838	3.562	3323	157.8	768	50.6
839	3.609	3311	158.4	768	50.3
840	3.562	3339	157.0	768	50.7
841	3.547	3327	157.6	768	50.5
842	3.438	3323	157.8	768	50.3
843	3.547	3324	157.7	768	50.3
844	3.844	3328	157.6	768	50.3
845	3.625	3324	157.7	768	50.2
846	3.641	3324	157.7	768	50.1
847	3.609	3329	157.5	768	50.2
848	3.672	3336	157.2	768	50.2
849	3.844	3330	157.4	768	50.1
850	3.578	3328	157.6	768	50.0
851	3.438	3334	157.2	768	50.0
852	3.516	3323	157.8	768	49.8
853	3.234	3336	157.2	768	49.9
854	3.500	3330	157.4	768	49.8
855	3.469	3318	158.0	768	49.6
856	3.641	3327	157.6	768	49.6
857	3.688	3317	158.1	768	49.4
858	3.672	3322	157.8	768	49.4
859	3.844	3330	157.5	768	49.5
860	3.547	3309	158.4	768	49.1
861	3.734	3340	157.0	768	49.5
862	3.641	3309	158.4	768	49.0
863	3.531	3321	157.9	768	49.1
864	3.469	3320	157.9	768	49.1
865	3.812	3320	157.9	768	49.0
866	3.641	3338	157.1	768	49.2
867	3.359	3317	158.1	768	48.9
868	3.688	3316	158.1	768	48.8
869	3.516	3319	158.0	768	48.8
870	3.469	3315	158.1	768	48.7
871	3.375	3324	157.7	768	48.8
872	3.516	3346	156.7	768	49.0
873	3.516	3339	157.0	768	48.9
874	3.281	3333	157.3	768	48.7
875	3.359	3338	157.1	768	48.7
876	3.391	3396	154.4	1024	49.5
877	3.453	3387	154.8	1024	49.3
878	3.422	3407	153.9	1024	49.6
879	3.375	3408	153.8	1024	49.5
880	3.469	3392	154.6	1024	49.2
881	3.391	3401	154.1	1024	49.3
882	3.641	3418	153.4	1024	49.5
883	3.453	3414	153.6	1024	49.4
884	3.500	3404	154.0	1024	49.2
885	3.734	3404	154.0	1024	49.1
886	3.672	3432	152.8	1024	49.5
887	3.609	3415	153.5	1024	49.2
888	3.703	3444	152.3	1024	49.5
889	3.703	3443	152.3	1024	49.5
890	3.438	3424	153.1	1024	49.1
891	3.422	3400	154.2	1024	48.7
892	3.609	3431	152.8	1024	49.1
893	3.531	3420	153.3	1024	48.9
894	3.688	3406	153.9	1024	48.6
895	3.484	3405	154.0	1024	48.6
896	3.734	3404	154.0	1024	48.5
897	4.375	3431	152.8	1024	48.8
898	3.562	3394	154.5	1024	48.2
899	3.609	3365	155.8	1024	47.8
900	3.344	3402	154.1	1024	48.3
901	3.484	3410	153.8	1024	48.3
902	3.594	3394	154.5	1024	48.0
903	3.641	3443	152.3	1024	48.7
904	3.609	3379	155.2	1024	47.7
905	3.578	3401	154.2	1024	48.0
906	3.531	3427	153.0	1024	48.3
907	3.625	3405	154.0	1024	47.9
908	3.562	3357	156.2	1024	47.2
909	3.469	3369	155.6	1024	47.3
910	3.531	3399	154.3	1024	47.6
911	3.719	3385	154.9	1024	47.4
912	3.641	3418	153.4	1024	47.8
913	3.438	3392	154.6	1024	47.4
914	3.641	3436	152.6	1024	47.9
915	3.453	3396	154.4	1024	47.3
916	3.453	3391	154.6	1024	47.2
917	3.484	3399	154.3	1024	47.2
918	3.531	3370	155.6	1024	46.8
919	3.531	3403	154.1	1024	47.2
920	3.375	3379	155.1	1024	46.8
921	3.516	3419	153.3	1024	47.3
922	3.547	3411	153.7	1024	47.1
923	3.672	3415	153.5	1024	47.1
924	3.500	3390	154.6	1024	46.7
925	3.438	3390	154.7	1024	46.7
926	3.375	3437	152.5	1024	47.3
927	3.562	3393	154.5	1024	46.6
928	3.375	3375	155.3	1024	46.3
929	3.266	3409	153.8	1024	46.7
930	3.469	3385	154.9	1024	46.3
931	3.547	3413	153.6	1024	46.6
932	3.422	3395	154.4	1024	46.3
933	3.562	3422	153.2	1024	46.7
934	3.438	3395	154.4	1024	46.2
935	3.672	3406	153.9	1024	46.3
936	3.438	3392	154.6	1024	46.1
937	3.703	3421	153.2	1024	46.4
938	3.578	3422	153.2	1024	46.4
939	3.641	3416	153.5	1024	46.2
940	3.562	3387	154.8	1024	45.8
941	3.422	3417	153.4	1024	46.1
942	3.453	3383	155.0	1024	45.6
943	3.531	3400	154.2	1024	45.8
944	3.625	3403	154.1	1024	45.8
945	3.469	3394	154.5	1024	45.6
946	3.609	3377	155.3	1024	45.3
947	3.594	3895	134.6	1024	52.2
948	3.719	3446	152.2	1024	46.1
949	3.578	3398	154.3	1024	45.4
950	3.547	3382	155.0	1024	45.2
951	3.531	3394	154.5	1024	45.3
952	3.562	3379	155.2	1024	45.0
953	3.547	3414	153.6	1024	45.4
954	3.578	3385	154.9	1024	45.0
955	3.500	3396	154.4	1024	45.1
956	3.531	3389	154.7	1024	44.9
957	3.453	3397	154.4	1024	44.9
958	3.547	3376	155.3	1024	44.6
959	3.484	3389	154.7	1024	44.7
960	3.953	3375	155.4	1024	44.5
961	3.594	3379	155.2	1024	44.5
962	3.734	3379	155.1	1024	44.4
963	3.609	3400	154.2	1024	44.7
964	3.469	3365	155.8	1024	44.1
965	3.547	3402	154.1	1024	44.6
966	3.375	3406	154.0	1024	44.6
967	3.422	3408	153.8	1024	44.5
968	3.625	3422	153.2	1024	44.7
969	3.516	3426	153.0	1024	44.7
970	3.297	3409	153.8	1024	44.4
971	3.391	3399	154.3	1024	44.2
972	3.469	3401	154.2	1024	44.2
973	3.844	3407	153.9	1024	44.2
974	3.281	3413	153.6	1024	44.2
975	3.500	3411	153.7	1024	44.1
976	3.500	3391	154.6	1024	43.8
977	3.453	3377	155.3	1024	43.6
978	3.625	3394	154.5	1024	43.7
979	3.516	3398	154.3	1024	43.7
980	3.609	3386	154.8	1024	43.5
981	3.547	3389	154.7	1024	43.5
982	3.438	3380	155.1	1024	43.3
983	3.609	3408	153.8	1024	43.6
984	3.484	3394	154.5	1024	43.4
985	3.703	3381	155.1	1024	43.2
986	3.469	3381	155.1	1024	43.1
987	3.422	3388	154.8	1024	43.1
988	3.844	3390	154.7	1024	43.1
989	3.719	3401	154.1	1024	43.2
990	3.625	3401	154.2	1024	43.1
991	3.672	3410	153.7	1024	43.2
992	3.312	3383	155.0	1024	42.8
993	3.641	3409	153.8	1024	43.1
994	3.672	3395	154.4	1024	42.8
995	3.578	3412	153.7	1024	43.0
996	3.656	3394	154.5	1024	42.7
997	3.438	3391	154.6	1024	42.6
998	3.484	3391	154.6	1024	42.6
999	3.547	3381	155.1	1024	42.4
1000	3.438	3380	155.1	1024	42.3
1001	3.438	3392	154.6	1024	42.4
1002	3.469	3405	154.0	1024	42.5
1003	3.750	3410	153.8	1024	42.5
1004	3.344	3392	154.6	1024	42.2
1005	3.484	3383	155.0	1024	42.1
1006	3.578	3366	155.8	1024	41.8
1007	3.609	3384	154.9	1024	42.0
1008	3.594	3397	154.4	1024	42.1
1009	3.547	3392	154.6	1024	42.0
1010	3.531	3417	153.4	1024	42.2
1011	3.297	3398	154.3	1024	41.9
1012	3.234	3407	153.9	1024	42.0
1013	3.422	3404	154.0	1024	41.9
1014	3.375	3398	154.3	1024	41.7
1015	3.469	3396	154.4	1024	41.7
1016	3.547	3414	153.6	1024	41.8
1017	3.469	3407	153.9	1024	41.7
1018	3.375	3398	154.3	1024	41.5
1019	3.328	3410	153.7	1024	41.6
1020	3.469	3389	154.7	1024	41.3
1021	3.344	3390	154.6	1024	41.2
1022	3.406	3400	154.2	1024	41.3
1023	3.516	3425	153.1	1024	41.6
1024	3.469	3399	154.3	1024	41.2
1025	3.531	3394	154.5	1024	41.1
1026	3.781	3415	153.5	1024	41.3
1027	3.578	3407	153.9	1024	41.1
1028	3.594	3365	155.8	1024	40.5
1029	3.609	3411	153.7	1024	41.0
1030	3.625	3403	154.1	1024	40.9
1031	3.359	3376	155.3	1024	40.5
1032	3.547	3421	153.3	1024	41.0
1033	3.469	3379	155.2	1024	40.4
1034	3.516	3387	154.8	1024	40.5
1035	3.672	3400	154.2	1024	40.6
1036	3.469	3402	154.1	1024	40.5
1037	3.438	3387	154.8	1024	40.3
1038	3.484	3350	156.5	1024	39.8
1039	3.516	3391	154.6	1024	40.2
1040	3.656	3414	153.6	1024	40.5
1041	3.609	3403	154.0	1024	40.3
1042	3.531	3415	153.5	1024	40.4
1043	3.578	3389	154.7	1024	40.0
1044	3.562	3367	155.7	1024	39.7
1045	3.625	3460	151.5	1024	40.7
1046	3.391	3415	153.5	1024	40.1
1047	3.406	3385	154.9	1024	39.7
1048	3.516	3380	155.1	1024	39.6
1049	3.578	3391	154.6	1024	39.7
1050	3.844	3392	154.6	1024	39.6
1051	3.438	3420	153.3	1024	39.9
1052	3.484	3377	155.3	1024	39.3
1053	3.500	3387	154.8	1024	39.4
1054	3.688	3385	154.9	1024	39.3
1055	3.375	3374	155.4	1024	39.1
1056	3.359	3402	154.1	1024	39.4
1057	3.281	3374	155.4	1024	39.0
1058	3.359	3431	152.8	1024	39.6
1059	3.359	3382	155.0	1024	39.0
1060	3.297	3405	154.0	1024	39.2
1061	3.484	3399	154.2	1024	39.1
1062	3.250	3401	154.2	1024	39.1
1063	3.344	3411	153.7	1024	39.1
1064	3.516	3410	153.7	1024	39.0
1065	3.359	3411	153.7	1024	39.0
1066	3.500	3415	153.5	1024	39.0
1067	3.391	3408	153.8	1024	38.9
1068	3.469	3457	151.7	1024	39.4
1069	3.500	3400	154.2	1024	38.6
1070	4.125	3433	152.7	1024	39.0
1071	4.000	3417	153.4	1024	38.7
1072	3.531	3414	153.6	1024	38.6
1073	3.484	3411	153.7	1024	38.5
1074	3.516	3372	155.5	1024	38.0
1075	3.766	3406	154.0	1024	38.4
1076	3.422	3407	153.9	1024	38.3
1077	3.516	3438	152.5	1024	38.6
1078	3.438	3405	154.0	1024	38.2
1079	3.750	3397	154.4	1024	38.0
1080	3.531	3412	153.7	1024	38.2
1081	3.578	3389	154.7	1024	37.8
1082	3.562	3406	153.9	1024	38.0
1083	3.750	3394	154.5	1024	37.8
1084	3.594	3382	155.0	1024	37.6
1085	3.594	3365	155.8	1024	37.3
1086	3.516	3386	154.8	1024	37.5
1087	3.547	3366	155.8	1024	37.2
1088	3.891	3391	154.6	1024	37.5
1089	3.562	3375	155.4	1024	37.2
1090	3.531	3414	153.6	1024	37.6
1091	3.453	3355	156.3	1024	36.9
1092	3.578	3370	155.6	1024	37.0
1093	3.703	3384	155.0	1024	37.1
1094	3.641	3380	155.1	1024	37.0
1095	3.297	3395	154.5	1024	37.1
1096	3.547	3389	154.7	1024	37.0
1097	3.531	3384	154.9	1024	36.9
1098	3.562	3370	155.6	1024	36.7
1099	3.609	3399	154.2	1024	36.9
1100	3.531	3387	154.8	1024	36.7
1101	3.500	3390	154.6	1024	36.7
1102	3.500	3408	153.8	1024	36.9
1103	3.531	3395	154.4	1024	36.7
1104	3.266	3399	154.2	1024	36.7
1105	3.438	3419	153.3	1024	36.8
1106	3.375	3406	153.9	1024	36.6
1107	3.297	3406	153.9	1024	36.6
1108	3.234	3416	153.5	1024	36.6
1109	3.375	3405	154.0	1024	36.4
1110	3.281	3399	154.2	1024	36.3
1111	3.484	3381	155.1	1024	36.1
1112	3.172	3389	154.7	1024	36.1
1113	3.328	3394	154.5	1024	36.1
1114	3.656	3417	153.5	1024	36.3
1115	3.562	3390	154.6	1024	35.9
1116	3.688	3410	153.7	1024	36.1
1117	3.391	3374	155.4	1024	35.7
1118	3.656	3389	154.7	1024	35.8
1119	3.391	3414	153.6	1024	36.0
1120	3.391	3396	154.4	1024	35.7
1121	3.562	3429	152.9	1024	36.0
1122	3.734	3394	154.5	1024	35.6
1123	3.453	3439	152.4	1024	36.0
1124	3.422	3416	153.5	1024	35.7
1125	3.547	3424	153.1	1024	35.7
1126	3.562	3406	153.9	1024	35.5
1127	3.781	3404	154.0	1024	35.4
1128	3.500	3405	154.0	1024	35.4
1129	3.562	3388	154.7	1024	35.1
1130	3.578	3407	153.9	1024	35.3
1131	3.562	3400	154.2	1024	35.1
1132	3.531	3398	154.3	1024	35.1
1133	3.562	3377	155.2	1024	34.8
1134	3.469	3371	155.5	1024	34.7
1135	3.516	3420	153.3	1024	35.1
1136	3.469	3388	154.7	1024	34.7
1137	3.422	3417	153.4	1024	35.0
1138	3.438	3388	154.8	1024	34.6
1139	3.375	3442	152.3	1024	35.1
1140	3.516	3411	153.7	1024	34.7
1141	3.422	3392	154.6	1024	34.5
1142	3.469	3379	155.2	1024	34.3
1143	3.406	3390	154.7	1024	34.3
1144	3.438	3391	154.6	1024	34.3
1145	3.531	3391	154.6	1024	34.2
1146	3.453	3414	153.6	1024	34.4
1147	3.469	3376	155.3	1024	34.0
1148	3.484	3442	152.3	1024	34.6
1149	3.391	3433	152.7	1024	34.4
1150	3.422	3382	155.0	1024	33.9
1151	3.359	3393	154.5	1024	33.9
1152	3.438	3425	153.1	1024	34.2
1153	3.547	3409	153.8	1024	34.0
1154	3.156	3409	153.8	1024	33.9
1155	3.484	3405	154.0	1024	33.8
1156	3.297	3396	154.4	1024	33.7
1157	3.484	3414	153.6	1024	33.8
1158	3.281	3401	154.2	1024	33.6
1159	3.469	3407	153.9	1024	33.6
1160	3.453	3407	153.9	1024	33.6
1161	3.453	3404	154.0	1024	33.5
1162	3.547	3408	153.8	1024	33.5
1163	3.578	3411	153.7	1024	33.4
1164	3.469	3402	154.1	1024	33.3
1165	3.453	3432	152.8	1024	33.5
1166	3.891	3404	154.0	1024	33.2
1167	3.469	3396	154.4	1024	33.1
1168	3.609	3461	151.5	1280	33.6
1169	3.375	3461	151.5	1280	33.6
1170	3.344	3428	152.9	1280	33.2
1171	3.359	3433	152.7	1280	33.2
1172	3.625	3468	151.2	1280	33.5
1173	3.469	3397	154.3	1280	32.7
1174	3.500	3492	150.1	1280	33.6
1175	3.484	3454	151.8	1280	33.2
1176	3.281	3452	151.9	1280	33.1
1177	3.594	3459	151.6	1280	33.1
1178	3.406	3416	153.5	1280	32.6
1179	3.594	3451	151.9	1280	32.9
1180	3.219	3466	151.2	1280	33.0
1181	3.500	3442	152.3	1280	32.7
1182	3.406	3458	151.6	1280	32.8
1183	3.484	3450	152.0	1280	32.7
1184	3.547	3435	152.6	1280	32.5
1185	3.594	3454	151.8	1280	32.6
1186	3.578	3448	152.1	1280	32.5
1187	3.500	3460	151.5	1280	32.5
1188	3.234	3458	151.6	1280	32.4
1189	3.484	3481	150.6	1280	32.6
1190	3.391	3459	151.6	1280	32.3
1191	3.422	3475	150.9	1280	32.4
1192	3.344	3428	153.0	1280	31.9
1193	3.469	3480	150.7	1280	32.4
1194	3.453	3455	151.7	1280	32.1
1195	3.188	3454	151.8	1280	32.0
1196	3.344	3455	151.8	1280	32.0
1197	3.297	3450	152.0	1280	31.9
1198	3.234	3458	151.6	1280	31.9
1199	3.359	3473	151.0	1280	32.0
1200	3.484	3453	151.8	1280	31.7
1201	3.422	3504	149.6	1280	32.1
1202	3.312	3426	153.0	1280	31.4
1203	3.250	3473	151.0	1280	31.7
1204	3.078	3484	150.5	1280	31.8
1205	3.281	3474	150.9	1280	31.6
1206	3.359	3457	151.7	1280	31.4
1207	3.969	3463	151.4	1280	31.4
1208	3.656	3453	151.8	1280	31.2
1209	3.516	3450	152.0	1280	31.2
1210	3.359	3460	151.5	1280	31.2
1211	3.516	3488	150.3	1280	31.4
1212	3.656	3457	151.7	1280	31.1
1213	3.562	3479	150.7	1280	31.2
1214	3.500	3431	152.8	1280	30.7
1215	3.328	3468	151.2	1280	31.0
1216	3.500	3494	150.1	1280	31.2
1217	3.422	3442	152.3	1280	30.6
1218	3.375	3458	151.6	1280	30.7
1219	3.406	3465	151.3	1280	30.7
1220	3.453	3434	152.7	1280	30.4
1221	3.531	3432	152.8	1280	30.3
1222	3.766	3477	150.8	1280	30.7
1223	3.719	3450	151.9	1280	30.4
1224	3.359	3457	151.7	1280	30.4
1225	3.516	3452	151.9	1280	30.3
1226	3.531	3451	151.9	1280	30.2
1227	3.500	3471	151.0	1280	30.3
1228	3.172	3418	153.4	1280	29.8
1229	3.391	3444	152.2	1280	30.0
1230	3.516	3433	152.7	1280	29.8
1231	3.438	3425	153.1	1280	29.7
1232	3.297	3476	150.8	1280	30.1
1233	3.500	3456	151.7	1280	29.8
1234	3.438	3477	150.8	1280	30.0
1235	3.375	3459	151.6	1280	29.7
1236	3.547	3457	151.7	1280	29.7
1237	3.453	3466	151.2	1280	29.7
1238	3.328	3496	150.0	1280	29.9
1239	3.469	3438	152.5	1280	29.3
1240	3.344	3461	151.5	1280	29.5
1241	3.188	3441	152.4	1280	29.3
1242	3.141	3456	151.7	1280	29.3
1243	3.062	3463	151.4	1280	29.3
1244	3.406	3451	151.9	1280	29.2
1245	3.203	3499	149.9	1280	29.5
1246	3.297	3441	152.4	1280	29.0
1247	3.422	3476	150.8	1280	29.2
1248	3.219	3503	149.7	1280	29.4
1249	3.500	3508	149.4	1280	29.4
1250	3.172	3446	152.1	1280	28.8
1251	3.297	3484	150.5	1280	29.0
1252	3.484	3441	152.4	1280	28.6
1253	3.719	3506	149.5	1280	29.1
1254	3.469	3505	149.6	1280	29.0
1255	3.453	3508	149.4	1280	29.0
1256	3.531	3446	152.1	1280	28.4
1257	3.234	3464	151.4	1280	28.5
1258	3.375	3513	149.3	1280	28.9
1259	3.344	3445	152.2	1280	28.3
1260	3.406	3451	151.9	1280	28.2
1261	3.344	3509	149.4	1280	28.7
1262	3.422	3435	152.6	1280	28.0
1263	3.359	3415	153.5	1280	27.8
1264	3.266	3430	152.9	1280	27.8
1265	3.422	3486	150.4	1280	28.2
1266	3.531	3468	151.2	1280	28.0
1267	3.547	3438	152.5	1280	27.7
1268	3.547	3431	152.8	1280	27.6
1269	3.469	3471	151.1	1280	27.9
1270	3.250	3449	152.0	1280	27.6
1271	3.484	3395	154.4	1280	27.2
1272	3.484	3427	153.0	1280	27.4
1273	3.562	3480	150.7	1280	27.7
1274	3.469	3439	152.4	1280	27.3
1275	3.500	3464	151.4	1280	27.5
1276	3.344	3497	149.9	1280	27.7
1277	4.062	3489	150.3	1280	27.6
1278	3.562	3439	152.4	1280	27.1
1279	3.594	3431	152.8	1280	27.0
1280	3.453	3411	153.7	1280	26.8
1281	3.453	3435	152.6	1280	26.9
1282	3.484	3484	150.5	1280	27.2
1283	3.328	3487	150.4	1280	27.2
1284	3.547	3477	150.8	1280	27.1
1285	3.281	3439	152.4	1280	26.7
1286	3.281	3464	151.3	1280	26.8
1287	3.141	3500	149.8	1280	27.1
1288	3.266	3447	152.1	1280	26.6
1289	3.109	3474	150.9	1280	26.7
1290	3.531	3423	153.2	1280	26.3
1291	3.281	3460	151.5	1280	26.5
1292	3.156	3457	151.7	1280	26.4
1293	3.172	3447	152.1	1280	26.3
1294	3.312	3525	148.7	1280	26.8
1295	3.203	3496	150.0	1280	26.6
1296	3.375	3433	152.7	1280	26.0
1297	3.219	3460	151.5	1280	26.2
1298	3.047	3472	151.0	1280	26.2
1299	3.234	3489	150.3	1280	26.3
1300	3.453	3471	151.0	1280	26.1
1301	3.438	3447	152.1	1280	25.8
1302	3.375	3489	150.3	1280	26.1
1303	3.359	3482	150.6	1280	26.0
1304	3.203	3450	151.9	1280	25.7
1305	3.391	3544	148.0	1280	26.3
1306	3.375	3516	149.1	1280	26.1
1307	3.344	3416	153.5	1280	25.3
1308	3.203	3510	149.4	1280	25.9
1309	3.547	3466	151.3	1280	25.5
1310	3.422	3460	151.5	1280	25.4
1311	3.547	3444	152.2	1280	25.3
1312	3.250	3406	153.9	1280	24.9
1313	3.516	3442	152.3	1280	25.1
1314	3.453	3440	152.4	1280	25.1
1315	3.406	3442	152.3	1280	25.0
1316	3.250	3443	152.3	1280	25.0
1317	3.516	3444	152.2	1280	24.9
1318	3.375	3425	153.1	1280	24.7
1319	3.391	3491	150.2	1280	25.1
1320	3.328	3445	152.2	1280	24.7
1321	3.500	3445	152.2	1280	24.7
1322	3.281	3400	154.2	1280	24.3
1323	3.328	3454	151.8	1280	24.6
1324	3.297	3425	153.1	1280	24.4
1325	3.359	3461	151.5	1280	24.6
1326	3.406	3470	151.1	1280	24.6
1327	3.516	3465	151.3	1280	24.5
1328	3.281	3448	152.1	1280	24.3
1329	3.562	3454	151.8	1280	24.3
1330	3.312	3456	151.7	1280	24.3
1331	3.516	3481	150.6	1280	24.4
1332	3.453	3429	152.9	1280	23.9
1333	3.219	3501	149.8	1280	24.4
1334	3.078	3461	151.5	1280	24.1
1335	3.156	3463	151.4	1280	24.0
1336	3.297	3453	151.8	1280	23.9
1337	3.188	3470	151.1	1280	23.9
1338	3.391	3432	152.7	1280	23.6
1339	3.344	3513	149.3	1280	24.1
1340	3.219	3443	152.3	1280	23.6
1341	3.328	3433	152.7	1280	23.5
1342	3.156	3457	151.7	1280	23.6
1343	2.922	3448	152.1	1280	23.4
1344	3.469	3502	149.7	1280	23.8
1345	3.359	3466	151.3	1280	23.5
1346	3.031	3471	151.1	1280	23.4
1347	3.234	3473	151.0	1280	23.4
1348	3.406	3447	152.1	1280	23.2
1349	3.359	3483	150.5	1280	23.3
1350	3.516	3445	152.2	1280	23.0
1351	3.312	3457	151.7	1280	23.0
1352	3.234	3450	152.0	1280	22.9
1353	3.453	3440	152.4	1280	22.8
1354	3.266	3467	151.2	1280	22.9
1355	3.219	3473	151.0	1280	22.9
1356	3.359	3432	152.8	1280	22.6
1357	3.172	3518	149.0	1280	23.1
1358	3.422	3415	153.5	1280	22.4
1359	3.375	3447	152.1	1280	22.5
1360	3.344	3483	150.5	1280	22.7
1361	3.391	3439	152.5	1280	22.4
1362	3.281	3433	152.7	1280	22.3
1363	3.469	3457	151.7	1280	22.4
1364	3.422	3450	152.0	1280	22.3
1365	3.453	3483	150.5	1280	22.4
1366	3.422	3488	150.3	1280	22.4
1367	3.406	3437	152.5	1280	22.0
1368	3.281	3420	153.3	1280	21.8
1369	3.297	3422	153.2	1280	21.8
1370	3.312	3481	150.6	1280	22.1
1371	3.266	3437	152.5	1280	21.8
1372	3.328	3426	153.0	1280	21.6
1373	3.375	3507	149.5	1280	22.1
1374	3.219	3477	150.8	1280	21.8
1375	3.312	3414	153.6	1280	21.4
1376	2.984	3465	151.3	1280	21.7
1377	3.453	3440	152.4	1280	21.4
1378	3.375	3430	152.9	1280	21.3
1379	3.328	3447	152.1	1280	21.4
1380	2.984	3473	151.0	1280	21.5
1381	3.062	3447	152.1	1280	21.3
1382	3.047	3461	151.5	1280	21.3
1383	3.297	3428	152.9	1280	21.0
1384	3.312	3462	151.4	1280	21.2
1385	3.094	3440	152.4	1280	21.0
1386	3.359	3449	152.0	1280	21.0
1387	3.281	3461	151.5	1280	21.0
1388	3.672	3492	150.1	1280	21.1
1389	3.219	3447	152.1	1280	20.8
1390	3.125	3502	149.7	1280	21.1
1391	3.094	3444	152.2	1280	20.7
1392	3.891	3471	151.0	1280	20.8
1393	3.391	3459	151.6	1280	20.6
1394	3.422	3468	151.2	1280	20.6
1395	3.250	3486	150.4	1280	20.7
1396	3.344	3493	150.1	1280	20.7
1397	3.422	3514	149.2	1280	20.7
1398	3.297	3436	152.6	1280	20.2
1399	3.469	3452	151.9	1280	20.3
1400	3.156	3466	151.3	1280	20.3
1401	3.422	3508	149.5	1280	20.5
1402	3.250	3474	150.9	1280	20.2
1403	3.172	3465	151.3	1280	20.1
1404	3.375	3434	152.7	1280	19.9
1405	3.172	3445	152.2	1280	19.9
1406	3.250	3426	153.0	1280	19.7
1407	3.641	3445	152.2	1280	19.8
1408	3.625	3418	153.4	1280	19.5
1409	3.344	3444	152.2	1280	19.6
1410	3.281	3429	152.9	1280	19.5
1411	3.359	3487	150.3	1280	19.8
1412	3.219	3428	152.9	1280	19.4
1413	3.328	3438	152.5	1280	19.4
1414	3.266	3422	153.2	1280	19.2
1415	3.422	3496	150.0	1280	19.6
1416	3.188	3427	153.0	1280	19.1
1417	3.266	3443	152.3	1280	19.2
1418	3.172	3422	153.2	1280	19.0
1419	3.250	3467	151.2	1280	19.2
1420	3.344	3438	152.5	1280	19.0
1421	3.406	3450	152.0	1280	19.0
1422	3.234	3447	152.1	1280	18.9
1423	3.344	3463	151.4	1280	18.9
1424	3.219	3467	151.2	1280	18.9
1425	3.297	3437	152.5	1280	18.7
1426	3.266	3470	151.1	1280	18.8
1427	3.156	3443	152.3	1280	18.6
1428	3.219	3434	152.7	1280	18.5
1429	3.234	3457	151.7	1280	18.6
1430	3.016	3464	151.3	1280	18.5
1431	3.312	3459	151.6	1280	18.5
1432	3.469	3464	151.3	1280	18.4
1433	3.234	3470	151.1	1280	18.4
1434	3.531	3487	150.4	1280	18.4
1435	3.344	3459	151.6	1280	18.2
1436	3.172	3470	151.1	1280	18.2
1437	3.156	3485	150.5	1280	18.2
1438	3.156	3532	148.4	1280	18.4
1439	3.125	3465	151.3	1280	18.0
1440	3.625	3449	152.0	1280	17.9
1441	3.234	3459	151.6	1280	17.9
1442	3.453	3469	151.1	1280	17.9
1443	3.406	3480	150.7	1280	17.9
1444	3.375	3492	150.2	1280	17.9
1445	3.062	3470	151.1	1280	17.7
1446	3.312	3465	151.3	1280	17.6
1447	3.453	3464	151.3	1280	17.6
1448	3.281	3459	151.6	1280	17.5
1449	3.328	3453	151.8	1280	17.4
1450	3.438	3514	149.2	1280	17.6
1451	3.344	3446	152.2	1280	17.2
1452	3.125	3471	151.0	1280	17.3
1453	3.578	3472	151.0	1280	17.2
1454	3.391	3442	152.3	1280	17.0
1455	3.438	3442	152.3	1280	17.0
1456	3.688	3477	150.8	1280	17.1
1457	3.328	3432	152.8	1280	16.8
1458	3.297	3470	151.1	1280	16.9
1459	3.156	3415	153.5	1280	16.6
1460	3.312	3521	148.9	1536	17.1
1461	3.281	3469	151.1	1536	16.8
1462	3.297	3481	150.6	1536	16.8
1463	3.375	3461	151.5	1536	16.6
1464	3.266	3458	151.6	1536	16.5
1465	3.266	3505	149.6	1536	16.7
1466	3.375	3469	151.1	1536	16.5
1467	3.234	3505	149.6	1536	16.6
1468	3.312	3522	148.9	1536	16.6
1469	3.328	3497	149.9	1536	16.4
1470	3.406	3428	152.9	1536	16.1
1471	3.344	3558	147.3	1536	16.6
1472	3.297	3534	148.3	1536	16.4
1473	3.188	3487	150.3	1536	16.2
1474	3.172	3465	151.3	1536	16.0
1475	3.281	3434	152.7	1536	15.8
1476	3.047	3497	149.9	1536	16.0
1477	3.203	3504	149.6	1536	16.0
1478	3.156	3531	148.5	1536	16.1
1479	3.328	3487	150.4	1536	15.8
1480	3.266	3523	148.8	1536	15.9
1481	3.250	3472	151.0	1536	15.6
1482	2.984	3519	149.0	1536	15.8
1483	3.109	3524	148.8	1536	15.7
1484	3.188	3448	152.0	1536	15.3
1485	3.078	3484	150.5	1536	15.4
1486	3.281	3472	151.0	1536	15.3
1487	3.141	3582	146.4	1536	15.8
1488	3.359	3506	149.5	1536	15.4
1489	3.219	3531	148.5	1536	15.4
1490	3.516	3485	150.4	1536	15.2
1491	3.391	3506	149.6	1536	15.2
1492	3.531	3495	150.0	1536	15.1
1493	3.188	3509	149.4	1536	15.1
1494	3.203	3522	148.9	1536	15.1
1495	3.281	3489	150.3	1536	14.9
1496	3.359	3561	147.2	1536	15.1
1497	3.484	3497	149.9	1536	14.8
1498	3.172	3518	149.0	1536	14.8
1499	3.266	3577	146.6	1536	15.0
1500	3.484	3492	150.1	1536	14.6
1501	3.266	3465	151.3	1536	14.4
1502	3.328	3450	152.0	1536	14.3
1503	3.344	3468	151.2	1536	14.3
1504	3.344	3502	149.7	1536	14.4
1505	3.469	3503	149.7	1536	14.4
1506	3.188	3456	151.7	1536	14.1
1507	3.422	3484	150.5	1536	14.2
1508	3.000	3465	151.3	1536	14.0
1509	3.438	3557	147.4	1536	14.3
1510	3.328	3449	152.0	1536	13.9
1511	3.375	3564	147.1	1536	14.3
1512	3.234	3490	150.2	1536	13.9
1513	3.328	3470	151.1	1536	13.8
1514	3.266	3484	150.5	1536	13.8
1515	3.484	3507	149.5	1536	13.8
1516	3.078	3472	151.0	1536	13.6
1517	3.312	3426	153.0	1536	13.4
1518	3.344	3511	149.3	1536	13.6
1519	3.062	3470	151.1	1536	13.4
1520	3.109	3479	150.7	1536	13.4
1521	3.328	3473	151.0	1536	13.3
1522	3.281	3577	146.6	1536	13.7
1523	2.953	3510	149.4	1536	13.3
1524	3.328	3555	147.5	1536	13.4
1525	3.234	3469	151.1	1536	13.1
1526	3.250	3457	151.6	1536	13.0
1527	3.266	3515	149.1	1536	13.1
1528	3.172	3464	151.3	1536	12.9
1529	3.219	3511	149.3	1536	13.0
1530	3.172	3497	149.9	1536	12.9
1531	3.234	3482	150.6	1536	12.8
1532	3.125	3474	150.9	1536	12.7
1533	3.141	3523	148.8	1536	12.8
1534	3.391	3523	148.8	1536	12.7
1535	3.125	3519	149.0	1536	12.7
1536	3.188	3520	149.0	1536	12.6
1537	3.297	3567	147.0	1536	12.7
1538	3.469	3474	150.9	1536	12.3
1539	3.188	3502	149.7	1536	12.4
1540	3.094	3484	150.5	1536	12.3
1541	3.281	3553	147.6	1536	12.4
1542	3.328	3544	147.9	1536	12.3
1543	3.391	3538	148.2	1536	12.3
1544	3.484	3562	147.2	1536	12.3
1545	3.266	3521	148.9	1536	12.1
1546	3.312	3483	150.5	1536	11.9
1547	3.797	3537	148.2	1536	12.0
1548	3.438	3474	150.9	1536	11.8
1549	3.250	3522	148.9	1536	11.9
1550	3.234	3454	151.8	1536	11.6
1551	3.375	3495	150.0	1536	11.6
1552	3.375	3466	151.2	1536	11.5
1553	3.328	3442	152.3	1536	11.4
1554	3.375	3475	150.9	1536	11.4
1555	3.188	3475	150.9	1536	11.4
1556	3.219	3479	150.7	1536	11.3
1557	3.141	3482	150.6	1536	11.3
1558	3.438	3465	151.3	1536	11.1
1559	3.344	3502	149.7	1536	11.2
1560	3.328	3466	151.3	1536	11.0
1561	3.359	3443	152.3	1536	10.9
1562	3.188	3585	146.2	1536	11.3
1563	3.328	3530	148.5	1536	11.1
1564	3.375	3526	148.7	1536	11.0
1565	3.172	3559	147.3	1536	11.0
1566	3.391	3514	149.2	1536	10.8
1567	3.266	3492	150.2	1536	10.7
1568	3.281	3489	150.3	1536	10.6
1569	3.234	3477	150.8	1536	10.5
1570	3.219	3533	148.4	1536	10.7
1571	3.391	3505	149.6	1536	10.5
1572	3.234	3502	149.7	1536	10.4
1573	3.234	3503	149.7	1536	10.4
1574	3.234	3519	149.0	1536	10.4
1575	3.141	3495	150.0	1536	10.3
1576	3.094	3530	148.5	1536	10.3
1577	3.031	3520	149.0	1536	10.2
1578	3.156	3532	148.4	1536	10.2
1579	3.188	3554	147.5	1536	10.2
1580	3.234	3506	149.5	1536	10.0
1581	3.234	3515	149.2	1536	10.0
1582	3.281	3590	146.0	1536	10.1
1583	3.344	3521	148.9	1536	9.9
1584	3.219	3489	150.3	1536	9.7
1585	3.406	3478	150.8	1536	9.6
1586	3.328	3507	149.5	1536	9.6
1587	3.234	3559	147.3	1536	9.7
1588	3.391	3549	147.7	1536	9.6
1589	3.281	3533	148.4	1536	9.5
1590	3.219	3500	149.8	1536	9.4
1591	3.250	3479	150.7	1536	9.3
1592	3.156	3505	149.6	1536	9.3
1593	3.125	3532	148.5	1536	9.3
1594	3.469	3529	148.6	1536	9.2
1595	3.438	3466	151.3	1536	9.0
1596	3.281	3447	152.1	1536	8.9
1597	3.203	3484	150.5	1536	8.9
1598	3.266	3494	150.1	1536	8.9
1599	3.078	3521	148.9	1536	8.9
1600	3.391	3474	150.9	1536	8.7
1601	3.344	3490	150.2	1536	8.7
1602	3.422	3425	153.1	1536	8.5
1603	3.250	3462	151.4	1536	8.5
1604	3.406	3465	151.3	1536	8.5
1605	3.234	3466	151.2	1536	8.4
1606	3.094	3485	150.4	1536	8.4
1607	3.219	3514	149.2	1536	8.4
1608	3.047	3482	150.6	1536	8.3
1609	3.172	3452	151.9	1536	8.2
1610	3.297	3460	151.5	1536	8.1
1611	3.188	3459	151.6	1536	8.1
1612	3.344	3505	149.6	1536	8.1
1613	3.281	3472	151.0	1536	8.0
1614	3.203	3467	151.2	1536	7.9
1615	3.219	3487	150.3	1536	7.9
1616	3.078	3518	149.0	1536	7.9
1617	3.516	3505	149.6	1536	7.8
1618	3.219	3546	147.8	1536	7.9
1619	3.203	3478	150.7	1536	7.7
1620	3.219	3506	149.5	1536	7.7
1621	3.281	3493	150.1	1536	7.6
1622	3.203	3548	147.8	1536	7.6
1623	3.234	3502	149.7	1536	7.5
1624	3.422	3517	149.1	1536	7.4
1625	3.359	3524	148.8	1536	7.4
1626	3.031	3546	147.9	1536	7.4
1627	3.031	3510	149.4	1536	7.3
1628	3.484	3482	150.6	1536	7.1
1629	3.203	3543	148.0	1536	7.2
1630	3.422	3507	149.5	1536	7.1
1631	3.422	3491	150.2	1536	7.0
1632	3.250	3535	148.3	1536	7.0
1633	3.219	3508	149.5	1536	6.9
1634	3.406	3520	148.9	1536	6.9
1635	3.266	3509	149.4	1536	6.8
1636	3.172	3491	150.2	1536	6.7
1637	3.156	3565	147.1	1536	6.8
1638	3.422	3535	148.3	1536	6.7
1639	3.406	3469	151.1	1536	6.5
1640	3.234	3469	151.2	1536	6.4
1641	3.406	3516	149.1	1536	6.4
1642	3.297	3459	151.6	1536	6.3
1643	3.406	3496	150.0	1536	6.3
1644	3.312	3467	151.2	1536	6.2
1645	3.234	3430	152.8	1536	6.1
1646	3.141	3516	149.1	1536	6.2
1647	3.266	3493	150.1	1536	6.1
1648	3.109	3542	148.0	1536	6.1
1649	3.297	3426	153.0	1536	5.8
1650	3.438	3443	152.3	1536	5.8
1651	3.203	3520	148.9	1536	5.9
1652	3.016	3519	149.0	1536	5.8
1653	3.359	3483	150.5	1536	5.7
1654	3.078	3529	148.6	1536	5.7
1655	3.234	3485	150.4	1536	5.6
1656	3.312	3485	150.4	1536	5.5
1657	3.312	3444	152.2	1536	5.4
1658	3.406	3501	149.8	1536	5.4
1659	3.281	3506	149.6	1536	5.4
1660	3.203	3459	151.6	1536	5.2
1661	3.141	3476	150.8	1536	5.2
1662	3.219	3506	149.5	1536	5.2
1663	3.016	3506	149.5	1536	5.1
1664	3.469	3514	149.2	1536	5.1
1665	3.266	3529	148.6	1536	5.1
1666	3.125	3527	148.6	1536	5.0
1667	2.969	3480	150.7	1536	4.9
1668	3.266	3569	146.9	1536	4.9
1669	3.109	3485	150.4	1536	4.8
1670	2.938	3545	147.9	1536	4.8
1671	2.953	3512	149.3	1536	4.7
1672	3.219	3504	149.6	1536	4.6
1673	3.219	3503	149.7	1536	4.6
1674	3.125	3524	148.8	1536	4.5
1675	3.328	3517	149.1	1536	4.5
1676	3.250	3485	150.5	1536	4.4
1677	3.141	3586	146.2	1536	4.4
1678	3.297	3556	147.4	1536	4.3
1679	3.172	3518	149.0	1536	4.2
1680	3.375	3470	151.1	1536	4.1
1681	3.266	3583	146.3	1536	4.2
1682	3.312	3578	146.5	1536	4.1
1683	3.359	3521	148.9	1536	4.0
1684	3.094	3467	151.2	1536	3.9
1685	3.281	3523	148.8	1536	3.9
1686	3.375	3497	149.9	1536	3.8
1687	3.266	3473	151.0	1536	3.7
1688	3.375	3461	151.5	1536	3.6
1689	3.328	3449	152.0	1536	3.6
1690	3.406	3433	152.7	1536	3.5
1691	3.281	3511	149.3	1536	3.5
1692	3.125	3485	150.4	1536	3.4
1693	3.203	3511	149.3	1536	3.4
1694	3.312	3544	147.9	1536	3.4
1695	3.281	3491	150.2	1536	3.3
1696	3.141	3530	148.5	1536	3.2
1697	3.219	3539	148.1	1536	3.2
1698	3.344	3479	150.7	1536	3.1
1699	3.188	3492	150.1	1536	3.0
1700	3.141	3456	151.7	1536	2.9
1701	3.203	3503	149.7	1536	2.9
1702	3.281	3447	152.1	1536	2.8
1703	3.203	3448	152.0	1536	2.8
1704	3.078	3517	149.1	1536	2.8
1705	3.156	3519	149.0	1536	2.7
1706	3.062	3438	152.5	1536	2.6
1707	3.078	3541	148.1	1536	2.6
1708	3.188	3493	150.1	1536	2.5
1709	3.375	3465	151.3	1536	2.4
1710	3.125	3460	151.5	1536	2.4
1711	2.906	3463	151.4	1536	2.3
1712	3.203	3591	146.0	1536	2.3
1713	3.359	3515	149.1	1536	2.2
1714	3.109	3496	150.0	1536	2.2
1715	3.078	3453	151.8	1536	2.1
1716	3.219	3555	147.5	1536	2.1
1717	3.141	3472	151.0	1536	2.0
1718	3.234	3508	149.5	1536	1.9
1719	2.938	3516	149.1	1536	1.9
1720	3.234	3481	150.6	1536	1.8
1721	3.359	3514	149.2	1536	1.8
1722	3.312	3552	147.6	1536	1.7
1723	3.703	3542	148.0	1536	1.7
1724	3.266	3500	149.8	1536	1.6
1725	3.219	3501	149.8	1536	1.5
1726	3.297	3502	149.7	1536	1.5
1727	3.328	3484	150.5	1536	1.4
1728	3.312	3564	147.1	1536	1.4
1729	3.219	3469	151.2	1536	1.3
1730	3.250	3488	150.3	1536	1.2
1731	3.219	3491	150.2	1536	1.2
1732	3.312	3496	150.0	1536	1.1
1733	3.312	3491	150.2	1536	1.0
1734	3.375	3528	148.6	1536	1.0
1735	3.094	3513	149.3	1536	0.9
1736	3.172	3472	151.0	1536	0.9
1737	3.234	3473	150.9	1536	0.8
1738	3.234	3535	148.3	1536	0.8
1739	3.219	3465	151.3	1536	0.7
1740	3.203	3483	150.5	1536	0.6
1741	3.344	3490	150.2	1536	0.6
1742	3.219	3458	151.6	1536	0.5
1743	3.312	3466	151.3	1536	0.5
1744	3.125	3501	149.7	1536	0.4
1745	3.266	3497	149.9	1536	0.3
1746	3.281	3560	147.3	1536	0.3
1747	3.203	3512	149.3	1536	0.2
1748	3.188	3464	151.4	1536	0.2
1749	3.250	3448	152.0	1536	0.1
1750	3.266	3503	149.7	1536	0.1
1751	3.281	3510	149.4	1792	0.0
