Successfully imported torchao. FP8 training enabled.
/root/gptspeedrun/./train_gpt2_4090_90min_3_25loss.py:316: UserWarning: The given buffer is not writable, and PyTorch does not support non-writable tensors. This means you can write to the underlying (supposedly non-writable) buffer using the tensor. You may want to copy the buffer to protect its data or make it writable before converting it to a tensor. This type of warning will be suppressed for the rest of this program. (Triggered internally at /pytorch/torch/csrc/utils/tensor_new.cpp:1581.)
  return torch.frombuffer(f.read(), dtype=torch.uint16)[256*2:]
Converting Linear layers to Float8...
Run ID: 7b1b30e2-7a9d-436d-8a1a-9690639a3214
Step	Loss	Time(ms)	kt/s	Window	ETA(m)	Malbo Loss
1	10.812	  269983	1.9	256	7874.5	10.815
2	9.875	    3098	169.3	256	90.3	9.904
3	9.062	    3115	168.3	256	90.7	8.919
4	8.750	    3116	168.2	256	90.7	8.175
5	7.969	    3119	168.1	256	90.8	7.407
6	9.000	    3123	167.9	256	90.8	8.041
7	8.125	    3126	167.7	256	90.9	7.437
8	7.906	    3128	167.6	256	90.9	7.248
9	8.000	    3132	167.4	256	90.9	7.235
10	7.781	    3131	167.5	256	90.8	7.119
11	7.531	    3127	167.7	256	90.7	6.786
12	7.656	    3134	167.3	256	90.8	7.011
13	7.469	    3132	167.4	256	90.7	6.729
14	7.344	    3131	167.4	256	90.7	6.665
15	7.125	    3132	167.4	256	90.6	6.460
16	7.250	    3139	167.0	256	90.8	6.477
17	7.188	    3140	167.0	256	90.7	6.460
18	6.938	    3135	167.2	256	90.6	6.252
19	7.281	    3140	167.0	256	90.6	6.397
20	7.344	    3140	167.0	256	90.6	6.458
21	6.906	    3139	167.0	256	90.5	6.096
22	6.812	    3138	167.1	256	90.4	6.046
23	6.938	    3143	166.8	256	90.5	6.214
24	7.062	    3144	166.8	256	90.5	6.195
25	6.844	    3141	166.9	256	90.4	6.003
26	6.656	    3145	166.7	256	90.4	5.884
27	6.844	    3140	167.0	256	90.2	5.978
28	6.594	    3145	166.7	256	90.3	5.746
29	6.688	    3145	166.7	256	90.3	5.920
30	6.750	    3146	166.7	256	90.2	5.979
31	6.719	    3145	166.7	256	90.2	5.801
32	6.688	    3146	166.6	256	90.1	5.954
33	6.625	    3146	166.7	256	90.1	5.809
34	6.531	    3147	166.6	256	90.0	5.680
35	6.344	    3148	166.5	256	90.0	5.644
36	6.625	    3152	166.4	256	90.1	5.962
37	6.500	    3151	166.4	256	90.0	5.749
38	6.250	    3150	166.4	256	89.9	5.511
39	6.312	    3149	166.5	256	89.8	5.577
40	6.188	    3150	166.4	256	89.8	5.533
41	6.281	    3155	166.2	256	89.9	5.462
42	6.250	    3147	166.6	256	89.6	5.535
43	6.344	    3151	166.4	256	89.7	5.675
44	6.062	    3149	166.5	256	89.6	5.329
45	6.000	    3150	166.4	256	89.6	5.340
46	6.156	    3146	166.6	256	89.4	5.372
47	6.125	    3153	166.3	256	89.5	5.438
48	6.281	    3149	166.5	256	89.4	5.573
49	6.250	    3149	166.5	256	89.3	5.531
50	6.219	    3149	166.5	256	89.3	5.446
51	5.969	    3148	166.5	256	89.2	5.367
52	6.500	    3150	166.4	256	89.2	5.889
53	5.875	    3152	166.3	256	89.2	5.270
54	5.875	    3151	166.4	256	89.1	5.269
55	5.969	    3153	166.3	256	89.1	5.328
56	5.812	    3152	166.4	256	89.0	5.327
57	5.812	    3152	166.3	256	89.0	5.223
58	5.750	    3150	166.4	256	88.9	5.237
59	5.531	    3151	166.4	256	88.8	5.098
60	5.938	    3153	166.3	256	88.9	5.406
61	5.719	    3153	166.3	256	88.8	5.171
62	5.656	    3151	166.4	256	88.7	5.147
63	5.625	    3150	166.4	256	88.6	5.070
64	5.531	    3153	166.3	256	88.7	5.086
65	5.844	    3154	166.2	256	88.6	5.364
66	5.562	    3153	166.3	256	88.5	5.152
67	5.281	    3152	166.3	256	88.5	4.887
68	5.438	    3152	166.4	256	88.4	5.100
69	5.312	    3157	166.1	256	88.5	4.970
70	5.344	    3153	166.3	256	88.3	5.032
71	5.531	    3151	166.4	256	88.2	5.074
72	5.219	    3152	166.3	256	88.2	4.911
73	5.219	    3153	166.3	256	88.2	4.923
74	5.281	    3155	166.2	256	88.2	4.941
75	5.312	    3154	166.2	256	88.1	4.958
76	4.938	    3155	166.2	256	88.1	4.607
77	5.156	    3155	166.2	256	88.0	4.811
78	5.219	    3157	166.1	256	88.0	4.885
79	5.031	    3156	166.1	256	88.0	4.716
80	5.156	    3156	166.1	256	87.9	4.802
81	5.031	    3153	166.3	256	87.8	4.679
82	4.969	    3157	166.1	256	87.8	4.729
83	4.688	    3158	166.0	256	87.8	4.407
84	5.188	    3157	166.1	256	87.7	4.759
85	5.031	    3156	166.1	256	87.6	4.668
86	4.938	    3158	166.0	256	87.6	4.662
87	4.625	    3161	165.9	256	87.7	4.213
88	4.969	    3159	166.0	256	87.6	4.666
89	4.719	    3157	166.0	256	87.5	4.390
90	4.719	    3158	166.0	256	87.4	4.428
91	4.656	    3154	166.2	256	87.3	4.429
92	4.719	    3158	166.0	256	87.3	4.493
93	4.781	    3156	166.1	256	87.2	4.489
94	5.094	    3160	165.9	256	87.3	4.829
95	5.000	    3159	165.9	256	87.2	4.717
96	4.781	    3159	165.9	256	87.1	4.477
97	4.594	    3159	165.9	256	87.1	4.300
98	4.906	    3161	165.9	256	87.1	4.640
99	4.906	    3160	165.9	256	87.0	4.637
100	4.812	    3161	165.9	256	87.0	4.541
101	4.938	    3156	166.1	256	86.8	4.651
102	4.969	    3160	165.9	256	86.8	4.747
103	4.844	    3162	165.8	256	86.8	4.538
104	4.719	    3160	165.9	256	86.7	4.451
105	4.719	    3160	165.9	256	86.7	4.457
106	4.625	    3158	166.0	256	86.6	4.418
107	4.719	    3160	165.9	256	86.6	4.504
108	4.781	    3161	165.8	256	86.6	4.485
109	4.750	    3160	165.9	256	86.5	4.567
110	4.719	    3157	166.1	256	86.3	4.450
111	4.719	    3159	165.9	256	86.4	4.470
112	4.844	    3160	165.9	256	86.3	4.588
113	4.375	    3163	165.8	256	86.3	4.281
114	4.656	    3159	165.9	256	86.2	4.483
115	4.750	    3161	165.8	256	86.2	4.513
116	4.719	    3160	165.9	256	86.1	4.475
117	4.469	    3161	165.9	256	86.1	4.290
118	4.500	    3158	166.0	256	85.9	4.345
119	4.594	    3158	166.0	256	85.9	4.385
120	4.344	    3160	165.9	256	85.9	4.210
121	4.375	    3163	165.8	256	85.9	4.186
122	4.531	    3158	166.0	256	85.7	4.332
123	4.344	    3159	166.0	256	85.7	4.151
124	4.438	    3163	165.8	256	85.8	4.340
125	4.500	    3159	165.9	256	85.6	4.307
126	4.375	    3160	165.9	256	85.6	4.240
127	4.531	    3162	165.8	256	85.6	4.465
128	4.375	    3162	165.8	256	85.5	4.178
129	4.500	    3163	165.8	256	85.5	4.310
130	4.500	    3158	166.0	256	85.3	4.302
131	4.250	    3160	165.9	256	85.3	4.108
132	4.531	    3161	165.9	256	85.3	4.348
133	4.344	    3167	165.5	256	85.4	4.158
134	4.219	    3158	166.0	256	85.1	3.968
135	4.312	    3160	165.9	256	85.1	4.138
136	4.250	    3158	166.0	256	85.0	4.040
137	4.625	    3161	165.9	256	85.0	4.414
138	4.281	    3164	165.7	256	85.1	4.037
139	4.344	    3162	165.8	256	85.0	4.112
140	4.094	    3161	165.9	256	84.9	3.949
141	4.219	    3166	165.6	256	84.9	4.020
142	4.438	    3162	165.8	256	84.8	4.276
143	4.344	    3163	165.8	256	84.8	4.176
144	4.500	    3164	165.7	256	84.7	4.227
145	4.594	    3161	165.9	256	84.6	4.271
146	4.312	    3161	165.8	256	84.6	4.108
147	4.281	    3159	165.9	256	84.5	4.085
148	4.219	    3164	165.7	256	84.5	4.043
149	4.250	    3161	165.9	256	84.4	4.076
150	4.344	    3168	165.5	256	84.5	4.145
151	4.375	    3168	165.5	256	84.5	4.169
152	4.344	    3160	165.9	256	84.2	4.063
153	4.406	    3160	165.9	256	84.2	4.198
154	4.406	    3164	165.7	256	84.2	4.225
155	4.375	    3164	165.7	256	84.2	4.135
156	4.375	    3164	165.7	256	84.1	4.221
157	4.250	    3161	165.9	256	84.0	4.091
158	4.219	    3161	165.9	256	83.9	4.072
159	4.688	    3164	165.7	256	83.9	4.460
160	4.094	    3161	165.8	256	83.8	3.971
161	4.188	    3161	165.9	256	83.8	4.026
162	4.312	    3160	165.9	256	83.7	4.104
163	4.375	    3159	165.9	256	83.6	4.259
164	4.219	    3160	165.9	256	83.6	4.073
165	4.219	    3163	165.8	256	83.6	4.059
166	4.250	    3157	166.1	256	83.4	4.058
167	4.188	    3161	165.9	256	83.5	4.039
168	4.344	    3157	166.1	256	83.3	4.166
169	4.156	    3163	165.7	256	83.4	4.020
170	4.156	    3161	165.8	256	83.3	4.018
171	4.156	    3163	165.7	256	83.3	3.949
172	4.250	    3158	166.0	256	83.1	4.070
173	4.250	    3162	165.8	256	83.2	4.083
174	4.219	    3161	165.8	256	83.1	4.087
175	4.156	    3159	165.9	256	83.0	3.974
176	4.094	    3160	165.9	256	82.9	3.949
177	4.281	    3158	166.0	256	82.8	4.022
178	4.156	    3161	165.9	256	82.9	4.021
179	4.094	    3160	165.9	256	82.8	3.930
180	4.062	    3162	165.8	256	82.8	3.925
181	4.094	    3159	166.0	256	82.6	3.926
182	3.922	    3163	165.8	256	82.7	3.795
183	4.219	    3160	165.9	256	82.6	4.059
184	4.062	    3159	165.9	256	82.5	3.917
185	4.125	    3159	166.0	256	82.5	3.977
186	4.156	    3160	165.9	256	82.4	3.927
187	3.812	    3157	166.1	256	82.3	3.672
188	4.250	    3161	165.9	256	82.3	4.095
189	4.344	    3163	165.8	256	82.3	4.108
190	4.562	    3163	165.7	256	82.3	4.421
191	4.125	    3161	165.9	256	82.2	3.894
192	4.250	    3167	165.5	256	82.3	4.086
193	4.375	    3164	165.7	256	82.1	4.142
194	4.281	    3163	165.7	256	82.1	4.098
195	4.094	    3161	165.8	256	82.0	3.937
196	4.219	    3160	165.9	256	81.9	4.005
197	4.344	    3165	165.6	256	82.0	4.100
198	4.375	    3160	165.9	256	81.8	4.212
199	4.188	    3160	165.9	256	81.7	4.043
200	3.984	    3161	165.8	256	81.7	3.845
201	4.188	    3158	166.0	256	81.6	3.984
202	4.250	    3161	165.9	256	81.6	4.062
203	4.062	    3163	165.8	256	81.6	3.938
204	4.438	    3157	166.1	256	81.4	4.183
205	4.094	    3162	165.8	256	81.5	4.006
206	4.312	    3160	165.9	256	81.4	4.105
207	4.062	    3158	166.0	256	81.3	3.934
208	4.188	    3167	165.6	256	81.4	4.068
209	4.250	    3154	166.2	256	81.1	4.042
210	4.281	    3159	166.0	256	81.1	4.111
211	4.594	    3160	165.9	256	81.1	4.422
212	4.188	    3160	165.9	256	81.1	4.075
213	4.969	    3159	166.0	256	81.0	4.750
214	4.125	    3161	165.9	256	81.0	3.971
215	3.891	    3160	165.9	256	80.9	3.743
216	4.031	    3159	166.0	256	80.8	3.868
217	4.156	    3159	166.0	256	80.8	3.948
218	4.062	    3158	166.0	256	80.7	3.923
219	3.859	    3159	166.0	256	80.7	3.779
220	3.922	    3158	166.0	256	80.6	3.844
221	4.438	    3157	166.1	256	80.5	4.123
222	4.281	    3165	165.7	256	80.6	3.943
223	3.984	    3157	166.1	256	80.4	3.787
224	4.062	    3160	165.9	256	80.4	3.826
225	4.125	    3161	165.9	256	80.4	3.943
226	4.156	    3162	165.8	256	80.4	3.905
227	3.922	    3164	165.7	256	80.4	3.837
228	4.000	    3160	165.9	256	80.2	3.902
229	4.062	    3159	166.0	256	80.1	3.869
230	3.984	    3160	165.9	256	80.1	3.866
231	3.969	    3165	165.7	256	80.2	3.818
232	4.156	    3161	165.8	256	80.0	4.024
233	3.938	    3160	165.9	256	79.9	3.840
234	4.062	    3159	166.0	256	79.9	3.891
235	3.984	    3159	166.0	256	79.8	3.894
236	4.156	    3158	166.0	256	79.7	3.928
237	4.281	    3161	165.9	256	79.8	4.113
238	3.969	    3160	165.9	256	79.7	3.827
239	4.344	    3161	165.9	256	79.6	4.123
240	4.281	    3157	166.1	256	79.5	4.118
241	4.250	    3161	165.8	256	79.6	4.105
242	4.219	    3164	165.7	256	79.6	4.011
243	4.031	    3159	166.0	256	79.4	3.820
244	4.188	    3159	165.9	256	79.4	4.012
245	4.031	    3159	166.0	256	79.3	3.854
246	4.156	    3159	166.0	256	79.2	3.947
247	4.031	    3160	165.9	256	79.2	3.857
248	4.000	    3159	166.0	256	79.1	3.861
249	4.031	    3158	166.0	256	79.1	3.894
250	4.125	    3156	166.1	256	79.0	3.863
251	4.156	    3159	166.0	256	79.0	3.964
252	3.969	    3156	166.1	256	78.8	3.807
253	4.000	    3158	166.0	256	78.8	3.840
254	4.344	    3157	166.1	256	78.8	4.167
255	4.031	    3160	165.9	256	78.8	3.874
256	4.156	    3156	166.1	256	78.6	3.986
257	4.062	    3157	166.1	256	78.6	3.937
258	3.984	    3159	166.0	256	78.6	3.852
259	4.156	    3159	165.9	256	78.6	3.988
260	3.859	    3158	166.0	256	78.5	3.761
261	3.938	    3158	166.0	256	78.4	3.790
262	4.031	    3159	165.9	256	78.4	3.819
263	3.828	    3158	166.0	256	78.3	3.734
264	4.094	    3161	165.9	256	78.3	3.926
265	4.188	    3159	166.0	256	78.2	3.940
266	3.891	    3162	165.8	256	78.3	3.810
267	4.031	    3158	166.0	256	78.1	3.854
268	3.969	    3159	166.0	256	78.1	3.862
269	3.938	    3158	166.0	256	78.0	3.791
270	3.969	    3160	165.9	256	78.0	3.864
271	3.969	    3162	165.8	256	78.0	3.786
272	3.812	    3163	165.8	256	78.0	3.697
273	3.734	    3161	165.9	256	77.9	3.597
274	3.812	    3159	165.9	256	77.8	3.707
275	4.000	    3160	165.9	256	77.7	3.856
276	3.969	    3161	165.9	256	77.7	3.872
277	3.953	    3165	165.6	256	77.8	3.852
278	3.891	    3161	165.9	256	77.6	3.751
279	4.000	    3161	165.9	256	77.5	3.858
280	3.859	    3162	165.8	256	77.5	3.711
281	4.188	    3160	165.9	256	77.4	4.022
282	4.062	    3158	166.0	256	77.3	3.920
283	4.062	    3161	165.9	256	77.3	3.928
284	4.094	    3161	165.9	256	77.3	3.952
285	4.031	    3159	166.0	256	77.2	3.952
286	4.125	    3160	165.9	256	77.1	3.981
287	3.984	    3166	165.6	256	77.2	3.795
288	3.797	    3159	166.0	256	77.0	3.708
289	4.094	    3160	165.9	256	77.0	3.956
290	4.188	    3159	166.0	256	76.9	3.989
291	4.062	    3161	165.9	256	76.9	3.914
292	3.844	    3159	166.0	256	76.8	3.787
293	4.156	    3267	160.5	512	79.4	3.963
294	4.000	    3272	160.2	512	79.5	3.787
295	3.891	    3271	160.3	512	79.4	3.757
296	4.156	    3275	160.1	512	79.4	3.995
297	3.969	    3269	160.4	512	79.2	3.770
298	4.125	    3275	160.1	512	79.3	3.930
299	3.953	    3267	160.5	512	79.1	3.824
300	3.922	    3272	160.3	512	79.1	3.757
301	4.062	    3269	160.4	512	79.0	3.954
302	4.031	    3273	160.2	512	79.0	3.876
303	3.859	    3272	160.2	512	79.0	3.722
304	3.891	    3278	159.9	512	79.1	3.768
305	4.000	    3270	160.4	512	78.8	3.767
306	4.094	    3271	160.3	512	78.8	3.893
307	3.922	    3270	160.3	512	78.7	3.824
308	3.906	    3268	160.4	512	78.6	3.765
309	3.938	    3278	159.9	512	78.8	3.842
310	3.953	    3272	160.2	512	78.6	3.744
311	3.891	    3281	159.8	512	78.7	3.756
312	3.906	    3273	160.2	512	78.5	3.711
313	3.891	    3274	160.1	512	78.5	3.732
314	3.906	    3267	160.5	512	78.2	3.748
315	3.938	    3276	160.0	512	78.4	3.807
316	3.844	    3276	160.1	512	78.3	3.759
317	3.938	    3276	160.1	512	78.3	3.781
318	3.672	    3270	160.3	512	78.1	3.551
319	3.797	    3278	159.9	512	78.2	3.688
320	3.750	    3280	159.8	512	78.2	3.563
321	4.156	    3269	160.4	512	77.9	3.980
322	3.812	    3283	159.7	512	78.2	3.679
323	3.938	    3276	160.0	512	78.0	3.730
324	3.859	    3277	160.0	512	77.9	3.719
325	3.703	    3277	160.0	512	77.9	3.570
326	4.094	    3277	160.0	512	77.8	3.948
327	3.766	    3277	160.0	512	77.8	3.680
328	4.125	    3268	160.4	512	77.5	3.955
329	4.250	    3270	160.3	512	77.5	4.021
330	4.156	    3277	160.0	512	77.6	3.965
331	3.828	    3272	160.2	512	77.4	3.720
332	4.031	    3277	160.0	512	77.5	3.908
333	3.938	    3279	159.9	512	77.5	3.831
334	3.812	    3275	160.1	512	77.3	3.754
335	4.031	    3263	160.7	512	77.0	3.919
336	3.906	    3272	160.2	512	77.2	3.785
337	3.828	    3278	159.9	512	77.3	3.699
338	4.031	    3279	159.9	512	77.2	3.825
339	3.859	    3269	160.4	512	76.9	3.769
340	3.938	    3273	160.2	512	77.0	3.752
341	3.906	    3262	160.7	512	76.7	3.737
342	4.000	    3278	160.0	512	77.0	3.845
343	3.812	    3272	160.2	512	76.8	3.743
344	3.703	    3271	160.3	512	76.7	3.609
345	3.984	    3270	160.3	512	76.6	3.893
346	3.891	    3272	160.2	512	76.6	3.772
347	3.969	    3271	160.3	512	76.6	3.841
348	3.781	    3271	160.3	512	76.5	3.702
349	3.828	    3267	160.5	512	76.3	3.734
350	3.969	    3274	160.1	512	76.4	3.801
351	3.891	    3266	160.5	512	76.2	3.746
352	3.891	    3274	160.1	512	76.4	3.780
353	3.859	    3266	160.5	512	76.1	3.781
354	3.906	    3271	160.3	512	76.2	3.816
355	4.000	    3278	159.9	512	76.3	3.868
356	3.828	    3265	160.6	512	75.9	3.756
357	3.719	    3273	160.2	512	76.0	3.649
358	3.797	    3268	160.4	512	75.9	3.736
359	3.828	    3268	160.4	512	75.8	3.795
360	3.922	    3271	160.3	512	75.8	3.864
361	3.891	    3272	160.2	512	75.8	3.871
362	3.797	    3269	160.4	512	75.7	3.806
363	3.594	    3276	160.0	512	75.8	3.557
364	3.750	    3277	160.0	512	75.8	3.723
365	3.609	    3271	160.3	512	75.6	3.622
366	4.094	    3273	160.2	512	75.6	4.030
367	3.438	    3271	160.3	512	75.4	3.452
368	3.719	    3272	160.2	512	75.4	3.697
369	3.547	    3271	160.3	512	75.3	3.522
370	3.688	    3275	160.1	512	75.4	3.678
371	3.609	    3278	160.0	512	75.4	3.587
372	3.688	    3272	160.2	512	75.2	3.689
373	3.625	    3277	160.0	512	75.3	3.595
374	3.859	    3277	160.0	512	75.2	3.832
375	3.953	    3266	160.5	512	74.9	3.951
376	3.938	    3274	160.1	512	75.0	3.829
377	3.766	    3271	160.3	512	74.9	3.772
378	3.828	    3265	160.6	512	74.7	3.787
379	3.812	    3274	160.1	512	74.9	3.808
380	3.766	    3271	160.3	512	74.7	3.742
381	3.766	    3275	160.1	512	74.8	3.760
382	3.812	    3275	160.1	512	74.7	3.796
383	3.797	    3273	160.2	512	74.6	3.813
384	3.719	    3277	160.0	512	74.7	3.722
385	3.844	    3264	160.6	512	74.3	3.805
386	3.969	    3273	160.2	512	74.5	3.968
387	3.641	    3267	160.5	512	74.3	3.651
388	3.625	    3271	160.3	512	74.3	3.609
389	3.500	    3270	160.3	512	74.2	3.497
390	3.562	    3277	160.0	512	74.3	3.566
391	3.750	    3272	160.2	512	74.2	3.740
392	3.844	    3272	160.2	512	74.1	3.803
393	3.812	    3275	160.1	512	74.1	3.813
394	3.641	    3272	160.2	512	74.0	3.612
395	4.062	    3269	160.4	512	73.9	4.045
396	3.484	    3281	159.8	512	74.1	3.496
397	3.562	    3267	160.5	512	73.7	3.594
398	4.000	    3275	160.1	512	73.8	3.945
399	3.469	    3271	160.3	512	73.7	3.501
400	3.672	    3277	160.0	512	73.8	3.642
401	3.891	    3274	160.1	512	73.7	3.877
402	3.609	    3274	160.1	512	73.6	3.591
403	3.875	    3270	160.3	512	73.5	3.859
404	3.656	    3271	160.3	512	73.4	3.676
405	3.547	    3271	160.3	512	73.4	3.549
406	3.672	    3273	160.2	512	73.4	3.641
407	3.766	    3279	159.9	512	73.5	3.717
408	3.625	    3269	160.4	512	73.2	3.637
409	3.703	    3275	160.1	512	73.2	3.710
410	3.656	    3273	160.2	512	73.1	3.657
411	3.641	    3276	160.0	512	73.2	3.621
412	3.453	    3276	160.0	512	73.1	3.423
413	3.641	    3278	160.0	512	73.1	3.595
414	3.500	    3284	159.7	512	73.2	3.485
415	3.781	    3280	159.8	512	73.0	3.713
416	3.453	    3281	159.8	512	73.0	3.483
417	3.672	    3283	159.7	512	73.0	3.637
418	3.703	    3276	160.0	512	72.8	3.700
419	3.719	    3276	160.0	512	72.7	3.718
420	3.594	    3272	160.2	512	72.6	3.591
421	3.859	    3275	160.1	512	72.6	3.814
422	3.625	    3272	160.2	512	72.5	3.611
423	3.672	    3277	160.0	512	72.5	3.621
424	3.688	    3275	160.1	512	72.4	3.697
425	3.938	    3271	160.3	512	72.3	3.908
426	3.750	    3273	160.2	512	72.3	3.744
427	3.672	    3272	160.2	512	72.2	3.650
428	3.734	    3266	160.5	512	72.0	3.724
429	3.906	    3273	160.2	512	72.1	3.884
430	3.266	    3283	159.7	512	72.3	3.294
431	3.641	    3279	159.9	512	72.1	3.644
432	3.641	    3268	160.5	512	71.8	3.619
433	3.703	    3268	160.4	512	71.8	3.678
434	3.516	    3276	160.0	512	71.9	3.530
435	3.688	    3276	160.0	512	71.9	3.697
436	3.375	    3274	160.1	512	71.8	3.398
437	3.609	    3264	160.6	512	71.5	3.611
438	3.656	    3266	160.5	512	71.5	3.647
439	3.859	    3267	160.5	512	71.4	3.745
440	3.688	    3273	160.2	512	71.5	3.682
441	3.688	    3271	160.3	512	71.4	3.651
442	3.656	    3269	160.4	512	71.3	3.617
443	3.641	    3271	160.3	512	71.3	3.629
444	3.609	    3267	160.5	512	71.2	3.612
445	3.734	    3271	160.3	512	71.2	3.712
446	3.766	    3273	160.2	512	71.2	3.741
447	3.672	    3272	160.2	512	71.1	3.680
448	3.688	    3274	160.1	512	71.1	3.672
449	3.719	    3273	160.2	512	71.0	3.716
450	3.594	    3272	160.3	512	70.9	3.599
451	3.609	    3272	160.3	512	70.9	3.612
452	3.797	    3271	160.3	512	70.8	3.779
453	3.719	    3277	160.0	512	70.9	3.697
454	3.641	    3268	160.5	512	70.6	3.602
455	3.500	    3274	160.1	512	70.7	3.511
456	3.562	    3276	160.1	512	70.7	3.574
457	3.672	    3276	160.0	512	70.7	3.663
458	3.531	    3271	160.3	512	70.5	3.560
459	3.516	    3273	160.2	512	70.5	3.500
460	3.594	    3278	159.9	512	70.5	3.586
461	3.453	    3272	160.2	512	70.3	3.450
462	3.609	    3274	160.2	512	70.3	3.591
463	3.484	    3272	160.2	512	70.2	3.502
464	3.609	    3273	160.2	512	70.2	3.595
465	3.766	    3282	159.8	512	70.3	3.704
466	3.531	    3268	160.4	512	70.0	3.505
467	3.734	    3274	160.1	512	70.1	3.734
468	3.750	    3274	160.1	512	70.0	3.719
469	3.703	    3277	160.0	512	70.0	3.688
470	3.609	    3273	160.2	512	69.9	3.628
471	3.766	    3266	160.5	512	69.7	3.719
472	3.719	    3273	160.2	512	69.8	3.724
473	3.766	    3272	160.2	512	69.7	3.735
474	3.656	    3282	159.7	512	69.9	3.662
475	3.719	    3277	160.0	512	69.7	3.727
476	3.594	    3269	160.4	512	69.5	3.564
477	3.641	    3277	160.0	512	69.6	3.657
478	3.812	    3270	160.3	512	69.4	3.787
479	3.641	    3271	160.3	512	69.3	3.630
480	3.531	    3267	160.5	512	69.2	3.521
481	3.500	    3266	160.5	512	69.1	3.507
482	3.609	    3267	160.5	512	69.1	3.595
483	3.703	    3271	160.3	512	69.1	3.675
484	3.750	    3276	160.0	512	69.2	3.688
485	3.672	    3265	160.6	512	68.9	3.677
486	3.656	    3270	160.3	512	68.9	3.629
487	3.672	    3270	160.3	512	68.9	3.660
488	3.844	    3275	160.1	512	68.9	3.798
489	3.672	    3280	159.8	512	69.0	3.649
490	3.703	    3275	160.1	512	68.8	3.682
491	3.797	    3275	160.1	512	68.8	3.749
492	3.422	    3269	160.4	512	68.6	3.444
493	3.562	    3265	160.6	512	68.5	3.566
494	3.516	    3267	160.5	512	68.4	3.507
495	3.547	    3276	160.1	512	68.6	3.550
496	3.547	    3267	160.5	512	68.3	3.572
497	3.484	    3278	159.9	512	68.5	3.449
498	3.594	    3269	160.4	512	68.3	3.612
499	3.594	    3269	160.4	512	68.2	3.601
500	4.031	    3267	160.5	512	68.1	3.733
501	3.594	    3267	160.5	512	68.1	3.568
502	3.516	    3275	160.1	512	68.2	3.488
503	3.562	    3274	160.1	512	68.1	3.534
504	3.422	    3273	160.2	512	68.0	3.403
505	3.609	    3272	160.2	512	68.0	3.565
506	3.500	    3276	160.0	512	68.0	3.464
507	3.609	    3282	159.8	512	68.0	3.586
508	3.531	    3275	160.1	512	67.8	3.506
509	3.484	    3267	160.5	512	67.6	3.502
510	3.578	    3277	160.0	512	67.8	3.567
511	3.422	    3280	159.8	512	67.8	3.445
512	3.500	    3273	160.2	512	67.6	3.471
513	3.578	    3270	160.4	512	67.5	3.598
514	3.734	    3276	160.1	512	67.5	3.729
515	3.672	    3278	160.0	512	67.5	3.644
516	3.656	    3278	159.9	512	67.5	3.650
517	3.641	    3271	160.3	512	67.3	3.624
518	3.719	    3268	160.4	512	67.2	3.692
519	3.719	    3278	159.9	512	67.3	3.702
520	3.781	    3277	160.0	512	67.2	3.786
521	3.781	    3269	160.4	512	67.0	3.778
522	3.750	    3280	159.9	512	67.2	3.714
523	3.578	    3281	159.8	512	67.2	3.572
524	3.531	    3274	160.1	512	67.0	3.530
525	3.609	    3263	160.7	512	66.7	3.521
526	3.734	    3270	160.3	512	66.8	3.685
527	3.625	    3268	160.4	512	66.7	3.611
528	3.453	    3259	160.9	512	66.4	3.476
529	3.500	    3273	160.2	512	66.7	3.496
530	3.641	    3267	160.5	512	66.5	3.634
531	3.594	    3273	160.2	512	66.6	3.576
532	3.734	    3274	160.1	512	66.5	3.722
533	3.844	    3266	160.5	512	66.3	3.777
534	3.656	    3264	160.6	512	66.2	3.653
535	3.609	    3265	160.6	512	66.2	3.577
536	3.719	    3280	159.8	512	66.4	3.725
537	3.609	    3263	160.7	512	66.0	3.568
538	3.969	    3273	160.2	512	66.2	3.942
539	3.594	    3272	160.2	512	66.1	3.589
540	3.766	    3275	160.1	512	66.1	3.761
541	3.578	    3269	160.4	512	65.9	3.580
542	3.484	    3270	160.3	512	65.9	3.489
543	3.438	    3274	160.2	512	65.9	3.445
544	3.547	    3270	160.3	512	65.8	3.516
545	3.562	    3266	160.5	512	65.6	3.573
546	3.734	    3273	160.2	512	65.7	3.743
547	3.609	    3271	160.3	512	65.6	3.605
548	3.500	    3279	159.9	512	65.7	3.438
549	3.469	    3274	160.2	512	65.6	3.470
550	3.656	    3273	160.2	512	65.5	3.582
551	3.297	    3281	159.8	512	65.6	3.325
552	3.547	    3280	159.8	512	65.5	3.538
553	3.547	    3277	160.0	512	65.4	3.540
554	3.516	    3273	160.2	512	65.3	3.523
555	3.469	    3269	160.4	512	65.2	3.478
556	3.422	    3278	159.9	512	65.3	3.439
557	3.391	    3277	160.0	512	65.2	3.415
558	3.469	    3271	160.3	512	65.0	3.478
559	3.594	    3272	160.2	512	65.0	3.587
560	3.703	    3275	160.1	512	65.0	3.711
561	3.500	    3274	160.1	512	64.9	3.526
562	3.688	    3267	160.5	512	64.7	3.711
563	3.688	    3276	160.1	512	64.9	3.692
564	3.750	    3276	160.0	512	64.8	3.736
565	3.828	    3270	160.3	512	64.6	3.803
566	3.953	    3271	160.3	512	64.6	3.911
567	3.516	    3270	160.3	512	64.5	3.533
568	3.641	    3266	160.5	512	64.4	3.628
569	3.719	    3275	160.1	512	64.5	3.739
570	3.719	    3271	160.3	512	64.4	3.702
571	3.578	    3266	160.5	512	64.2	3.567
572	3.609	    3266	160.5	512	64.2	3.592
573	3.641	    3269	160.4	512	64.2	3.644
574	3.406	    3274	160.1	512	64.2	3.434
575	3.859	    3272	160.2	512	64.1	3.741
576	3.594	    3276	160.1	512	64.1	3.528
577	4.125	    3262	160.7	512	63.8	4.105
578	3.688	    3263	160.7	512	63.8	3.691
579	3.531	    3264	160.6	512	63.8	3.524
580	3.328	    3270	160.3	512	63.8	3.339
581	3.500	    3267	160.5	512	63.7	3.512
582	3.609	    3271	160.3	512	63.7	3.554
583	3.609	    3269	160.4	512	63.6	3.610
584	3.594	    3266	160.5	512	63.5	3.595
585	3.469	    3358	156.1	768	65.3	3.487
586	3.766	    3338	157.1	768	64.8	3.703
587	3.375	    3339	157.0	768	64.8	3.360
588	3.422	    3350	156.5	768	64.9	3.441
589	3.531	    3350	156.5	768	64.9	3.514
590	3.594	    3360	156.1	768	65.0	3.610
591	3.281	    3353	156.4	768	64.8	3.311
592	3.734	    3350	156.5	768	64.7	3.734
593	3.578	    3355	156.3	768	64.7	3.482
594	3.438	    3369	155.6	768	65.0	3.432
595	3.531	    3372	155.5	768	65.0	3.525
596	3.406	    3355	156.3	768	64.6	3.414
597	3.547	    3356	156.2	768	64.5	3.544
598	3.375	    3367	155.7	768	64.7	3.377
599	3.453	    3360	156.1	768	64.5	3.401
600	3.266	    3373	155.4	768	64.7	3.263
601	3.656	    3374	155.4	768	64.7	3.664
602	3.344	    3356	156.2	768	64.3	3.363
603	3.422	    3369	155.6	768	64.5	3.462
604	3.469	    3363	155.9	768	64.3	3.477
605	3.859	    3361	156.0	768	64.2	3.818
606	3.625	    3358	156.1	768	64.1	3.636
607	3.625	    3364	155.9	768	64.1	3.612
608	3.562	    3358	156.1	768	64.0	3.551
609	3.906	    3345	156.8	768	63.7	3.873
610	3.516	    3367	155.7	768	64.0	3.516
611	3.625	    3347	156.7	768	63.6	3.608
612	3.812	    3379	155.1	768	64.2	3.774
613	3.797	    3355	156.3	768	63.6	3.819
614	3.375	    3350	156.5	768	63.5	3.392
615	3.625	    3373	155.4	768	63.9	3.611
616	3.516	    3358	156.1	768	63.5	3.521
617	3.469	    3365	155.8	768	63.6	3.481
618	3.656	    3391	154.6	768	64.0	3.647
619	3.594	    3348	156.6	768	63.2	3.570
620	3.703	    3354	156.3	768	63.2	3.645
621	3.594	    3370	155.6	768	63.5	3.588
622	3.453	    3365	155.8	768	63.3	3.471
623	3.562	    3346	156.7	768	62.9	3.564
624	3.578	    3362	155.9	768	63.1	3.597
625	3.641	    3363	155.9	768	63.1	3.615
626	3.688	    3392	154.6	768	63.6	3.680
627	3.891	    3369	155.6	768	63.1	3.766
628	3.453	    3356	156.2	768	62.8	3.451
629	3.625	    3353	156.4	768	62.7	3.601
630	3.578	    3349	156.5	768	62.6	3.594
631	3.625	    3341	156.9	768	62.4	3.643
632	3.406	    3336	157.2	768	62.2	3.421
633	3.578	    3372	155.5	768	62.8	3.615
634	3.484	    3349	156.5	768	62.4	3.492
635	3.469	    3350	156.5	768	62.3	3.477
636	4.031	    3376	155.3	768	62.7	3.997
637	3.500	    3367	155.7	768	62.5	3.497
638	3.453	    3352	156.4	768	62.2	3.459
639	3.500	    3385	154.9	768	62.7	3.494
640	3.344	    3354	156.3	768	62.1	3.340
641	3.500	    3368	155.7	768	62.3	3.504
642	3.359	    3365	155.8	768	62.2	3.377
643	3.469	    3365	155.8	768	62.1	3.489
644	3.609	    3361	156.0	768	62.0	3.628
645	3.625	    3371	155.5	768	62.1	3.640
646	3.906	    3370	155.6	768	62.1	3.874
647	3.438	    3362	155.9	768	61.9	3.418
648	3.641	    3372	155.5	768	62.0	3.630
649	3.453	    3353	156.4	768	61.6	3.452
650	3.391	    3357	156.2	768	61.6	3.414
651	3.344	    3353	156.3	768	61.5	3.334
652	3.328	    3368	155.6	768	61.7	3.354
653	3.531	    3383	155.0	768	61.9	3.504
654	3.516	    3354	156.3	768	61.3	3.518
655	3.641	    3381	155.1	768	61.8	3.645
656	3.641	    3368	155.7	768	61.5	3.637
657	3.531	    3362	156.0	768	61.3	3.546
658	3.453	    3367	155.7	768	61.3	3.458
659	3.562	    3368	155.7	768	61.3	3.580
660	3.359	    3360	156.1	768	61.1	3.340
661	3.328	    3361	156.0	768	61.1	3.320
662	3.625	    3363	155.9	768	61.0	3.580
663	3.500	    3368	155.6	768	61.1	3.502
664	3.500	    3353	156.3	768	60.8	3.499
665	3.797	    3357	156.2	768	60.8	3.719
666	3.438	    3381	155.1	768	61.1	3.458
667	3.562	    3377	155.2	768	61.0	3.562
668	3.516	    3356	156.2	768	60.6	3.448
669	3.344	    3341	156.9	768	60.3	3.343
670	3.578	    3351	156.5	768	60.4	3.565
671	3.750	    3370	155.6	768	60.7	3.777
672	3.531	    3363	155.9	768	60.5	3.511
673	3.875	    3366	155.8	768	60.5	3.863
674	3.594	    3364	155.9	768	60.4	3.601
675	3.688	    3351	156.5	768	60.1	3.688
676	3.422	    3362	156.0	768	60.2	3.442
677	3.578	    3351	156.5	768	60.0	3.582
678	3.562	    3350	156.5	768	59.9	3.540
679	3.516	    3361	156.0	768	60.1	3.513
680	3.641	    3349	156.6	768	59.8	3.642
681	3.438	    3367	155.7	768	60.0	3.388
682	3.609	    3376	155.3	768	60.1	3.625
683	3.547	    3360	156.0	768	59.8	3.531
684	3.562	    3359	156.1	768	59.7	3.586
685	3.578	    3359	156.1	768	59.7	3.562
686	3.562	    3354	156.3	768	59.5	3.534
687	3.688	    3364	155.9	768	59.7	3.629
688	3.656	    3350	156.5	768	59.3	3.572
689	3.391	    3361	156.0	768	59.5	3.414
690	3.391	    3363	155.9	768	59.5	3.377
691	3.406	    3369	155.6	768	59.5	3.428
692	3.469	    3374	155.4	768	59.5	3.481
693	3.484	    3362	155.9	768	59.3	3.474
694	3.438	    3373	155.4	768	59.4	3.412
695	3.406	    3357	156.2	768	59.1	3.393
696	3.219	    3375	155.4	768	59.3	3.221
697	3.344	    3365	155.8	768	59.1	3.343
698	3.484	    3366	155.8	768	59.1	3.500
699	3.562	    3370	155.6	768	59.1	3.571
700	3.688	    3361	156.0	768	58.9	3.694
701	3.609	    3367	155.7	768	58.9	3.624
702	3.719	    3372	155.5	768	59.0	3.690
703	3.531	    3389	154.7	768	59.2	3.524
704	4.719	    3369	155.6	768	58.8	4.707
705	3.578	    3389	154.7	768	59.1	3.595
706	3.609	    3384	154.9	768	58.9	3.594
707	3.594	    3364	155.8	768	58.5	3.566
708	3.594	    3377	155.2	768	58.7	3.535
709	3.578	    3385	154.9	768	58.8	3.557
710	3.453	    3365	155.8	768	58.4	3.455
711	3.781	    3361	156.0	768	58.3	3.765
712	3.656	    3356	156.2	768	58.1	3.662
713	3.531	    3344	156.8	768	57.9	3.520
714	3.078	    3377	155.3	768	58.4	3.092
715	3.344	    3353	156.4	768	57.9	3.349
716	3.500	    3345	156.7	768	57.7	3.502
717	3.406	    3356	156.2	768	57.8	3.413
718	3.234	    3353	156.4	768	57.7	3.192
719	3.594	    3359	156.1	768	57.8	3.589
720	3.547	    3349	156.6	768	57.5	3.578
721	3.500	    3369	155.6	768	57.8	3.472
722	3.547	    3348	156.6	768	57.4	3.554
723	3.500	    3348	156.6	768	57.4	3.443
724	3.359	    3367	155.7	768	57.6	3.389
725	3.469	    3367	155.7	768	57.6	3.490
726	3.328	    3361	156.0	768	57.4	3.368
727	3.609	    3378	155.2	768	57.7	3.616
728	3.328	    3372	155.5	768	57.5	3.341
729	3.500	    3354	156.3	768	57.1	3.520
730	3.453	    3358	156.1	768	57.1	3.465
731	3.484	    3351	156.4	768	57.0	3.476
732	3.406	    3338	157.1	768	56.7	3.411
733	3.156	    3355	156.3	768	56.9	3.172
734	3.406	    3360	156.0	768	57.0	3.387
735	3.391	    3362	155.9	768	56.9	3.402
736	3.422	    3371	155.5	768	57.0	3.422
737	3.516	    3364	155.9	768	56.9	3.464
738	3.484	    3358	156.1	768	56.7	3.497
739	3.406	    3366	155.8	768	56.8	3.410
740	3.453	    3348	156.6	768	56.4	3.452
741	3.422	    3360	156.0	768	56.6	3.425
742	3.344	    3358	156.1	768	56.5	3.330
743	3.297	    3360	156.0	768	56.4	3.290
744	3.391	    3387	154.8	768	56.9	3.381
745	3.516	    3359	156.1	768	56.3	3.487
746	3.297	    3357	156.2	768	56.2	3.332
747	3.250	    3371	155.5	768	56.4	3.278
748	3.516	    3355	156.3	768	56.1	3.506
749	3.391	    3368	155.7	768	56.2	3.403
750	3.297	    3356	156.2	768	56.0	3.302
751	3.562	    3367	155.7	768	56.1	3.564
752	3.500	    3379	155.2	768	56.3	3.481
753	3.609	    3364	155.9	768	55.9	3.611
754	3.359	    3365	155.8	768	55.9	3.378
755	3.688	    3359	156.1	768	55.8	3.694
756	3.406	    3370	155.6	768	55.9	3.418
757	3.734	    3371	155.5	768	55.8	3.730
758	3.344	    3365	155.8	768	55.7	3.279
759	3.406	    3348	156.6	768	55.4	3.424
760	3.438	    3374	155.4	768	55.7	3.427
761	3.453	    3361	156.0	768	55.5	3.453
762	3.375	    3347	156.7	768	55.2	3.393
763	3.609	    3354	156.3	768	55.2	3.607
764	3.266	    3360	156.0	768	55.3	3.267
765	3.594	    3364	155.9	768	55.3	3.607
766	3.297	    3349	156.6	768	55.0	3.303
767	3.484	    3367	155.7	768	55.2	3.505
768	3.547	    3351	156.5	768	54.9	3.568
769	3.469	    3354	156.3	768	54.9	3.495
770	3.594	    3369	155.6	768	55.1	3.575
771	3.453	    3360	156.0	768	54.9	3.464
772	3.438	    3355	156.3	768	54.7	3.440
773	3.469	    3341	156.9	768	54.5	3.439
774	3.391	    3358	156.1	768	54.7	3.412
775	3.500	    3364	155.8	768	54.7	3.516
776	3.453	    3350	156.5	768	54.4	3.339
777	3.422	    3366	155.7	768	54.6	3.447
778	3.500	    3367	155.7	768	54.6	3.498
779	3.328	    3369	155.6	768	54.6	3.366
780	3.250	    3356	156.2	768	54.3	3.278
781	3.594	    3365	155.8	768	54.4	3.554
782	3.188	    3363	155.9	768	54.3	3.228
783	3.500	    3370	155.6	768	54.4	3.488
784	3.516	    3354	156.3	768	54.1	3.546
785	3.328	    3357	156.2	768	54.1	3.312
786	3.359	    3385	154.9	768	54.4	3.381
787	3.406	    3356	156.2	768	53.9	3.407
788	3.422	    3362	155.9	768	54.0	3.441
789	3.312	    3369	155.6	768	54.0	3.331
790	3.172	    3357	156.2	768	53.8	3.150
791	3.344	    3370	155.6	768	53.9	3.296
792	3.812	    3371	155.5	768	53.9	3.786
793	3.516	    3361	156.0	768	53.7	3.510
794	3.453	    3377	155.3	768	53.9	3.479
795	3.500	    3353	156.4	768	53.4	3.455
796	3.531	    3359	156.1	768	53.5	3.517
797	3.531	    3367	155.7	768	53.5	3.578
798	3.344	    3377	155.3	768	53.6	3.386
799	3.688	    3363	155.9	768	53.4	3.673
800	3.453	    3362	155.9	768	53.3	3.446
801	3.500	    3360	156.1	768	53.2	3.517
802	3.438	    3357	156.2	768	53.1	3.267
803	3.516	    3360	156.0	768	53.1	3.547
804	3.750	    3359	156.1	768	53.0	3.733
805	3.453	    3348	156.6	768	52.8	3.425
806	3.547	    3345	156.7	768	52.7	3.574
807	3.500	    3362	155.9	768	52.9	3.454
808	3.562	    3355	156.3	768	52.7	3.577
809	3.500	    3353	156.4	768	52.6	3.481
810	3.453	    3355	156.3	768	52.6	3.397
811	3.469	    3360	156.1	768	52.6	3.473
812	3.500	    3365	155.8	768	52.7	3.529
813	3.594	    3371	155.5	768	52.7	3.587
814	3.594	    3365	155.8	768	52.5	3.585
815	3.688	    3355	156.3	768	52.3	3.682
816	3.531	    3350	156.5	768	52.2	3.517
817	3.344	    3369	155.6	768	52.4	3.307
818	3.219	    3361	156.0	768	52.3	3.218
819	3.406	    3370	155.6	768	52.3	3.412
820	3.453	    3352	156.4	768	52.0	3.392
821	3.594	    3362	155.9	768	52.1	3.595
822	3.453	    3336	157.2	768	51.7	3.452
823	3.484	    3367	155.7	768	52.1	3.486
824	3.453	    3364	155.8	768	52.0	3.448
825	3.578	    3382	155.0	768	52.2	3.581
826	3.484	    3376	155.3	768	52.0	3.456
827	3.531	    3369	155.6	768	51.9	3.521
828	3.438	    3377	155.2	768	52.0	3.454
829	3.469	    3383	155.0	768	52.0	3.500
830	3.359	    3371	155.5	768	51.7	3.312
831	3.672	    3373	155.5	768	51.7	3.586
832	3.281	    3371	155.5	768	51.6	3.195
833	3.406	    3347	156.6	768	51.2	3.423
834	3.516	    3366	155.8	768	51.4	3.547
835	3.406	    3359	156.1	768	51.3	3.393
836	3.469	    3363	155.9	768	51.3	3.434
837	3.391	    3372	155.5	768	51.4	3.401
838	3.422	    3356	156.2	768	51.1	3.431
839	3.484	    3345	156.8	768	50.8	3.486
840	3.406	    3373	155.5	768	51.2	3.416
841	3.406	    3365	155.8	768	51.0	3.444
842	3.312	    3357	156.2	768	50.9	3.312
843	3.391	    3359	156.1	768	50.8	3.417
844	3.719	    3359	156.1	768	50.8	3.711
845	3.500	    3362	155.9	768	50.8	3.491
846	3.500	    3357	156.2	768	50.6	3.504
847	3.469	    3358	156.1	768	50.6	3.490
848	3.516	    3367	155.7	768	50.7	3.548
849	3.719	    3362	155.9	768	50.5	3.715
850	3.453	    3361	156.0	768	50.5	3.460
851	3.328	    3367	155.7	768	50.5	3.324
852	3.391	    3348	156.6	768	50.2	3.418
853	3.125	    3369	155.6	768	50.4	3.135
854	3.406	    3361	156.0	768	50.2	3.366
855	3.375	    3356	156.2	768	50.1	3.347
856	3.516	    3360	156.0	768	50.1	3.518
857	3.578	    3357	156.2	768	50.0	3.550
858	3.562	    3354	156.3	768	49.9	3.559
859	3.781	    3364	155.9	768	50.0	3.734
860	3.469	    3347	156.6	768	49.7	3.427
861	3.609	    3373	155.4	768	50.0	3.615
862	3.531	    3346	156.7	768	49.6	3.524
863	3.469	    3354	156.3	768	49.6	3.399
864	3.375	    3352	156.4	768	49.6	3.359
865	3.703	    3354	156.3	768	49.5	3.679
866	3.531	    3374	155.4	768	49.8	3.532
867	3.266	    3345	156.7	768	49.3	3.264
868	3.578	    3354	156.3	768	49.4	3.572
869	3.406	    3350	156.5	768	49.2	3.410
870	3.391	    3349	156.5	768	49.2	3.361
871	3.234	    3357	156.2	768	49.2	3.249
872	3.391	    3379	155.2	768	49.5	3.416
873	3.438	    3373	155.4	768	49.4	3.392
874	3.188	    3365	155.8	768	49.2	3.163
875	3.234	    3372	155.5	768	49.2	3.253
876	3.250	    3433	152.7	1024	50.1	3.286
877	3.328	    3422	153.2	1024	49.8	3.362
878	3.297	    3442	152.3	1024	50.1	3.314
879	3.281	    3440	152.4	1024	50.0	3.260
880	3.359	    3425	153.1	1024	49.7	3.353
881	3.281	    3436	152.6	1024	49.8	3.230
882	3.547	    3451	151.9	1024	50.0	3.496
883	3.375	    3445	152.2	1024	49.8	3.338
884	3.406	    3438	152.5	1024	49.7	3.391
885	3.609	    3438	152.5	1024	49.6	3.623
886	3.547	    3465	151.3	1024	50.0	3.555
887	3.516	    3447	152.1	1024	49.6	3.500
888	3.578	    3477	150.8	1024	50.0	3.595
889	3.594	    3477	150.8	1024	50.0	3.586
890	3.328	    3459	151.6	1024	49.6	3.341
891	3.281	    3434	152.7	1024	49.2	3.284
892	3.500	    3466	151.3	1024	49.6	3.485
893	3.422	    3451	151.9	1024	49.3	3.433
894	3.562	    3439	152.5	1024	49.1	3.575
895	3.391	    3435	152.6	1024	49.0	3.358
896	3.609	    3436	152.6	1024	49.0	3.627
897	4.250	    3465	151.3	1024	49.3	4.214
898	3.438	    3429	152.9	1024	48.7	3.446
899	3.500	    3400	154.2	1024	48.3	3.495
900	3.219	    3432	152.8	1024	48.7	3.246
901	3.375	    3446	152.1	1024	48.8	3.367
902	3.500	    3429	152.9	1024	48.5	3.484
903	3.516	    3476	150.8	1024	49.1	3.535
904	3.484	    3412	153.6	1024	48.2	3.507
905	3.453	    3432	152.8	1024	48.4	3.472
906	3.422	    3463	151.4	1024	48.8	3.429
907	3.516	    3439	152.5	1024	48.4	3.505
908	3.453	    3393	154.5	1024	47.7	3.454
909	3.391	    3403	154.1	1024	47.8	3.348
910	3.406	    3432	152.8	1024	48.1	3.431
911	3.609	    3416	153.5	1024	47.8	3.603
912	3.516	    3451	151.9	1024	48.3	3.520
913	3.312	    3427	153.0	1024	47.9	3.336
914	3.547	    3471	151.0	1024	48.4	3.497
915	3.359	    3429	152.9	1024	47.8	3.350
916	3.344	    3424	153.1	1024	47.6	3.355
917	3.328	    3435	152.6	1024	47.7	3.368
918	3.438	    3410	153.8	1024	47.3	3.445
919	3.438	    3442	152.3	1024	47.7	3.442
920	3.250	    3418	153.4	1024	47.3	3.263
921	3.406	    3459	151.6	1024	47.8	3.415
922	3.422	    3449	152.0	1024	47.6	3.429
923	3.547	    3449	152.0	1024	47.6	3.561
924	3.406	    3426	153.0	1024	47.2	3.406
925	3.312	    3425	153.1	1024	47.1	3.302
926	3.250	    3473	151.0	1024	47.8	3.275
927	3.453	    3427	153.0	1024	47.1	3.459
928	3.312	    3410	153.8	1024	46.8	3.270
929	3.172	    3445	152.2	1024	47.2	3.165
930	3.344	    3420	153.3	1024	46.8	3.360
931	3.406	    3449	152.0	1024	47.1	3.446
932	3.297	    3429	152.9	1024	46.8	3.296
933	3.438	    3451	151.9	1024	47.0	3.422
934	3.344	    3430	152.8	1024	46.7	3.339
935	3.547	    3444	152.2	1024	46.8	3.549
936	3.375	    3424	153.1	1024	46.5	3.328
937	3.578	    3459	151.6	1024	46.9	3.583
938	3.453	    3457	151.7	1024	46.8	3.462
939	3.516	    3451	151.9	1024	46.7	3.509
940	3.438	    3421	153.3	1024	46.2	3.454
941	3.297	    3456	151.7	1024	46.7	3.319
942	3.312	    3416	153.5	1024	46.1	3.363
943	3.422	    3433	152.7	1024	46.2	3.411
944	3.516	    3442	152.3	1024	46.3	3.524
945	3.375	    3427	153.0	1024	46.0	3.360
946	3.484	    3414	153.6	1024	45.8	3.470
947	3.469	    3443	152.3	1024	46.1	3.445
948	3.641	    3480	150.6	1024	46.6	3.619
949	3.469	    3429	152.9	1024	45.8	3.448
950	3.406	    3416	153.5	1024	45.6	3.437
951	3.391	    3428	152.9	1024	45.7	3.413
952	3.453	    3416	153.5	1024	45.5	3.452
953	3.406	    3446	152.2	1024	45.8	3.416
954	3.484	    3421	153.2	1024	45.4	3.471
955	3.359	    3431	152.8	1024	45.5	3.376
956	3.422	    3421	153.2	1024	45.3	3.412
957	3.391	    3435	152.6	1024	45.5	3.353
958	3.422	    3410	153.8	1024	45.1	3.438
959	3.344	    3425	153.1	1024	45.2	3.362
960	3.875	    3408	153.9	1024	44.9	3.844
961	3.484	    3414	153.6	1024	44.9	3.498
962	3.641	    3415	153.5	1024	44.9	3.606
963	3.516	    3433	152.7	1024	45.1	3.491
964	3.375	    3400	154.2	1024	44.6	3.369
965	3.469	    3435	152.6	1024	45.0	3.421
966	3.250	    3437	152.5	1024	45.0	3.271
967	3.594	    3445	152.2	1024	45.0	3.307
968	3.531	    3457	151.7	1024	45.1	3.484
969	3.469	    3460	151.5	1024	45.1	3.403
970	3.188	    3443	152.3	1024	44.8	3.207
971	3.281	    3435	152.6	1024	44.7	3.283
972	3.391	    3436	152.6	1024	44.6	3.360
973	3.734	    3440	152.4	1024	44.6	3.735
974	3.156	    3447	152.1	1024	44.6	3.168
975	3.375	    3447	152.1	1024	44.6	3.369
976	3.438	    3426	153.0	1024	44.3	3.395
977	3.328	    3414	153.6	1024	44.0	3.353
978	3.516	    3428	152.9	1024	44.2	3.525
979	3.375	    3431	152.8	1024	44.1	3.400
980	3.516	    3422	153.2	1024	44.0	3.495
981	3.422	    3427	153.0	1024	44.0	3.423
982	3.312	    3414	153.6	1024	43.8	3.346
983	3.484	    3443	152.3	1024	44.1	3.484
984	3.359	    3427	153.0	1024	43.8	3.353
985	3.578	    3416	153.5	1024	43.6	3.588
986	3.328	    3418	153.4	1024	43.6	3.350
987	3.312	    3424	153.1	1024	43.6	3.321
988	3.750	    3424	153.1	1024	43.5	3.714
989	3.625	    3433	152.7	1024	43.6	3.608
990	3.516	    3438	152.5	1024	43.6	3.518
991	3.562	    3445	152.2	1024	43.6	3.543
992	3.219	    3417	153.4	1024	43.2	3.225
993	3.531	    3443	152.3	1024	43.5	3.531
994	3.578	    3427	153.0	1024	43.2	3.538
995	3.484	    3442	152.3	1024	43.4	3.495
996	3.562	    3427	153.0	1024	43.1	3.550
997	3.359	    3427	153.0	1024	43.1	3.314
998	3.359	    3425	153.1	1024	43.0	3.359
999	3.438	    3416	153.5	1024	42.8	3.437
1000	3.297	    3415	153.5	1024	42.7	3.314
1001	3.312	    3423	153.2	1024	42.8	3.333
1002	3.375	    3437	152.5	1024	42.9	3.392
1003	3.703	    3447	152.1	1024	43.0	3.627
1004	3.234	    3423	153.2	1024	42.6	3.255
1005	3.391	    3418	153.4	1024	42.5	3.399
1006	3.484	    3400	154.2	1024	42.2	3.488
1007	3.516	    3417	153.4	1024	42.4	3.492
1008	3.516	    3430	152.8	1024	42.5	3.511
1009	3.453	    3426	153.0	1024	42.4	3.429
1010	3.438	    3452	151.9	1024	42.6	3.433
1011	3.203	    3432	152.8	1024	42.3	3.189
1012	3.125	    3442	152.3	1024	42.4	3.157
1013	3.297	    3438	152.5	1024	42.3	3.312
1014	3.234	    3432	152.8	1024	42.2	3.268
1015	3.359	    3432	152.8	1024	42.1	3.363
1016	3.469	    3446	152.2	1024	42.2	3.426
1017	3.391	    3438	152.5	1024	42.1	3.363
1018	3.266	    3433	152.7	1024	41.9	3.270
1019	3.219	    3441	152.4	1024	42.0	3.240
1020	3.375	    3423	153.1	1024	41.7	3.381
1021	3.281	    3427	153.0	1024	41.7	3.235
1022	3.297	    3434	152.7	1024	41.7	3.311
1023	3.422	    3461	151.5	1024	42.0	3.389
1024	3.344	    3433	152.7	1024	41.6	3.364
1025	3.438	    3426	153.0	1024	41.5	3.438
1026	3.672	    3449	152.0	1024	41.7	3.661
1027	3.484	    3440	152.4	1024	41.5	3.471
1028	3.469	    3401	154.2	1024	41.0	3.494
1029	3.484	    3443	152.3	1024	41.4	3.493
1030	3.500	    3437	152.5	1024	41.3	3.521
1031	3.250	    3411	153.7	1024	40.9	3.271
1032	3.469	    3452	151.9	1024	41.4	3.421
1033	3.375	    3416	153.5	1024	40.9	3.371
1034	3.406	    3423	153.1	1024	40.9	3.411
1035	3.547	    3429	152.9	1024	40.9	3.559
1036	3.344	    3437	152.6	1024	41.0	3.350
1037	3.422	    3420	153.3	1024	40.7	3.311
1038	3.375	    3384	154.9	1024	40.2	3.384
1039	3.391	    3427	153.0	1024	40.7	3.413
1040	3.562	    3453	151.8	1024	40.9	3.528
1041	3.500	    3438	152.5	1024	40.7	3.519
1042	3.453	    3449	152.0	1024	40.8	3.423
1043	3.484	    3425	153.1	1024	40.4	3.466
1044	3.453	    3403	154.1	1024	40.1	3.460
1045	3.500	    3497	149.9	1024	41.1	3.506
1046	3.297	    3453	151.8	1024	40.6	3.289
1047	3.297	    3418	153.4	1024	40.1	3.312
1048	3.422	    3415	153.5	1024	40.0	3.412
1049	3.484	    3428	153.0	1024	40.1	3.458
1050	3.734	    3425	153.1	1024	40.0	3.772
1051	3.312	    3454	151.8	1024	40.3	3.327
1052	3.516	    3411	153.7	1024	39.7	3.339
1053	3.406	    3422	153.2	1024	39.8	3.377
1054	3.641	    3419	153.4	1024	39.7	3.559
1055	3.250	    3408	153.8	1024	39.5	3.269
1056	3.234	    3433	152.7	1024	39.8	3.259
1057	3.172	    3411	153.7	1024	39.5	3.200
1058	3.234	    3464	151.4	1024	40.0	3.265
1059	3.266	    3411	153.7	1024	39.3	3.282
1060	3.219	    3439	152.5	1024	39.6	3.188
1061	3.375	    3434	152.7	1024	39.5	3.384
1062	3.141	    3434	152.7	1024	39.4	3.157
1063	3.219	    3444	152.2	1024	39.5	3.235
1064	3.406	    3444	152.2	1024	39.4	3.408
1065	3.219	    3442	152.3	1024	39.4	3.240
1066	3.391	    3447	152.1	1024	39.4	3.421
1067	3.281	    3443	152.3	1024	39.3	3.314
1068	3.375	    3490	150.2	1024	39.7	3.377
1069	3.375	    3431	152.8	1024	39.0	3.391
1070	4.031	    3466	151.3	1024	39.3	3.988
1071	3.891	    3451	151.9	1024	39.1	3.880
1072	3.406	    3446	152.1	1024	39.0	3.424
1073	3.359	    3444	152.2	1024	38.9	3.377
1074	3.406	    3405	154.0	1024	38.4	3.400
1075	3.625	    3440	152.4	1024	38.8	3.644
1076	3.328	    3439	152.4	1024	38.7	3.321
1077	3.422	    3473	151.0	1024	39.0	3.407
1078	3.328	    3440	152.4	1024	38.6	3.339
1079	3.672	    3431	152.8	1024	38.4	3.629
1080	3.438	    3445	152.2	1024	38.5	3.443
1081	3.469	    3424	153.1	1024	38.2	3.484
1082	3.453	    3443	152.3	1024	38.4	3.465
1083	3.656	    3430	152.9	1024	38.2	3.612
1084	3.484	    3416	153.5	1024	38.0	3.500
1085	3.469	    3401	154.1	1024	37.8	3.486
1086	3.422	    3422	153.2	1024	37.9	3.387
1087	3.469	    3399	154.2	1024	37.6	3.439
1088	3.812	    3418	153.4	1024	37.8	3.789
1089	3.469	    3406	153.9	1024	37.6	3.466
1090	3.438	    3445	152.2	1024	38.0	3.419
1091	3.344	    3390	154.7	1024	37.3	3.357
1092	3.484	    3404	154.0	1024	37.4	3.467
1093	3.562	    3420	153.3	1024	37.5	3.567
1094	3.531	    3417	153.4	1024	37.4	3.539
1095	3.188	    3431	152.8	1024	37.5	3.213
1096	3.438	    3426	153.1	1024	37.4	3.432
1097	3.422	    3420	153.3	1024	37.3	3.409
1098	3.453	    3408	153.8	1024	37.1	3.482
1099	3.531	    3434	152.7	1024	37.3	3.526
1100	3.422	    3417	153.4	1024	37.1	3.441
1101	3.391	    3424	153.1	1024	37.1	3.378
1102	3.453	    3440	152.4	1024	37.2	3.424
1103	3.422	    3425	153.1	1024	37.0	3.444
1104	3.172	    3426	153.0	1024	36.9	3.166
1105	3.359	    3448	152.1	1024	37.1	3.324
1106	3.266	    3439	152.5	1024	37.0	3.296
1107	3.188	    3435	152.6	1024	36.9	3.192
1108	3.156	    3447	152.1	1024	36.9	3.146
1109	3.250	    3437	152.6	1024	36.8	3.274
1110	3.156	    3430	152.9	1024	36.6	3.183
1111	3.453	    3411	153.7	1024	36.4	3.342
1112	3.078	    3426	153.0	1024	36.5	3.092
1113	3.250	    3429	152.9	1024	36.5	3.229
1114	3.547	    3451	151.9	1024	36.6	3.545
1115	3.469	    3421	153.3	1024	36.3	3.467
1116	3.578	    3442	152.3	1024	36.4	3.569
1117	3.297	    3404	154.0	1024	36.0	3.292
1118	3.562	    3422	153.2	1024	36.1	3.567
1119	3.266	    3446	152.2	1024	36.3	3.311
1120	3.281	    3431	152.8	1024	36.1	3.289
1121	3.469	    3467	151.2	1024	36.4	3.442
1122	3.641	    3427	153.0	1024	35.9	3.654
1123	3.312	    3472	151.0	1024	36.3	3.340
1124	3.312	    3448	152.1	1024	36.0	3.313
1125	3.469	    3459	151.6	1024	36.1	3.463
1126	3.453	    3442	152.3	1024	35.9	3.476
1127	3.688	    3441	152.4	1024	35.8	3.659
1128	3.406	    3437	152.5	1024	35.7	3.395
1129	3.469	    3419	153.3	1024	35.4	3.449
1130	3.469	    3441	152.4	1024	35.6	3.467
1131	3.453	    3433	152.7	1024	35.5	3.479
1132	3.469	    3430	152.9	1024	35.4	3.427
1133	3.469	    3412	153.7	1024	35.1	3.445
1134	3.344	    3406	153.9	1024	35.0	3.361
1135	3.438	    3451	151.9	1024	35.4	3.437
1136	3.344	    3422	153.2	1024	35.1	3.362
1137	3.328	    3450	152.0	1024	35.3	3.309
1138	3.328	    3423	153.2	1024	35.0	3.340
1139	3.234	    3468	151.2	1024	35.4	3.277
1140	3.453	    3444	152.2	1024	35.1	3.415
1141	3.328	    3422	153.2	1024	34.8	3.312
1142	3.359	    3415	153.5	1024	34.7	3.384
1143	3.297	    3425	153.1	1024	34.7	3.300
1144	3.328	    3427	153.0	1024	34.7	3.331
1145	3.422	    3428	153.0	1024	34.6	3.425
1146	3.344	    3446	152.1	1024	34.8	3.356
1147	3.375	    3413	153.6	1024	34.4	3.378
1148	3.375	    3475	150.9	1024	34.9	3.372
1149	3.328	    3466	151.3	1024	34.8	3.296
1150	3.328	    3416	153.5	1024	34.2	3.330
1151	3.266	    3426	153.0	1024	34.3	3.273
1152	3.344	    3460	151.5	1024	34.5	3.335
1153	3.484	    3441	152.3	1024	34.3	3.451
1154	3.047	    3440	152.4	1024	34.2	3.081
1155	3.422	    3438	152.5	1024	34.1	3.329
1156	3.203	    3431	152.8	1024	34.0	3.208
1157	3.375	    3450	152.0	1024	34.2	3.370
1158	3.234	    3432	152.8	1024	33.9	3.204
1159	3.406	    3438	152.5	1024	33.9	3.381
1160	3.344	    3441	152.4	1024	33.9	3.364
1161	3.344	    3439	152.5	1024	33.8	3.348
1162	3.438	    3440	152.4	1024	33.8	3.420
1163	3.469	    3445	152.2	1024	33.8	3.493
1164	3.359	    3439	152.5	1024	33.6	3.373
1165	3.344	    3466	151.3	1024	33.9	3.381
1166	3.812	    3437	152.5	1024	33.5	3.770
1167	3.375	    3425	153.1	1024	33.3	3.379
1168	3.500	    3503	149.7	1280	34.0	3.513
1169	3.250	    3497	149.9	1280	33.9	3.280
1170	3.219	    3463	151.4	1280	33.5	3.237
1171	3.250	    3465	151.3	1280	33.5	3.271
1172	3.547	    3501	149.8	1280	33.8	3.513
1173	3.375	    3432	152.8	1280	33.1	3.363
1174	3.375	    3528	148.6	1280	33.9	3.398
1175	3.375	    3489	150.3	1280	33.5	3.373
1176	3.156	    3483	150.5	1280	33.4	3.181
1177	3.500	    3495	150.0	1280	33.4	3.480
1178	3.281	    3452	151.9	1280	33.0	3.310
1179	3.484	    3484	150.5	1280	33.2	3.476
1180	3.172	    3500	149.8	1280	33.3	3.121
1181	3.438	    3476	150.8	1280	33.0	3.392
1182	3.312	    3492	150.1	1280	33.1	3.314
1183	3.375	    3482	150.6	1280	33.0	3.405
1184	3.438	    3465	151.3	1280	32.7	3.447
1185	3.500	    3489	150.3	1280	32.9	3.518
1186	3.469	    3484	150.5	1280	32.8	3.469
1187	3.438	    3496	150.0	1280	32.9	3.426
1188	3.109	    3490	150.2	1280	32.8	3.141
1189	3.375	    3515	149.2	1280	32.9	3.398
1190	3.281	    3493	150.1	1280	32.7	3.291
1191	3.328	    3506	149.5	1280	32.7	3.336
1192	3.234	    3460	151.5	1280	32.2	3.246
1193	3.359	    3514	149.2	1280	32.7	3.362
1194	3.359	    3486	150.4	1280	32.4	3.353
1195	3.078	    3489	150.2	1280	32.3	3.110
1196	3.250	    3487	150.3	1280	32.3	3.260
1197	3.188	    3485	150.4	1280	32.2	3.211
1198	3.156	    3490	150.2	1280	32.2	3.129
1199	3.266	    3503	149.7	1280	32.2	3.257
1200	3.438	    3484	150.5	1280	32.0	3.394
1201	3.328	    3533	148.4	1280	32.4	3.334
1202	3.203	    3456	151.7	1280	31.6	3.211
1203	3.141	    3504	149.6	1280	32.0	3.158
1204	2.953	    3512	149.3	1280	32.0	2.989
1205	3.188	    3501	149.7	1280	31.9	3.197
1206	3.266	    3483	150.5	1280	31.6	3.269
1207	3.891	    3497	149.9	1280	31.7	3.900
1208	3.562	    3482	150.6	1280	31.5	3.557
1209	3.406	    3484	150.5	1280	31.5	3.410
1210	3.328	    3493	150.1	1280	31.5	3.241
1211	3.422	    3518	149.0	1280	31.7	3.422
1212	3.547	    3490	150.2	1280	31.3	3.543
1213	3.453	    3513	149.2	1280	31.5	3.451
1214	3.391	    3458	151.6	1280	30.9	3.423
1215	3.219	    3502	149.7	1280	31.3	3.245
1216	3.438	    3521	148.9	1280	31.4	3.419
1217	3.344	    3478	150.7	1280	31.0	3.355
1218	3.297	    3488	150.3	1280	31.0	3.288
1219	3.312	    3496	150.0	1280	31.0	3.302
1220	3.359	    3464	151.4	1280	30.7	3.353
1221	3.438	    3462	151.4	1280	30.6	3.412
1222	3.656	    3508	149.5	1280	30.9	3.672
1223	3.641	    3478	150.8	1280	30.6	3.604
1224	3.219	    3490	150.2	1280	30.7	3.239
1225	3.406	    3481	150.6	1280	30.5	3.396
1226	3.438	    3484	150.5	1280	30.5	3.441
1227	3.391	    3501	149.7	1280	30.6	3.411
1228	3.156	    3449	152.0	1280	30.1	3.089
1229	3.328	    3476	150.8	1280	30.2	3.325
1230	3.453	    3465	151.3	1280	30.1	3.429
1231	3.375	    3458	151.6	1280	30.0	3.338
1232	3.234	    3506	149.5	1280	30.3	3.221
1233	3.453	    3487	150.4	1280	30.1	3.396
1234	3.359	    3510	149.4	1280	30.2	3.354
1235	3.297	    3490	150.2	1280	30.0	3.284
1236	3.469	    3489	150.3	1280	29.9	3.449
1237	3.359	    3496	150.0	1280	30.0	3.366
1238	3.219	    3528	148.6	1280	30.2	3.248
1239	3.375	    3474	150.9	1280	29.6	3.394
1240	3.250	    3493	150.1	1280	29.7	3.262
1241	3.094	    3473	151.0	1280	29.5	3.118
1242	3.094	    3492	150.1	1280	29.6	3.052
1243	2.969	    3497	149.9	1280	29.6	2.983
1244	3.312	    3485	150.4	1280	29.5	3.321
1245	3.125	    3530	148.5	1280	29.8	3.114
1246	3.266	    3473	150.9	1280	29.2	3.207
1247	3.328	    3507	149.5	1280	29.5	3.322
1248	3.125	    3535	148.3	1280	29.6	3.139
1249	3.406	    3539	148.1	1280	29.6	3.423
1250	3.094	    3483	150.5	1280	29.1	3.089
1251	3.219	    3513	149.2	1280	29.3	3.216
1252	3.391	    3478	150.7	1280	28.9	3.393
1253	3.609	    3536	148.3	1280	29.3	3.626
1254	3.359	    3540	148.1	1280	29.3	3.384
1255	3.359	    3538	148.2	1280	29.2	3.343
1256	3.406	    3477	150.8	1280	28.7	3.419
1257	3.141	    3497	149.9	1280	28.8	3.161
1258	3.266	    3551	147.7	1280	29.2	3.260
1259	3.234	    3479	150.7	1280	28.5	3.266
1260	3.281	    3484	150.5	1280	28.5	3.300
1261	3.250	    3543	148.0	1280	28.9	3.262
1262	3.328	    3469	151.2	1280	28.3	3.296
1263	3.266	    3445	152.2	1280	28.0	3.278
1264	3.141	    3463	151.4	1280	28.1	3.172
1265	3.344	    3518	149.0	1280	28.5	3.312
1266	3.438	    3499	149.9	1280	28.3	3.436
1267	3.453	    3474	150.9	1280	28.0	3.452
1268	3.453	    3465	151.3	1280	27.9	3.457
1269	3.344	    3502	149.7	1280	28.1	3.369
1270	3.125	    3484	150.5	1280	27.9	3.154
1271	3.422	    3429	152.9	1280	27.4	3.400
1272	3.422	    3459	151.6	1280	27.6	3.395
1273	3.484	    3513	149.3	1280	28.0	3.464
1274	3.359	    3471	151.0	1280	27.6	3.288
1275	3.391	    3494	150.0	1280	27.7	3.412
1276	3.234	    3525	148.8	1280	27.9	3.252
1277	4.000	    3521	148.9	1280	27.8	3.957
1278	3.469	    3471	151.1	1280	27.4	3.492
1279	3.500	    3464	151.3	1280	27.3	3.500
1280	3.359	    3442	152.3	1280	27.0	3.366
1281	3.375	    3463	151.4	1280	27.1	3.373
1282	3.359	    3519	149.0	1280	27.5	3.398
1283	3.234	    3520	149.0	1280	27.5	3.238
1284	3.469	    3508	149.4	1280	27.3	3.442
1285	3.172	    3472	151.0	1280	27.0	3.205
1286	3.188	    3493	150.1	1280	27.1	3.203
1287	3.047	    3528	148.6	1280	27.3	3.075
1288	3.156	    3481	150.6	1280	26.9	3.177
1289	3.016	    3506	149.5	1280	27.0	3.044
1290	3.453	    3452	151.9	1280	26.5	3.445
1291	3.188	    3490	150.2	1280	26.8	3.204
1292	3.078	    3489	150.3	1280	26.7	3.077
1293	3.062	    3480	150.7	1280	26.6	3.092
1294	3.234	    3558	147.4	1280	27.1	3.221
1295	3.094	    3527	148.7	1280	26.8	3.128
1296	3.328	    3462	151.4	1280	26.3	3.284
1297	3.125	    3494	150.0	1280	26.4	3.112
1298	3.031	    3510	149.4	1280	26.5	2.936
1299	3.125	    3524	148.8	1280	26.5	3.151
1300	3.344	    3500	149.8	1280	26.3	3.372
1301	3.344	    3482	150.6	1280	26.1	3.343
1302	3.281	    3522	148.9	1280	26.4	3.277
1303	3.266	    3517	149.1	1280	26.3	3.244
1304	3.094	    3487	150.3	1280	26.0	3.115
1305	3.266	    3578	146.5	1280	26.6	3.296
1306	3.297	    3552	147.6	1280	26.3	3.287
1307	3.234	    3453	151.8	1280	25.6	3.265
1308	3.094	    3545	147.9	1280	26.2	3.109
1309	3.438	    3501	149.8	1280	25.8	3.439
1310	3.312	    3492	150.2	1280	25.7	3.327
1311	3.469	    3481	150.6	1280	25.5	3.460
1312	3.141	    3441	152.3	1280	25.2	3.177
1313	3.406	    3478	150.8	1280	25.4	3.430
1314	3.359	    3477	150.8	1280	25.3	3.370
1315	3.312	    3476	150.8	1280	25.3	3.321
1316	3.141	    3477	150.8	1280	25.2	3.163
1317	3.438	    3475	150.9	1280	25.1	3.447
1318	3.250	    3461	151.5	1280	25.0	3.269
1319	3.281	    3526	148.7	1280	25.4	3.315
1320	3.234	    3482	150.6	1280	25.0	3.232
1321	3.422	    3477	150.8	1280	24.9	3.419
1322	3.203	    3435	152.6	1280	24.6	3.216
1323	3.219	    3489	150.3	1280	24.9	3.246
1324	3.219	    3463	151.4	1280	24.6	3.228
1325	3.250	    3496	149.9	1280	24.8	3.278
1326	3.328	    3501	149.8	1280	24.8	3.340
1327	3.438	    3495	150.0	1280	24.7	3.416
1328	3.188	    3476	150.8	1280	24.5	3.195
1329	3.484	    3487	150.3	1280	24.5	3.478
1330	3.250	    3489	150.3	1280	24.5	3.249
1331	3.438	    3511	149.3	1280	24.6	3.449
1332	3.359	    3465	151.3	1280	24.2	3.355
1333	3.094	    3530	148.5	1280	24.6	3.109
1334	2.984	    3494	150.0	1280	24.3	3.011
1335	3.047	    3495	150.0	1280	24.2	3.073
1336	3.188	    3489	150.3	1280	24.1	3.199
1337	3.109	    3502	149.7	1280	24.2	3.112
1338	3.297	    3465	151.3	1280	23.9	3.310
1339	3.250	    3547	147.8	1280	24.4	3.258
1340	3.125	    3473	151.0	1280	23.8	3.140
1341	3.250	    3462	151.5	1280	23.7	3.239
1342	3.156	    3490	150.2	1280	23.8	3.057
1343	2.844	    3482	150.6	1280	23.7	2.827
1344	3.375	    3533	148.4	1280	24.0	3.380
1345	3.250	    3497	149.9	1280	23.7	3.264
1346	2.953	    3501	149.8	1280	23.6	2.972
1347	3.141	    3502	149.7	1280	23.6	3.148
1348	3.328	    3479	150.7	1280	23.4	3.301
1349	3.281	    3519	149.0	1280	23.6	3.292
1350	3.406	    3479	150.7	1280	23.3	3.429
1351	3.234	    3488	150.3	1280	23.3	3.244
1352	3.141	    3483	150.5	1280	23.2	3.141
1353	3.375	    3473	151.0	1280	23.0	3.354
1354	3.172	    3499	149.8	1280	23.2	3.166
1355	3.125	    3506	149.5	1280	23.1	3.141
1356	3.266	    3462	151.4	1280	22.8	3.290
1357	3.078	    3546	147.8	1280	23.3	3.088
1358	3.344	    3449	152.0	1280	22.6	3.335
1359	3.297	    3479	150.7	1280	22.7	3.303
1360	3.234	    3516	149.1	1280	22.9	3.274
1361	3.281	    3470	151.1	1280	22.6	3.310
1362	3.188	    3467	151.2	1280	22.5	3.215
1363	3.406	    3491	150.2	1280	22.6	3.373
1364	3.344	    3479	150.7	1280	22.4	3.356
1365	3.375	    3516	149.1	1280	22.6	3.383
1366	3.359	    3517	149.1	1280	22.6	3.344
1367	3.328	    3472	151.0	1280	22.2	3.331
1368	3.172	    3453	151.8	1280	22.0	3.184
1369	3.234	    3450	152.0	1280	22.0	3.234
1370	3.219	    3515	149.2	1280	22.3	3.231
1371	3.172	    3469	151.1	1280	22.0	3.199
1372	3.234	    3460	151.5	1280	21.9	3.246
1373	3.312	    3537	148.2	1280	22.3	3.302
1374	3.125	    3511	149.3	1280	22.1	3.141
1375	3.203	    3447	152.1	1280	21.6	3.229
1376	2.891	    3493	150.1	1280	21.8	2.925
1377	3.391	    3473	150.9	1280	21.7	3.379
1378	3.281	    3462	151.4	1280	21.5	3.289
1379	3.234	    3476	150.8	1280	21.6	3.257
1380	2.891	    3502	149.7	1280	21.7	2.917
1381	3.016	    3477	150.8	1280	21.4	2.996
1382	2.969	    3492	150.1	1280	21.5	2.981
1383	3.234	    3461	151.5	1280	21.2	3.228
1384	3.219	    3494	150.0	1280	21.4	3.241
1385	3.000	    3474	150.9	1280	21.2	3.033
1386	3.266	    3478	150.8	1280	21.2	3.293
1387	3.203	    3489	150.3	1280	21.2	3.202
1388	3.594	    3524	148.8	1280	21.3	3.590
1389	3.109	    3481	150.6	1280	21.0	3.146
1390	3.047	    3534	148.4	1280	21.3	3.054
1391	2.969	    3479	150.7	1280	20.9	3.010
1392	3.844	    3499	149.8	1280	20.9	3.781
1393	3.281	    3490	150.2	1280	20.8	3.283
1394	3.328	    3496	150.0	1280	20.8	3.324
1395	3.172	    3517	149.1	1280	20.9	3.155
1396	3.250	    3525	148.7	1280	20.9	3.263
1397	3.328	    3547	147.8	1280	20.9	3.322
1398	3.219	    3471	151.0	1280	20.4	3.210
1399	3.609	    3485	150.4	1280	20.4	3.342
1400	3.078	    3496	150.0	1280	20.5	3.078
1401	3.328	    3542	148.0	1280	20.7	3.323
1402	3.172	    3506	149.5	1280	20.4	3.165
1403	3.094	    3498	149.9	1280	20.3	3.080
1404	3.328	    3464	151.3	1280	20.0	3.288
1405	3.094	    3473	150.9	1280	20.0	3.086
1406	3.141	    3459	151.6	1280	19.9	3.172
1407	3.562	    3475	150.9	1280	19.9	3.557
1408	3.547	    3450	152.0	1280	19.7	3.548
1409	3.281	    3475	150.9	1280	19.8	3.275
1410	3.203	    3466	151.3	1280	19.7	3.214
1411	3.281	    3520	148.9	1280	19.9	3.272
1412	3.125	    3460	151.5	1280	19.6	3.144
1413	3.234	    3471	151.0	1280	19.6	3.262
1414	3.156	    3455	151.7	1280	19.4	3.181
1415	3.328	    3526	148.7	1280	19.7	3.333
1416	3.094	    3458	151.6	1280	19.3	3.113
1417	3.156	    3474	150.9	1280	19.3	3.183
1418	3.094	    3455	151.7	1280	19.2	3.102
1419	3.156	    3501	149.7	1280	19.4	3.177
1420	3.266	    3472	151.0	1280	19.2	3.270
1421	3.344	    3477	150.8	1280	19.1	3.331
1422	3.125	    3477	150.8	1280	19.1	3.146
1423	3.250	    3500	149.8	1280	19.1	3.273
1424	3.141	    3497	149.9	1280	19.1	3.141
1425	3.219	    3470	151.1	1280	18.9	3.219
1426	3.188	    3502	149.7	1280	19.0	3.174
1427	3.062	    3475	150.9	1280	18.8	3.076
1428	3.141	    3466	151.2	1280	18.7	3.144
1429	3.141	    3491	150.2	1280	18.7	3.160
1430	2.922	    3498	149.9	1280	18.7	2.947
1431	3.234	    3496	150.0	1280	18.6	3.237
1432	3.406	    3495	150.0	1280	18.6	3.410
1433	3.141	    3505	149.6	1280	18.6	3.167
1434	3.453	    3518	149.0	1280	18.6	3.460
1435	3.281	    3491	150.2	1280	18.4	3.256
1436	3.094	    3501	149.8	1280	18.4	3.109
1437	3.062	    3519	149.0	1280	18.4	3.082
1438	3.094	    3559	147.3	1280	18.6	3.094
1439	3.031	    3495	150.0	1280	18.2	3.049
1440	3.547	    3477	150.8	1280	18.0	3.555
1441	3.125	    3490	150.2	1280	18.0	3.156
1442	3.359	    3501	149.8	1280	18.0	3.382
1443	3.328	    3507	149.5	1280	18.0	3.319
1444	3.281	    3523	148.8	1280	18.0	3.314
1445	2.969	    3505	149.6	1280	17.9	2.967
1446	3.234	    3495	150.0	1280	17.8	3.247
1447	3.391	    3496	150.0	1280	17.7	3.374
1448	3.188	    3490	150.2	1280	17.6	3.204
1449	3.234	    3487	150.4	1280	17.6	3.235
1450	3.344	    3551	147.7	1280	17.8	3.331
1451	3.234	    3479	150.7	1280	17.4	3.246
1452	3.062	    3503	149.7	1280	17.5	3.058
1453	3.500	    3508	149.5	1280	17.4	3.506
1454	3.312	    3476	150.8	1280	17.2	3.303
1455	3.344	    3475	150.9	1280	17.1	3.346
1456	3.609	    3502	149.7	1280	17.2	3.607
1457	3.234	    3468	151.2	1280	17.0	3.254
1458	3.250	    3499	149.8	1280	17.1	3.219
1459	3.078	    3445	152.2	1280	16.8	3.098
1460	3.219	    3549	147.7	1536	17.2	3.238
1461	3.203	    3500	149.8	1536	16.9	3.212
1462	3.203	    3512	149.3	1536	16.9	3.236
1463	3.297	    3496	150.0	1536	16.8	3.298
1464	3.156	    3490	150.2	1536	16.7	3.196
1465	3.203	    3534	148.3	1536	16.8	3.182
1466	3.297	    3505	149.6	1536	16.6	3.313
1467	3.156	    3536	148.3	1536	16.7	3.169
1468	3.234	    3555	147.5	1536	16.8	3.250
1469	3.234	    3529	148.6	1536	16.6	3.269
1470	3.328	    3460	151.5	1536	16.2	3.331
1471	3.312	    3590	146.0	1536	16.8	3.270
1472	3.219	    3569	146.9	1536	16.6	3.229
1473	3.109	    3520	149.0	1536	16.3	3.122
1474	3.094	    3503	149.7	1536	16.2	3.106
1475	3.188	    3468	151.2	1536	16.0	3.216
1476	2.953	    3531	148.5	1536	16.2	2.967
1477	3.141	    3542	148.0	1536	16.2	3.133
1478	3.094	    3564	147.1	1536	16.2	3.094
1479	3.250	    3516	149.1	1536	15.9	3.266
1480	3.188	    3554	147.5	1536	16.1	3.212
1481	3.188	    3505	149.6	1536	15.8	3.168
1482	2.922	    3554	147.5	1536	15.9	2.940
1483	3.047	    3556	147.4	1536	15.9	3.041
1484	3.125	    3483	150.5	1536	15.5	3.126
1485	2.984	    3519	149.0	1536	15.6	3.022
1486	3.219	    3504	149.6	1536	15.5	3.217
1487	3.047	    3615	145.0	1536	15.9	3.075
1488	3.250	    3538	148.2	1536	15.5	3.282
1489	3.125	    3563	147.1	1536	15.6	3.154
1490	3.438	    3517	149.1	1536	15.3	3.433
1491	3.328	    3538	148.2	1536	15.3	3.310
1492	3.469	    3526	148.7	1536	15.2	3.429
1493	3.109	    3542	148.0	1536	15.2	3.111
1494	3.141	    3553	147.5	1536	15.2	3.125
1495	3.219	    3523	148.8	1536	15.0	3.202
1496	3.297	    3590	146.0	1536	15.3	3.245
1497	3.406	    3529	148.6	1536	14.9	3.398
1498	3.078	    3554	147.5	1536	15.0	3.105
1499	3.188	    3611	145.2	1536	15.2	3.171
1500	3.422	    3529	148.6	1536	14.8	3.413
1501	3.156	    3496	150.0	1536	14.6	3.203
1502	3.234	    3482	150.6	1536	14.5	3.252
1503	3.281	    3498	149.9	1536	14.5	3.281
1504	3.250	    3533	148.4	1536	14.5	3.270
1505	3.406	    3534	148.3	1536	14.5	3.399
1506	3.094	    3490	150.2	1536	14.3	3.128
1507	3.344	    3512	149.3	1536	14.3	3.338
1508	2.953	    3495	150.0	1536	14.2	2.944
1509	3.359	    3588	146.1	1536	14.5	3.364
1510	3.234	    3480	150.7	1536	14.0	3.254
1511	3.328	    3595	145.8	1536	14.4	3.280
1512	3.172	    3523	148.8	1536	14.0	3.151
1513	3.266	    3502	149.7	1536	13.9	3.253
1514	3.203	    3517	149.1	1536	13.9	3.202
1515	3.422	    3534	148.4	1536	13.9	3.419
1516	3.031	    3504	149.6	1536	13.7	3.016
1517	3.219	    3455	151.7	1536	13.5	3.237
1518	3.266	    3542	148.0	1536	13.8	3.266
1519	2.953	    3499	149.8	1536	13.5	2.998
1520	3.062	    3506	149.5	1536	13.5	3.040
1521	3.234	    3504	149.6	1536	13.4	3.263
1522	3.188	    3608	145.3	1536	13.8	3.204
1523	2.859	    3543	148.0	1536	13.5	2.904
1524	3.250	    3586	146.2	1536	13.6	3.255
1525	3.188	    3496	150.0	1536	13.2	3.157
1526	3.359	    3484	150.5	1536	13.1	3.154
1527	3.203	    3545	147.9	1536	13.2	3.190
1528	3.078	    3490	150.2	1536	13.0	3.117
1529	3.125	    3539	148.2	1536	13.1	3.147
1530	3.125	    3527	148.7	1536	13.0	3.116
1531	3.156	    3509	149.4	1536	12.9	3.173
1532	3.047	    3499	149.8	1536	12.8	3.072
1533	3.047	    3552	147.6	1536	12.9	3.084
1534	3.297	    3548	147.8	1536	12.8	3.301
1535	3.062	    3548	147.8	1536	12.8	3.066
1536	3.094	    3549	147.7	1536	12.7	3.105
1537	3.234	    3594	145.9	1536	12.8	3.211
1538	3.422	    3501	149.8	1536	12.4	3.406
1539	3.141	    3531	148.5	1536	12.5	3.077
1540	3.000	    3517	149.1	1536	12.4	3.020
1541	3.172	    3580	146.5	1536	12.5	3.204
1542	3.266	    3573	146.7	1536	12.4	3.241
1543	3.312	    3565	147.1	1536	12.4	3.302
1544	3.391	    3591	146.0	1536	12.4	3.422
1545	3.281	    3549	147.7	1536	12.2	3.185
1546	3.250	    3511	149.3	1536	12.0	3.244
1547	3.734	    3567	147.0	1536	12.1	3.736
1548	3.375	    3504	149.6	1536	11.9	3.367
1549	3.172	    3551	147.7	1536	12.0	3.174
1550	3.141	    3482	150.6	1536	11.7	3.154
1551	3.312	    3525	148.7	1536	11.7	3.298
1552	3.312	    3495	150.0	1536	11.6	3.305
1553	3.266	    3473	150.9	1536	11.5	3.258
1554	3.312	    3503	149.7	1536	11.5	3.301
1555	3.094	    3509	149.4	1536	11.5	3.123
1556	3.141	    3508	149.4	1536	11.4	3.162
1557	3.047	    3508	149.5	1536	11.3	3.078
1558	3.422	    3494	150.1	1536	11.2	3.369
1559	3.297	    3533	148.4	1536	11.3	3.260
1560	3.266	    3492	150.1	1536	11.1	3.274
1561	3.281	    3477	150.8	1536	11.0	3.300
1562	3.094	    3614	145.1	1536	11.4	3.125
1563	3.234	    3561	147.2	1536	11.2	3.260
1564	3.344	    3554	147.5	1536	11.1	3.314
1565	3.078	    3589	146.1	1536	11.1	3.099
1566	3.328	    3543	148.0	1536	10.9	3.324
1567	3.203	    3519	149.0	1536	10.8	3.198
1568	3.203	    3516	149.1	1536	10.7	3.219
1569	3.172	    3505	149.6	1536	10.6	3.179
1570	3.156	    3564	147.1	1536	10.8	3.137
1571	3.328	    3532	148.5	1536	10.6	3.296
1572	3.141	    3531	148.5	1536	10.5	3.159
1573	3.172	    3535	148.3	1536	10.5	3.170
1574	3.172	    3550	147.7	1536	10.5	3.173
1575	3.078	    3526	148.7	1536	10.3	3.092
1576	3.016	    3563	147.2	1536	10.4	3.028
1577	2.938	    3552	147.6	1536	10.3	2.981
1578	3.078	    3563	147.1	1536	10.3	3.096
1579	3.094	    3584	146.3	1536	10.3	3.122
1580	3.156	    3538	148.2	1536	10.1	3.165
1581	3.188	    3546	147.8	1536	10.0	3.180
1582	3.188	    3615	145.0	1536	10.2	3.215
1583	3.266	    3551	147.7	1536	9.9	3.284
1584	3.125	    3519	149.0	1536	9.8	3.151
1585	3.328	    3509	149.4	1536	9.7	3.311
1586	3.250	    3542	148.0	1536	9.7	3.258
1587	3.172	    3585	146.2	1536	9.8	3.173
1588	3.297	    3578	146.5	1536	9.7	3.313
1589	3.219	    3562	147.2	1536	9.6	3.205
1590	3.109	    3530	148.5	1536	9.5	3.150
1591	3.234	    3509	149.4	1536	9.4	3.160
1592	3.062	    3536	148.3	1536	9.4	3.074
1593	3.047	    3560	147.3	1536	9.4	3.061
1594	3.406	    3561	147.2	1536	9.3	3.388
1595	3.359	    3496	150.0	1536	9.1	3.384
1596	3.203	    3478	150.7	1536	9.0	3.223
1597	3.141	    3515	149.1	1536	9.0	3.128
1598	3.188	    3528	148.6	1536	9.0	3.204
1599	2.984	    3555	147.5	1536	9.0	3.020
1600	3.344	    3505	149.6	1536	8.8	3.316
1601	3.250	    3523	148.8	1536	8.8	3.273
1602	3.328	    3456	151.7	1536	8.6	3.352
1603	3.172	    3497	149.9	1536	8.6	3.188
1604	3.344	    3494	150.0	1536	8.6	3.348
1605	3.156	    3497	149.9	1536	8.5	3.163
1606	3.000	    3515	149.2	1536	8.5	3.042
1607	3.141	    3543	148.0	1536	8.5	3.162
1608	2.938	    3513	149.3	1536	8.4	2.983
1609	3.109	    3484	150.5	1536	8.2	3.153
1610	3.219	    3490	150.2	1536	8.2	3.248
1611	3.094	    3491	150.2	1536	8.1	3.123
1612	3.266	    3537	148.2	1536	8.2	3.264
1613	3.219	    3507	149.5	1536	8.1	3.216
1614	3.125	    3499	149.9	1536	8.0	3.139
1615	3.141	    3520	148.9	1536	8.0	3.141
1616	3.000	    3552	147.6	1536	8.0	3.015
1617	3.453	    3539	148.2	1536	7.9	3.439
1618	3.141	    3578	146.6	1536	7.9	3.157
1619	3.109	    3510	149.4	1536	7.7	3.139
1620	3.125	    3537	148.2	1536	7.7	3.148
1621	3.234	    3526	148.7	1536	7.6	3.208
1622	3.125	    3580	146.4	1536	7.7	3.153
1623	3.156	    3531	148.5	1536	7.5	3.167
1624	3.328	    3547	147.8	1536	7.5	3.364
1625	3.281	    3556	147.4	1536	7.5	3.297
1626	2.953	    3577	146.6	1536	7.5	2.943
1627	2.969	    3539	148.2	1536	7.3	2.960
1628	3.406	    3513	149.2	1536	7.2	3.410
1629	3.234	    3574	146.7	1536	7.3	3.113
1630	3.359	    3536	148.3	1536	7.1	3.348
1631	3.328	    3523	148.8	1536	7.0	3.337
1632	3.156	    3566	147.0	1536	7.1	3.161
1633	3.156	    3540	148.1	1536	7.0	3.140
1634	3.312	    3550	147.7	1536	6.9	3.339
1635	3.203	    3540	148.1	1536	6.8	3.193
1636	3.109	    3523	148.8	1536	6.8	3.121
1637	3.062	    3592	146.0	1536	6.8	3.087
1638	3.359	    3566	147.0	1536	6.7	3.323
1639	3.312	    3502	149.7	1536	6.5	3.325
1640	3.141	    3497	149.9	1536	6.5	3.152
1641	3.359	    3545	147.9	1536	6.5	3.317
1642	3.219	    3491	150.2	1536	6.3	3.250
1643	3.297	    3527	148.6	1536	6.3	3.323
1644	3.234	    3502	149.7	1536	6.2	3.251
1645	3.172	    3464	151.4	1536	6.1	3.168
1646	3.078	    3544	147.9	1536	6.2	3.076
1647	3.188	    3525	148.7	1536	6.1	3.194
1648	3.031	    3573	146.7	1536	6.1	3.035
1649	3.266	    3457	151.7	1536	5.9	3.222
1650	3.375	    3474	150.9	1536	5.8	3.359
1651	3.125	    3552	147.6	1536	5.9	3.146
1652	2.953	    3549	147.7	1536	5.9	2.957
1653	3.266	    3514	149.2	1536	5.7	3.303
1654	3.000	    3559	147.3	1536	5.8	3.012
1655	3.156	    3515	149.2	1536	5.6	3.168
1656	3.234	    3515	149.2	1536	5.6	3.242
1657	3.266	    3473	151.0	1536	5.4	3.247
1658	3.344	    3533	148.4	1536	5.5	3.341
1659	3.250	    3537	148.2	1536	5.4	3.212
1660	3.156	    3494	150.0	1536	5.3	3.157
1661	3.062	    3506	149.6	1536	5.3	3.092
1662	3.125	    3532	148.4	1536	5.2	3.166
1663	2.938	    3539	148.1	1536	5.2	2.953
1664	3.391	    3540	148.1	1536	5.1	3.413
1665	3.219	    3558	147.3	1536	5.1	3.209
1666	3.047	    3560	147.3	1536	5.0	3.064
1667	2.875	    3509	149.4	1536	4.9	2.878
1668	3.172	    3597	145.8	1536	5.0	3.186
1669	3.047	    3514	149.2	1536	4.8	3.037
1670	2.859	    3573	146.7	1536	4.8	2.884
1671	2.891	    3541	148.1	1536	4.7	2.908
1672	3.156	    3534	148.4	1536	4.7	3.159
1673	3.141	    3534	148.3	1536	4.6	3.161
1674	3.062	    3552	147.6	1536	4.6	3.069
1675	3.250	    3548	147.8	1536	4.5	3.287
1676	3.156	    3511	149.3	1536	4.4	3.189
1677	3.094	    3615	145.0	1536	4.5	3.074
1678	3.250	    3585	146.2	1536	4.4	3.227
1679	3.094	    3548	147.8	1536	4.3	3.116
1680	3.297	    3500	149.8	1536	4.1	3.305
1681	3.203	    3611	145.2	1536	4.2	3.196
1682	3.250	    3604	145.5	1536	4.1	3.252
1683	3.297	    3551	147.6	1536	4.0	3.302
1684	3.000	    3498	149.9	1536	3.9	3.022
1685	3.203	    3548	147.8	1536	3.9	3.229
1686	3.328	    3529	148.6	1536	3.8	3.300
1687	3.188	    3504	149.6	1536	3.7	3.197
1688	3.281	    3490	150.2	1536	3.7	3.290
1689	3.234	    3479	150.7	1536	3.6	3.260
1690	3.312	    3467	151.2	1536	3.5	3.320
1691	3.234	    3543	148.0	1536	3.5	3.216
1692	3.047	    3514	149.2	1536	3.5	3.083
1693	3.109	    3537	148.2	1536	3.4	3.133
1694	3.234	    3569	146.9	1536	3.4	3.226
1695	3.188	    3520	148.9	1536	3.3	3.219
1696	3.031	    3555	147.5	1536	3.3	3.076
1697	3.141	    3565	147.1	1536	3.2	3.140
1698	3.266	    3511	149.3	1536	3.1	3.293
1699	3.094	    3520	148.9	1536	3.1	3.123
1700	3.047	    3486	150.4	1536	3.0	3.088
1701	3.141	    3531	148.5	1536	2.9	3.152
1702	3.203	    3477	150.8	1536	2.8	3.220
1703	3.141	    3478	150.7	1536	2.8	3.139
1704	3.016	    3543	148.0	1536	2.8	3.026
1705	3.109	    3551	147.6	1536	2.7	3.089
1706	2.984	    3469	151.1	1536	2.6	3.010
1707	3.000	    3571	146.8	1536	2.6	3.039
1708	3.125	    3522	148.9	1536	2.5	3.136
1709	3.312	    3491	150.2	1536	2.4	3.305
1710	3.062	    3487	150.4	1536	2.4	3.055
1711	2.828	    3492	150.1	1536	2.3	2.856
1712	3.125	    3621	144.8	1536	2.4	3.133
1713	3.281	    3549	147.7	1536	2.2	3.304
1714	3.031	    3529	148.6	1536	2.2	3.051
1715	3.000	    3484	150.5	1536	2.1	3.034
1716	3.172	    3585	146.3	1536	2.1	3.157
1717	3.078	    3503	149.7	1536	2.0	3.078
1718	3.156	    3537	148.2	1536	1.9	3.169
1719	2.844	    3547	147.8	1536	1.9	2.885
1720	3.156	    3508	149.5	1536	1.8	3.172
1721	3.297	    3541	148.1	1536	1.8	3.282
1722	3.219	    3580	146.5	1536	1.7	3.235
1723	3.672	    3571	146.8	1536	1.7	3.650
1724	3.172	    3531	148.5	1536	1.6	3.211
1725	3.125	    3530	148.5	1536	1.5	3.149
1726	3.188	    3532	148.4	1536	1.5	3.223
1727	3.250	    3515	149.2	1536	1.4	3.233
1728	3.281	    3595	145.9	1536	1.4	3.239
1729	3.141	    3502	149.7	1536	1.3	3.152
1730	3.172	    3520	149.0	1536	1.2	3.198
1731	3.125	    3519	149.0	1536	1.2	3.159
1732	3.281	    3530	148.5	1536	1.1	3.245
1733	3.234	    3523	148.8	1536	1.1	3.255
1734	3.328	    3557	147.4	1536	1.0	3.294
1735	3.016	    3537	148.2	1536	0.9	3.028
1736	3.094	    3503	149.7	1536	0.9	3.117
1737	3.125	    3503	149.7	1536	0.8	3.166
1738	3.156	    3564	147.1	1536	0.8	3.171
1739	3.172	    3488	150.3	1536	0.7	3.154
1740	3.141	    3514	149.2	1536	0.6	3.151
1741	3.250	    3520	149.0	1536	0.6	3.274
1742	3.141	    3489	150.3	1536	0.5	3.162
1743	3.266	    3498	149.9	1536	0.5	3.237
1744	3.047	    3531	148.5	1536	0.4	3.072
1745	3.219	    3529	148.6	1536	0.4	3.204
1746	3.234	    3590	146.0	1536	0.3	3.226
1747	3.141	    3538	148.2	1536	0.2	3.146
1748	3.094	    3492	150.1	1536	0.2	3.109
1749	3.172	    3480	150.7	1536	0.1	3.180
1750	3.188	    3535	148.3	1536	0.1	3.196
1751	3.234	    3539	148.2	1792	0.0	3.216
