Successfully imported torchao. FP8 training enabled.
/root/gptspeedrun/./train_gpt2_4090_90min_3_25loss.py:316: UserWarning: The given buffer is not writable, and PyTorch does not support non-writable tensors. This means you can write to the underlying (supposedly non-writable) buffer using the tensor. You may want to copy the buffer to protect its data or make it writable before converting it to a tensor. This type of warning will be suppressed for the rest of this program. (Triggered internally at /pytorch/torch/csrc/utils/tensor_new.cpp:1581.)
  return torch.frombuffer(f.read(), dtype=torch.uint16)[256*2:]
Converting Linear layers to Float8...
Run ID: d31b0c18-c90a-422a-be83-b262e70757f4
Step	Loss	Time(ms)	kt/s	Window	ETA(m)	Malbo Loss
1	10.812	   99869	5.2	256	2912.9	10.815
2	9.875	    3097	169.3	256	90.3	9.937
3	9.000	    3117	168.2	256	90.8	9.001
4	7.906	    3121	168.0	256	90.9	7.718
5	7.656	    3124	167.8	256	90.9	7.387
6	7.656	    3121	168.0	256	90.8	7.365
7	7.219	    3125	167.8	256	90.8	6.951
8	7.094	    3125	167.8	256	90.8	6.836
9	7.125	    3123	167.9	256	90.7	6.833
10	7.094	    3128	167.6	256	90.8	6.850
11	6.938	    3131	167.4	256	90.8	6.665
12	7.031	    3134	167.3	256	90.8	6.725
13	6.812	    3134	167.3	256	90.8	6.554
14	6.750	    3135	167.2	256	90.8	6.469
15	6.562	    3137	167.1	256	90.8	6.345
16	6.562	    3141	166.9	256	90.8	6.250
17	6.688	    3140	166.9	256	90.8	6.409
18	6.344	    3136	167.2	256	90.6	6.089
19	6.562	    3138	167.1	256	90.6	6.227
20	6.625	    3140	167.0	256	90.6	6.304
21	6.312	    3140	167.0	256	90.5	6.006
22	6.125	    3141	166.9	256	90.5	5.846
23	6.438	    3143	166.8	256	90.5	6.167
24	6.344	    3143	166.8	256	90.5	6.062
25	6.219	    3143	166.8	256	90.4	5.943
26	5.938	    3145	166.7	256	90.4	5.722
27	6.156	    3144	166.8	256	90.3	5.860
28	5.906	    3143	166.8	256	90.3	5.651
29	6.188	    3147	166.6	256	90.3	5.916
30	6.125	    3148	166.5	256	90.3	5.869
31	6.094	    3148	166.5	256	90.3	5.729
32	6.000	    3146	166.7	256	90.1	5.765
33	6.188	    3149	166.5	256	90.2	5.923
34	5.969	    3148	166.6	256	90.1	5.693
35	5.844	    3150	166.4	256	90.1	5.600
36	6.094	    3151	166.4	256	90.1	5.938
37	5.938	    3151	166.4	256	90.0	5.669
38	5.688	    3151	166.4	256	90.0	5.484
39	5.750	    3151	166.4	256	89.9	5.514
40	5.656	    3151	166.4	256	89.9	5.480
41	5.750	    3150	166.4	256	89.8	5.510
42	5.625	    3150	166.5	256	89.7	5.444
43	5.812	    3150	166.5	256	89.7	5.620
44	5.531	    3151	166.4	256	89.7	5.381
45	5.500	    3151	166.4	256	89.6	5.314
46	5.656	    3150	166.4	256	89.5	5.423
47	5.594	    3150	166.4	256	89.5	5.373
48	5.781	    3150	166.4	256	89.4	5.660
49	5.750	    3148	166.6	256	89.3	5.586
50	5.719	    3150	166.4	256	89.3	5.556
51	5.531	    3148	166.5	256	89.2	5.398
52	6.156	    3151	166.4	256	89.2	6.047
53	5.344	    3150	166.4	256	89.1	5.257
54	5.531	    3149	166.5	256	89.1	5.423
55	5.500	    3150	166.4	256	89.0	5.374
56	5.594	    3149	166.5	256	88.9	5.512
57	5.312	    3148	166.5	256	88.9	5.222
58	5.406	    3148	166.5	256	88.8	5.339
59	5.125	    3146	166.6	256	88.7	5.097
60	5.656	    3150	166.5	256	88.8	5.549
61	5.344	    3147	166.6	256	88.6	5.261
62	5.281	    3148	166.5	256	88.6	5.210
63	5.281	    3145	166.7	256	88.5	5.204
64	5.281	    3150	166.4	256	88.6	5.202
65	5.562	    3144	166.8	256	88.3	5.493
66	5.250	    3151	166.4	256	88.5	5.217
67	5.062	    3146	166.6	256	88.3	5.004
68	5.281	    3150	166.4	256	88.4	5.205
69	5.188	    3150	166.4	256	88.3	5.146
70	5.219	    3152	166.3	256	88.3	5.177
71	5.281	    3148	166.6	256	88.1	5.247
72	5.062	    3149	166.5	256	88.1	5.036
73	5.125	    3147	166.6	256	88.0	5.099
74	5.125	    3150	166.5	256	88.0	5.080
75	5.062	    3146	166.7	256	87.9	5.044
76	4.781	    3149	166.5	256	87.9	4.766
77	4.969	    3149	166.5	256	87.9	4.975
78	5.062	    3152	166.4	256	87.9	5.098
79	4.812	    3149	166.5	256	87.8	4.848
80	4.969	    3150	166.4	256	87.7	5.013
81	4.812	    3148	166.6	256	87.6	4.863
82	4.906	    3149	166.5	256	87.6	4.943
83	4.531	    3149	166.5	256	87.5	4.540
84	4.938	    3147	166.6	256	87.4	4.977
85	4.875	    3146	166.7	256	87.4	4.880
86	4.844	    3150	166.5	256	87.4	4.888
87	4.500	    3152	166.3	256	87.4	4.491
88	4.875	    3150	166.5	256	87.3	4.894
89	4.531	    3146	166.6	256	87.1	4.559
90	4.594	    3152	166.3	256	87.3	4.635
91	4.594	    3149	166.5	256	87.1	4.649
92	4.656	    3151	166.4	256	87.1	4.690
93	4.688	    3152	166.4	256	87.1	4.713
94	5.031	    3153	166.3	256	87.1	5.060
95	4.844	    3146	166.7	256	86.8	4.892
96	4.625	    3150	166.4	256	86.9	4.685
97	4.531	    3146	166.6	256	86.7	4.569
98	4.812	    3152	166.3	256	86.8	4.839
99	4.812	    3151	166.4	256	86.8	4.829
100	4.688	    3150	166.4	256	86.7	4.736
101	4.812	    3149	166.5	256	86.6	4.855
102	4.906	    3152	166.4	256	86.6	4.946
103	4.750	    3151	166.4	256	86.5	4.764
104	4.594	    3151	166.4	256	86.5	4.643
105	4.625	    3151	166.4	256	86.4	4.651
106	4.562	    3151	166.4	256	86.4	4.607
107	4.656	    3151	166.4	256	86.3	4.698
108	4.688	    3148	166.5	256	86.2	4.733
109	4.719	    3148	166.5	256	86.2	4.737
110	4.750	    3149	166.5	256	86.1	4.708
111	4.656	    3152	166.3	256	86.2	4.707
112	4.750	    3151	166.4	256	86.1	4.770
113	4.375	    3152	166.3	256	86.0	4.380
114	4.625	    3153	166.3	256	86.0	4.671
115	4.656	    3155	166.2	256	86.0	4.671
116	4.656	    3151	166.4	256	85.9	4.694
117	4.469	    3152	166.4	256	85.8	4.497
118	4.531	    3152	166.3	256	85.8	4.563
119	4.531	    3152	166.4	256	85.7	4.559
120	4.344	    3149	166.5	256	85.6	4.384
121	4.344	    3151	166.4	256	85.6	4.383
122	4.469	    3149	166.5	256	85.5	4.512
123	4.250	    3151	166.4	256	85.5	4.312
124	4.438	    3153	166.3	256	85.5	4.472
125	4.375	    3151	166.4	256	85.4	4.442
126	4.344	    3150	166.4	256	85.3	4.397
127	4.531	    3155	166.2	256	85.4	4.609
128	4.312	    3151	166.4	256	85.2	4.353
129	4.500	    3153	166.3	256	85.2	4.496
130	4.438	    3148	166.5	256	85.1	4.465
131	4.219	    3150	166.5	256	85.0	4.263
132	4.438	    3149	166.5	256	85.0	4.501
133	4.312	    3152	166.3	256	85.0	4.349
134	4.094	    3150	166.5	256	84.9	4.133
135	4.250	    3151	166.4	256	84.9	4.303
136	4.156	    3150	166.4	256	84.8	4.216
137	4.531	    3152	166.4	256	84.8	4.588
138	4.156	    3152	166.3	256	84.7	4.210
139	4.219	    3152	166.3	256	84.7	4.272
140	4.062	    3151	166.4	256	84.6	4.114
141	4.125	    3150	166.4	256	84.5	4.168
142	4.406	    3149	166.5	256	84.4	4.453
143	4.281	    3151	166.4	256	84.5	4.314
144	4.344	    3151	166.4	256	84.4	4.395
145	4.406	    3149	166.5	256	84.3	4.446
146	4.219	    3151	166.4	256	84.3	4.264
147	4.156	    3152	166.3	256	84.3	4.211
148	4.125	    3150	166.4	256	84.2	4.181
149	4.156	    3152	166.3	256	84.2	4.215
150	4.281	    3153	166.3	256	84.1	4.312
151	4.250	    3157	166.1	256	84.2	4.291
152	4.188	    3153	166.3	256	84.0	4.224
153	4.281	    3153	166.3	256	84.0	4.328
154	4.312	    3151	166.4	256	83.9	4.380
155	4.219	    3153	166.3	256	83.9	4.267
156	4.312	    3153	166.3	256	83.8	4.356
157	4.156	    3152	166.4	256	83.7	4.198
158	4.156	    3151	166.4	256	83.7	4.195
159	4.625	    3150	166.4	256	83.6	4.590
160	4.031	    3150	166.4	256	83.5	4.079
161	4.094	    3154	166.2	256	83.6	4.150
162	4.188	    3151	166.4	256	83.4	4.220
163	4.312	    3153	166.3	256	83.4	4.362
164	4.125	    3152	166.3	256	83.4	4.187
165	4.094	    3150	166.4	256	83.3	4.144
166	4.094	    3147	166.6	256	83.1	4.151
167	4.094	    3151	166.4	256	83.2	4.140
168	4.219	    3153	166.3	256	83.2	4.276
169	4.062	    3154	166.2	256	83.2	4.099
170	4.062	    3151	166.4	256	83.0	4.131
171	3.984	    3155	166.2	256	83.1	4.033
172	4.125	    3150	166.5	256	82.9	4.174
173	4.125	    3152	166.3	256	82.9	4.162
174	4.125	    3151	166.4	256	82.8	4.180
175	4.000	    3151	166.4	256	82.8	4.052
176	3.984	    3151	166.4	256	82.7	4.048
177	4.062	    3152	166.3	256	82.7	4.108
178	4.062	    3152	166.3	256	82.6	4.117
179	3.938	    3154	166.2	256	82.6	3.987
180	3.969	    3152	166.3	256	82.5	4.025
181	3.938	    3151	166.4	256	82.5	3.987
182	3.797	    3154	166.2	256	82.5	3.860
183	4.094	    3155	166.2	256	82.5	4.143
184	3.953	    3151	166.4	256	82.3	4.003
185	4.000	    3153	166.3	256	82.3	4.045
186	3.969	    3149	166.5	256	82.1	4.012
187	3.688	    3152	166.3	256	82.2	3.751
188	4.125	    3154	166.2	256	82.2	4.181
189	4.125	    3153	166.3	256	82.1	4.188
190	4.438	    3151	166.4	256	82.0	4.513
191	3.906	    3155	166.2	256	82.0	3.959
192	4.094	    3155	166.2	256	82.0	4.143
193	4.219	    3151	166.4	256	81.8	4.247
194	4.125	    3156	166.1	256	81.9	4.170
195	3.969	    3157	166.1	256	81.9	4.007
196	4.031	    3152	166.3	256	81.7	4.099
197	4.156	    3157	166.1	256	81.8	4.202
198	4.219	    3154	166.2	256	81.6	4.261
199	4.062	    3152	166.4	256	81.5	4.104
200	3.828	    3152	166.3	256	81.5	3.889
201	4.031	    3150	166.5	256	81.4	4.077
202	4.094	    3153	166.3	256	81.4	4.116
203	3.922	    3154	166.2	256	81.4	3.980
204	4.219	    3156	166.1	256	81.4	4.257
205	4.000	    3155	166.2	256	81.3	4.052
206	4.125	    3155	166.2	256	81.2	4.197
207	3.922	    3156	166.1	256	81.2	3.978
208	4.094	    3156	166.1	256	81.2	4.126
209	4.062	    3153	166.3	256	81.0	4.091
210	4.125	    3155	166.2	256	81.0	4.169
211	4.438	    3154	166.2	256	81.0	4.478
212	4.094	    3155	166.2	256	80.9	4.131
213	4.875	    3154	166.2	256	80.9	4.811
214	3.969	    3154	166.2	256	80.8	4.011
215	3.734	    3157	166.1	256	80.8	3.783
216	3.859	    3150	166.4	256	80.6	3.914
217	3.969	    3155	166.2	256	80.7	3.998
218	3.922	    3154	166.2	256	80.6	3.973
219	3.766	    3158	166.0	256	80.6	3.820
220	3.828	    3154	166.2	256	80.5	3.885
221	4.156	    3155	166.2	256	80.5	4.184
222	4.031	    3160	165.9	256	80.5	4.018
223	3.781	    3156	166.1	256	80.4	3.827
224	3.828	    3154	166.2	256	80.3	3.885
225	3.953	    3157	166.1	256	80.3	3.997
226	4.094	    3158	166.0	256	80.3	3.947
227	3.812	    3161	165.8	256	80.3	3.871
228	3.875	    3157	166.0	256	80.1	3.925
229	3.859	    3157	166.0	256	80.1	3.917
230	3.844	    3158	166.0	256	80.1	3.902
231	3.797	    3159	166.0	256	80.0	3.862
232	4.031	    3156	166.1	256	79.9	4.068
233	3.797	    3154	166.3	256	79.8	3.850
234	3.891	    3157	166.0	256	79.8	3.933
235	3.875	    3156	166.1	256	79.7	3.936
236	3.938	    3154	166.2	256	79.6	3.982
237	4.094	    3158	166.0	256	79.7	4.150
238	3.812	    3157	166.1	256	79.6	3.860
239	4.156	    3157	166.1	256	79.5	4.197
240	4.094	    3155	166.2	256	79.5	4.145
241	4.094	    3157	166.1	256	79.5	4.154
242	4.031	    3158	166.0	256	79.4	4.030
243	4.250	    3154	166.2	256	79.3	3.863
244	4.000	    3158	166.0	256	79.3	4.043
245	3.844	    3153	166.3	256	79.2	3.902
246	3.938	    3156	166.1	256	79.2	3.983
247	3.844	    3158	166.0	256	79.2	3.908
248	3.844	    3154	166.2	256	79.0	3.897
249	3.875	    3158	166.0	256	79.0	3.932
250	3.906	    3156	166.1	256	79.0	3.936
251	3.984	    3156	166.1	256	78.9	4.001
252	3.781	    3154	166.3	256	78.8	3.838
253	3.828	    3154	166.3	256	78.7	3.882
254	4.156	    3156	166.1	256	78.7	4.207
255	3.844	    3157	166.1	256	78.7	3.906
256	3.969	    3156	166.1	256	78.6	4.026
257	3.922	    3153	166.3	256	78.5	3.971
258	3.812	    3158	166.0	256	78.6	3.871
259	3.969	    3157	166.1	256	78.5	4.006
260	3.719	    3158	166.0	256	78.5	3.779
261	3.766	    3154	166.2	256	78.3	3.823
262	3.797	    3159	166.0	256	78.4	3.846
263	3.688	    3157	166.0	256	78.3	3.751
264	3.891	    3159	166.0	256	78.3	3.951
265	3.953	    3160	165.9	256	78.3	4.001
266	3.781	    3157	166.1	256	78.1	3.817
267	3.844	    3158	166.0	256	78.1	3.898
268	3.812	    3160	165.9	256	78.1	3.872
269	3.766	    3156	166.1	256	78.0	3.822
270	3.953	    3158	166.0	256	77.9	3.888
271	3.750	    3159	166.0	256	77.9	3.809
272	3.641	    3159	166.0	256	77.9	3.696
273	3.578	    3161	165.9	256	77.9	3.639
274	3.656	    3155	166.2	256	77.7	3.711
275	3.844	    3154	166.2	256	77.6	3.903
276	3.875	    3160	165.9	256	77.7	3.883
277	3.812	    3160	165.9	256	77.6	3.860
278	3.734	    3159	166.0	256	77.6	3.778
279	3.812	    3160	165.9	256	77.5	3.865
280	3.672	    3158	166.0	256	77.4	3.737
281	4.031	    3159	166.0	256	77.4	4.053
282	3.906	    3159	165.9	256	77.4	3.950
283	3.891	    3159	166.0	256	77.3	3.944
284	3.906	    3159	165.9	256	77.2	3.973
285	3.906	    3154	166.2	256	77.1	3.965
286	3.953	    3157	166.1	256	77.1	4.008
287	3.781	    3160	165.9	256	77.1	3.821
288	3.672	    3162	165.8	256	77.1	3.725
289	3.953	    3158	166.0	256	76.9	3.998
290	3.969	    3158	166.0	256	76.9	4.009
291	3.875	    3159	166.0	256	76.9	3.930
292	3.766	    3160	165.9	256	76.8	3.806
293	3.953	    3266	160.5	512	79.4	4.002
294	4.094	    3273	160.2	512	79.5	3.793
295	3.719	    3262	160.7	512	79.1	3.778
296	4.000	    3272	160.2	512	79.3	4.022
297	3.734	    3266	160.5	512	79.2	3.789
298	3.922	    3272	160.2	512	79.2	3.964
299	3.781	    3268	160.4	512	79.1	3.838
300	3.766	    3272	160.2	512	79.1	3.774
301	3.906	    3267	160.5	512	79.0	3.960
302	3.844	    3272	160.2	512	79.0	3.891
303	3.688	    3272	160.2	512	79.0	3.746
304	3.734	    3275	160.1	512	79.0	3.786
305	3.750	    3269	160.4	512	78.8	3.802
306	3.875	    3263	160.7	512	78.6	3.911
307	3.781	    3269	160.4	512	78.7	3.840
308	3.719	    3268	160.4	512	78.6	3.780
309	3.797	    3278	160.0	512	78.8	3.848
310	3.719	    3271	160.3	512	78.6	3.773
311	3.703	    3277	160.0	512	78.6	3.757
312	3.688	    3271	160.3	512	78.4	3.750
313	3.703	    3273	160.2	512	78.4	3.763
314	3.719	    3265	160.6	512	78.2	3.776
315	3.766	    3273	160.2	512	78.3	3.829
316	3.719	    3271	160.3	512	78.2	3.769
317	3.750	    3275	160.1	512	78.3	3.797
318	3.531	    3273	160.2	512	78.2	3.582
319	3.656	    3273	160.2	512	78.1	3.706
320	3.531	    3278	160.0	512	78.2	3.588
321	3.938	    3273	160.2	512	78.0	3.984
322	3.641	    3281	159.8	512	78.1	3.706
323	3.703	    3281	159.8	512	78.1	3.747
324	4.156	    3275	160.1	512	77.9	3.693
325	3.516	    3277	160.0	512	77.9	3.574
326	3.906	    3275	160.1	512	77.8	3.959
327	3.641	    3275	160.1	512	77.7	3.705
328	3.906	    3270	160.3	512	77.6	3.961
329	4.062	    3275	160.1	512	77.6	4.071
330	3.938	    3276	160.0	512	77.6	3.986
331	3.688	    3270	160.3	512	77.4	3.752
332	3.859	    3275	160.1	512	77.5	3.912
333	3.797	    3279	159.9	512	77.5	3.855
334	3.688	    3274	160.1	512	77.3	3.750
335	3.875	    3264	160.6	512	77.0	3.934
336	3.703	    3268	160.4	512	77.1	3.777
337	3.656	    3273	160.2	512	77.1	3.712
338	3.844	    3274	160.1	512	77.1	3.875
339	3.719	    3267	160.5	512	76.9	3.778
340	3.844	    3268	160.4	512	76.8	3.762
341	3.703	    3263	160.7	512	76.7	3.767
342	3.812	    3275	160.1	512	76.9	3.864
343	3.703	    3270	160.3	512	76.7	3.762
344	3.562	    3272	160.2	512	76.7	3.621
345	3.844	    3269	160.4	512	76.6	3.912
346	3.688	    3272	160.3	512	76.6	3.757
347	3.812	    3271	160.3	512	76.5	3.862
348	3.656	    3265	160.6	512	76.4	3.718
349	3.688	    3267	160.5	512	76.3	3.747
350	3.766	    3271	160.3	512	76.4	3.808
351	3.719	    3270	160.3	512	76.3	3.774
352	3.719	    3274	160.1	512	76.3	3.779
353	3.750	    3265	160.6	512	76.1	3.784
354	3.766	    3270	160.3	512	76.1	3.829
355	3.828	    3278	159.9	512	76.3	3.886
356	3.703	    3264	160.6	512	75.9	3.758
357	3.609	    3273	160.2	512	76.0	3.674
358	3.672	    3264	160.6	512	75.8	3.731
359	3.750	    3271	160.3	512	75.9	3.808
360	3.828	    3268	160.4	512	75.8	3.850
361	3.812	    3269	160.4	512	75.7	3.873
362	3.734	    3268	160.4	512	75.6	3.801
363	3.516	    3275	160.1	512	75.8	3.566
364	3.672	    3274	160.1	512	75.7	3.729
365	3.547	    3269	160.4	512	75.5	3.618
366	3.984	    3277	160.0	512	75.7	4.044
367	3.484	    3270	160.3	512	75.4	3.446
368	3.656	    3270	160.3	512	75.4	3.695
369	3.469	    3268	160.4	512	75.3	3.510
370	3.609	    3273	160.2	512	75.3	3.672
371	3.531	    3277	160.0	512	75.4	3.582
372	3.625	    3269	160.4	512	75.1	3.685
373	3.547	    3273	160.2	512	75.2	3.602
374	3.781	    3274	160.1	512	75.1	3.841
375	3.906	    3262	160.7	512	74.8	3.971
376	3.891	    3271	160.3	512	75.0	3.841
377	3.703	    3268	160.4	512	74.8	3.762
378	3.750	    3266	160.5	512	74.7	3.804
379	3.766	    3273	160.2	512	74.8	3.814
380	3.703	    3271	160.3	512	74.7	3.753
381	3.703	    3273	160.2	512	74.7	3.775
382	3.734	    3274	160.2	512	74.7	3.783
383	3.750	    3275	160.1	512	74.7	3.818
384	3.656	    3277	160.0	512	74.7	3.720
385	3.766	    3263	160.7	512	74.3	3.822
386	3.891	    3271	160.3	512	74.4	3.951
387	3.578	    3269	160.4	512	74.3	3.644
388	3.516	    3275	160.1	512	74.4	3.582
389	3.453	    3268	160.5	512	74.2	3.502
390	3.500	    3276	160.0	512	74.3	3.569
391	3.688	    3270	160.3	512	74.1	3.738
392	3.734	    3270	160.3	512	74.1	3.803
393	3.766	    3270	160.3	512	74.0	3.826
394	3.578	    3270	160.3	512	74.0	3.630
395	3.984	    3269	160.4	512	73.9	4.038
396	3.438	    3278	159.9	512	74.0	3.500
397	3.531	    3264	160.6	512	73.7	3.594
398	3.891	    3275	160.1	512	73.8	3.959
399	3.453	    3273	160.2	512	73.7	3.515
400	3.594	    3277	160.0	512	73.8	3.656
401	3.812	    3270	160.3	512	73.6	3.872
402	3.516	    3273	160.2	512	73.6	3.583
403	3.797	    3271	160.3	512	73.5	3.856
404	3.609	    3269	160.4	512	73.4	3.674
405	3.500	    3269	160.4	512	73.3	3.558
406	3.609	    3269	160.4	512	73.3	3.650
407	3.672	    3277	160.0	512	73.4	3.722
408	3.578	    3270	160.3	512	73.2	3.647
409	3.625	    3269	160.4	512	73.1	3.692
410	3.609	    3268	160.4	512	73.0	3.666
411	3.562	    3269	160.4	512	73.0	3.614
412	3.375	    3278	160.0	512	73.1	3.438
413	3.531	    3269	160.4	512	72.9	3.590
414	3.406	    3280	159.9	512	73.1	3.467
415	3.656	    3275	160.1	512	72.9	3.722
416	3.406	    3272	160.2	512	72.8	3.470
417	3.594	    3277	160.0	512	72.8	3.636
418	3.625	    3273	160.2	512	72.7	3.691
419	3.672	    3274	160.1	512	72.7	3.729
420	3.531	    3273	160.2	512	72.6	3.607
421	3.859	    3274	160.2	512	72.6	3.828
422	3.547	    3270	160.3	512	72.4	3.613
423	3.562	    3275	160.1	512	72.5	3.632
424	3.625	    3272	160.2	512	72.4	3.688
425	3.844	    3269	160.4	512	72.2	3.915
426	3.688	    3271	160.3	512	72.2	3.747
427	3.594	    3270	160.3	512	72.2	3.657
428	3.656	    3269	160.4	512	72.1	3.712
429	3.828	    3273	160.2	512	72.1	3.896
430	3.188	    3280	159.9	512	72.2	3.248
431	3.578	    3281	159.8	512	72.2	3.636
432	3.562	    3264	160.6	512	71.8	3.623
433	3.609	    3267	160.5	512	71.8	3.676
434	3.469	    3274	160.2	512	71.9	3.539
435	3.641	    3271	160.3	512	71.7	3.686
436	3.328	    3275	160.1	512	71.8	3.394
437	3.531	    3265	160.6	512	71.5	3.584
438	3.594	    3266	160.5	512	71.5	3.652
439	3.688	    3267	160.5	512	71.4	3.750
440	3.625	    3273	160.2	512	71.5	3.686
441	3.594	    3271	160.3	512	71.4	3.653
442	3.609	    3265	160.6	512	71.2	3.635
443	3.578	    3272	160.2	512	71.3	3.633
444	3.547	    3263	160.7	512	71.1	3.611
445	3.641	    3270	160.3	512	71.2	3.705
446	3.688	    3271	160.3	512	71.1	3.744
447	3.609	    3272	160.2	512	71.1	3.669
448	3.625	    3270	160.3	512	71.0	3.679
449	3.641	    3274	160.1	512	71.0	3.712
450	3.531	    3271	160.3	512	70.9	3.604
451	3.547	    3270	160.3	512	70.8	3.618
452	3.719	    3270	160.3	512	70.8	3.780
453	3.641	    3274	160.1	512	70.8	3.698
454	3.594	    3268	160.4	512	70.6	3.589
455	3.438	    3274	160.2	512	70.7	3.494
456	3.516	    3275	160.1	512	70.7	3.573
457	3.594	    3273	160.2	512	70.6	3.663
458	3.484	    3274	160.1	512	70.6	3.559
459	3.438	    3273	160.2	512	70.5	3.492
460	3.547	    3284	159.6	512	70.7	3.591
461	3.391	    3270	160.3	512	70.3	3.441
462	3.531	    3270	160.3	512	70.3	3.591
463	3.438	    3273	160.2	512	70.3	3.495
464	3.547	    3277	160.0	512	70.3	3.612
465	3.656	    3280	159.8	512	70.3	3.726
466	3.453	    3265	160.6	512	69.9	3.518
467	3.672	    3273	160.2	512	70.0	3.732
468	3.656	    3271	160.3	512	69.9	3.728
469	3.625	    3276	160.0	512	70.0	3.687
470	3.547	    3271	160.3	512	69.8	3.616
471	3.656	    3263	160.7	512	69.6	3.715
472	3.656	    3272	160.2	512	69.7	3.726
473	3.672	    3270	160.3	512	69.7	3.740
474	3.594	    3278	159.9	512	69.8	3.659
475	3.641	    3274	160.2	512	69.6	3.707
476	3.531	    3269	160.4	512	69.5	3.574
477	3.578	    3276	160.0	512	69.6	3.645
478	3.734	    3269	160.4	512	69.3	3.803
479	3.547	    3268	160.5	512	69.3	3.615
480	3.469	    3266	160.5	512	69.2	3.530
481	3.438	    3265	160.6	512	69.1	3.491
482	3.531	    3263	160.7	512	69.0	3.590
483	3.625	    3272	160.2	512	69.1	3.685
484	3.656	    3273	160.2	512	69.1	3.706
485	3.641	    3266	160.6	512	68.9	3.682
486	3.562	    3268	160.4	512	68.9	3.629
487	3.609	    3269	160.4	512	68.9	3.672
488	3.750	    3270	160.3	512	68.8	3.808
489	3.609	    3279	159.9	512	69.0	3.660
490	3.609	    3275	160.1	512	68.8	3.680
491	3.703	    3275	160.1	512	68.8	3.766
492	3.375	    3268	160.4	512	68.6	3.433
493	3.516	    3265	160.6	512	68.4	3.574
494	3.438	    3271	160.3	512	68.5	3.506
495	3.484	    3273	160.2	512	68.5	3.548
496	3.484	    3266	160.5	512	68.3	3.557
497	3.406	    3275	160.1	512	68.5	3.449
498	3.531	    3270	160.4	512	68.3	3.603
499	3.531	    3270	160.3	512	68.2	3.589
500	3.734	    3267	160.5	512	68.1	3.787
501	3.516	    3265	160.6	512	68.0	3.581
502	3.438	    3274	160.1	512	68.2	3.500
503	3.469	    3275	160.1	512	68.1	3.539
504	3.359	    3273	160.2	512	68.0	3.395
505	3.500	    3272	160.3	512	67.9	3.571
506	3.406	    3271	160.3	512	67.9	3.476
507	3.531	    3282	159.8	512	68.0	3.595
508	3.453	    3272	160.3	512	67.8	3.511
509	3.422	    3265	160.6	512	67.6	3.487
510	3.500	    3275	160.1	512	67.7	3.563
511	3.359	    3278	160.0	512	67.7	3.423
512	3.406	    3269	160.4	512	67.5	3.472
513	3.531	    3268	160.4	512	67.4	3.594
514	3.656	    3274	160.1	512	67.5	3.713
515	3.594	    3275	160.1	512	67.5	3.649
516	3.594	    3277	160.0	512	67.5	3.651
517	3.594	    3272	160.2	512	67.3	3.628
518	3.641	    3268	160.4	512	67.2	3.697
519	3.656	    3278	159.9	512	67.3	3.709
520	3.719	    3278	160.0	512	67.2	3.784
521	3.719	    3268	160.4	512	67.0	3.777
522	3.672	    3277	160.0	512	67.1	3.729
523	3.500	    3277	160.0	512	67.1	3.572
524	3.469	    3274	160.1	512	67.0	3.529
525	3.500	    3262	160.7	512	66.7	3.527
526	3.641	    3268	160.4	512	66.7	3.679
527	3.547	    3267	160.5	512	66.6	3.609
528	3.406	    3261	160.8	512	66.5	3.471
529	3.438	    3271	160.3	512	66.6	3.504
530	3.547	    3267	160.5	512	66.5	3.616
531	3.500	    3277	160.0	512	66.6	3.577
532	3.656	    3271	160.3	512	66.5	3.720
533	3.719	    3263	160.7	512	66.2	3.784
534	3.594	    3263	160.7	512	66.2	3.659
535	3.531	    3265	160.6	512	66.2	3.578
536	3.656	    3276	160.1	512	66.3	3.723
537	3.516	    3259	160.9	512	65.9	3.584
538	3.875	    3274	160.1	512	66.2	3.947
539	3.516	    3271	160.3	512	66.1	3.578
540	3.703	    3268	160.4	512	66.0	3.770
541	3.516	    3264	160.6	512	65.8	3.575
542	3.453	    3269	160.4	512	65.9	3.494
543	3.375	    3272	160.2	512	65.9	3.437
544	3.469	    3270	160.3	512	65.8	3.534
545	3.500	    3267	160.5	512	65.7	3.562
546	3.672	    3275	160.1	512	65.8	3.746
547	3.531	    3269	160.4	512	65.6	3.598
548	3.375	    3278	160.0	512	65.7	3.447
549	3.391	    3277	160.0	512	65.6	3.469
550	3.562	    3274	160.1	512	65.5	3.575
551	3.250	    3281	159.8	512	65.6	3.308
552	3.469	    3278	159.9	512	65.5	3.538
553	3.484	    3276	160.0	512	65.4	3.541
554	3.453	    3273	160.2	512	65.3	3.515
555	3.406	    3269	160.4	512	65.2	3.480
556	3.375	    3274	160.1	512	65.2	3.436
557	3.344	    3276	160.1	512	65.2	3.410
558	3.406	    3272	160.2	512	65.1	3.474
559	3.531	    3270	160.3	512	65.0	3.593
560	3.641	    3279	159.9	512	65.1	3.709
561	3.453	    3273	160.2	512	64.9	3.523
562	3.656	    3268	160.4	512	64.8	3.707
563	3.625	    3276	160.1	512	64.9	3.692
564	3.672	    3277	160.0	512	64.8	3.726
565	3.750	    3271	160.3	512	64.7	3.817
566	3.875	    3272	160.2	512	64.6	3.926
567	3.453	    3273	160.2	512	64.6	3.515
568	3.578	    3268	160.4	512	64.4	3.641
569	3.672	    3273	160.2	512	64.5	3.730
570	3.641	    3270	160.3	512	64.4	3.705
571	3.484	    3265	160.6	512	64.2	3.550
572	3.531	    3263	160.7	512	64.1	3.597
573	3.578	    3264	160.6	512	64.1	3.641
574	3.359	    3272	160.2	512	64.2	3.427
575	3.734	    3274	160.1	512	64.2	3.774
576	3.469	    3274	160.1	512	64.1	3.530
577	4.094	    3262	160.7	512	63.8	4.117
578	3.609	    3262	160.7	512	63.8	3.685
579	3.453	    3268	160.4	512	63.8	3.529
580	3.281	    3269	160.4	512	63.8	3.338
581	3.438	    3263	160.7	512	63.6	3.517
582	3.562	    3271	160.3	512	63.7	3.563
583	3.562	    3269	160.4	512	63.6	3.621
584	3.516	    3266	160.6	512	63.5	3.590
585	3.422	    3363	155.9	768	65.4	3.489
586	3.656	    3337	157.1	768	64.8	3.725
587	3.297	    3343	156.8	768	64.9	3.364
588	3.359	    3348	156.6	768	64.9	3.439
589	3.438	    3352	156.4	768	64.9	3.511
590	3.531	    3357	156.2	768	65.0	3.608
591	3.234	    3350	156.5	768	64.8	3.293
592	3.672	    3348	156.6	768	64.7	3.729
593	3.453	    3359	156.1	768	64.8	3.506
594	3.375	    3365	155.8	768	64.9	3.433
595	3.453	    3372	155.5	768	65.0	3.530
596	3.344	    3354	156.3	768	64.6	3.408
597	3.484	    3359	156.1	768	64.6	3.550
598	3.297	    3366	155.8	768	64.7	3.352
599	3.359	    3358	156.1	768	64.5	3.421
600	3.188	    3373	155.4	768	64.7	3.254
601	3.594	    3375	155.3	768	64.7	3.662
602	3.328	    3359	156.1	768	64.3	3.343
603	3.391	    3369	155.6	768	64.5	3.463
604	3.406	    3366	155.8	768	64.3	3.470
605	3.781	    3361	156.0	768	64.2	3.840
606	3.578	    3359	156.1	768	64.1	3.632
607	3.562	    3360	156.0	768	64.1	3.611
608	3.484	    3357	156.2	768	63.9	3.558
609	3.844	    3349	156.6	768	63.7	3.883
610	3.453	    3368	155.7	768	64.1	3.513
611	3.547	    3345	156.7	768	63.6	3.612
612	3.719	    3383	155.0	768	64.2	3.791
613	3.734	    3357	156.2	768	63.7	3.810
614	3.328	    3352	156.4	768	63.5	3.396
615	3.547	    3374	155.4	768	63.9	3.609
616	3.438	    3363	155.9	768	63.6	3.510
617	3.406	    3366	155.8	768	63.6	3.477
618	3.578	    3388	154.7	768	64.0	3.643
619	3.531	    3347	156.6	768	63.1	3.580
620	3.594	    3353	156.4	768	63.2	3.663
621	3.516	    3368	155.7	768	63.4	3.588
622	3.391	    3360	156.0	768	63.2	3.460
623	3.484	    3341	156.9	768	62.8	3.555
624	3.547	    3360	156.0	768	63.1	3.605
625	3.547	    3362	156.0	768	63.1	3.610
626	3.641	    3392	154.6	768	63.6	3.680
627	3.703	    3367	155.7	768	63.1	3.779
628	3.391	    3358	156.1	768	62.9	3.457
629	3.547	    3355	156.3	768	62.7	3.609
630	3.531	    3348	156.6	768	62.5	3.584
631	3.562	    3340	157.0	768	62.3	3.627
632	3.344	    3336	157.1	768	62.2	3.410
633	3.547	    3370	155.6	768	62.8	3.606
634	3.438	    3348	156.6	768	62.3	3.492
635	3.406	    3351	156.5	768	62.3	3.468
636	3.953	    3375	155.3	768	62.7	3.990
637	3.453	    3365	155.8	768	62.5	3.487
638	3.391	    3351	156.4	768	62.2	3.455
639	3.422	    3383	155.0	768	62.7	3.490
640	3.266	    3352	156.4	768	62.1	3.332
641	3.422	    3368	155.7	768	62.3	3.492
642	3.297	    3365	155.8	768	62.2	3.370
643	3.422	    3365	155.8	768	62.1	3.486
644	3.547	    3362	155.9	768	62.0	3.618
645	3.578	    3368	155.7	768	62.1	3.624
646	3.828	    3370	155.6	768	62.1	3.845
647	3.344	    3358	156.1	768	61.8	3.419
648	3.562	    3371	155.6	768	62.0	3.626
649	3.391	    3354	156.3	768	61.6	3.450
650	3.344	    3357	156.2	768	61.6	3.407
651	3.266	    3350	156.5	768	61.4	3.334
652	3.281	    3366	155.8	768	61.6	3.349
653	3.438	    3382	155.0	768	61.9	3.510
654	3.453	    3349	156.6	768	61.2	3.518
655	3.578	    3379	155.2	768	61.7	3.646
656	3.625	    3363	155.9	768	61.4	3.623
657	3.469	    3358	156.1	768	61.2	3.541
658	3.375	    3365	155.8	768	61.3	3.449
659	3.516	    3367	155.7	768	61.3	3.582
660	3.266	    3351	156.4	768	60.9	3.344
661	3.250	    3359	156.1	768	61.0	3.312
662	3.531	    3363	155.9	768	61.0	3.589
663	3.438	    3369	155.6	768	61.1	3.495
664	3.438	    3354	156.3	768	60.8	3.493
665	3.672	    3354	156.3	768	60.7	3.734
666	3.375	    3381	155.0	768	61.1	3.439
667	3.500	    3374	155.4	768	61.0	3.562
668	3.391	    3350	156.5	768	60.5	3.458
669	3.250	    3342	156.9	768	60.3	3.318
670	3.516	    3353	156.4	768	60.4	3.577
671	3.703	    3367	155.7	768	60.6	3.778
672	3.438	    3363	155.9	768	60.5	3.504
673	3.812	    3365	155.8	768	60.5	3.854
674	3.531	    3364	155.9	768	60.4	3.603
675	3.609	    3352	156.4	768	60.1	3.680
676	3.359	    3359	156.1	768	60.2	3.437
677	3.516	    3353	156.4	768	60.0	3.574
678	3.484	    3350	156.5	768	59.9	3.547
679	3.453	    3363	155.9	768	60.1	3.515
680	3.562	    3349	156.5	768	59.8	3.631
681	3.328	    3365	155.8	768	60.0	3.390
682	3.547	    3376	155.3	768	60.1	3.610
683	3.484	    3362	156.0	768	59.8	3.542
684	3.500	    3358	156.2	768	59.7	3.566
685	3.500	    3361	156.0	768	59.7	3.563
686	3.469	    3353	156.4	768	59.5	3.540
687	3.578	    3362	156.0	768	59.6	3.639
688	3.531	    3351	156.4	768	59.4	3.591
689	3.344	    3362	156.0	768	59.5	3.404
690	3.312	    3361	156.0	768	59.4	3.366
691	3.359	    3368	155.7	768	59.5	3.425
692	3.406	    3372	155.5	768	59.5	3.476
693	3.422	    3359	156.1	768	59.2	3.480
694	3.344	    3371	155.5	768	59.4	3.411
695	3.344	    3356	156.2	768	59.1	3.406
696	3.156	    3374	155.4	768	59.3	3.217
697	3.266	    3362	156.0	768	59.1	3.334
698	3.438	    3365	155.8	768	59.0	3.496
699	3.500	    3369	155.6	768	59.1	3.572
700	3.625	    3355	156.3	768	58.8	3.697
701	3.547	    3366	155.8	768	58.9	3.619
702	3.625	    3370	155.6	768	58.9	3.700
703	3.453	    3388	154.7	768	59.2	3.516
704	4.656	    3361	156.0	768	58.7	4.712
705	3.500	    3393	154.5	768	59.1	3.573
706	3.531	    3385	154.9	768	59.0	3.589
707	3.500	    3363	155.9	768	58.5	3.561
708	3.484	    3379	155.2	768	58.7	3.543
709	3.469	    3388	154.8	768	58.8	3.541
710	3.391	    3368	155.7	768	58.4	3.463
711	3.688	    3358	156.1	768	58.2	3.756
712	3.594	    3355	156.3	768	58.1	3.652
713	3.453	    3343	156.8	768	57.8	3.508
714	2.984	    3374	155.4	768	58.3	3.062
715	3.266	    3353	156.4	768	57.9	3.330
716	3.438	    3347	156.6	768	57.7	3.503
717	3.359	    3358	156.1	768	57.9	3.402
718	3.125	    3352	156.4	768	57.7	3.196
719	3.516	    3361	156.0	768	57.8	3.585
720	3.516	    3348	156.6	768	57.5	3.581
721	3.406	    3368	155.7	768	57.8	3.475
722	3.484	    3347	156.6	768	57.4	3.552
723	3.391	    3348	156.6	768	57.4	3.458
724	3.312	    3365	155.8	768	57.6	3.381
725	3.406	    3368	155.6	768	57.6	3.481
726	3.297	    3364	155.9	768	57.5	3.354
727	3.547	    3376	155.3	768	57.6	3.614
728	3.266	    3372	155.5	768	57.5	3.336
729	3.453	    3349	156.5	768	57.1	3.514
730	3.422	    3357	156.2	768	57.1	3.465
731	3.422	    3351	156.5	768	57.0	3.479
732	3.344	    3341	156.9	768	56.7	3.410
733	3.078	    3352	156.4	768	56.9	3.150
734	3.312	    3361	156.0	768	57.0	3.382
735	3.328	    3360	156.0	768	56.9	3.389
736	3.359	    3370	155.6	768	57.0	3.416
737	3.406	    3362	155.9	768	56.8	3.470
738	3.422	    3358	156.2	768	56.7	3.487
739	3.344	    3368	155.7	768	56.8	3.399
740	3.391	    3347	156.6	768	56.4	3.452
741	3.344	    3363	155.9	768	56.6	3.423
742	3.266	    3356	156.2	768	56.4	3.322
743	3.219	    3359	156.1	768	56.4	3.276
744	3.312	    3386	154.8	768	56.8	3.387
745	3.422	    3360	156.0	768	56.3	3.490
746	3.250	    3359	156.1	768	56.3	3.319
747	3.219	    3369	155.6	768	56.4	3.263
748	3.438	    3349	156.6	768	56.0	3.509
749	3.328	    3361	156.0	768	56.1	3.394
750	3.219	    3355	156.3	768	56.0	3.291
751	3.484	    3369	155.6	768	56.1	3.557
752	3.422	    3377	155.3	768	56.2	3.476
753	3.547	    3361	156.0	768	55.9	3.612
754	3.297	    3368	155.7	768	56.0	3.364
755	3.609	    3359	156.1	768	55.8	3.673
756	3.344	    3372	155.5	768	55.9	3.417
757	3.656	    3372	155.5	768	55.9	3.726
758	3.219	    3356	156.2	768	55.5	3.286
759	3.344	    3343	156.8	768	55.3	3.402
760	3.781	    3371	155.5	768	55.7	3.410
761	3.375	    3359	156.1	768	55.4	3.446
762	3.297	    3346	156.7	768	55.2	3.372
763	3.547	    3354	156.3	768	55.2	3.608
764	3.203	    3362	156.0	768	55.3	3.264
765	3.531	    3366	155.8	768	55.3	3.596
766	3.234	    3349	156.6	768	55.0	3.299
767	3.438	    3366	155.7	768	55.2	3.498
768	3.484	    3349	156.6	768	54.9	3.548
769	3.422	    3355	156.3	768	54.9	3.490
770	3.516	    3368	155.7	768	55.1	3.585
771	3.375	    3367	155.7	768	55.0	3.453
772	3.359	    3355	156.3	768	54.7	3.427
773	3.391	    3344	156.8	768	54.5	3.446
774	3.328	    3361	156.0	768	54.7	3.398
775	3.438	    3364	155.8	768	54.7	3.508
776	3.312	    3354	156.3	768	54.5	3.371
777	3.375	    3367	155.7	768	54.7	3.434
778	3.438	    3367	155.7	768	54.6	3.503
779	3.297	    3370	155.6	768	54.6	3.351
780	3.203	    3356	156.2	768	54.3	3.265
781	3.484	    3364	155.9	768	54.4	3.545
782	3.141	    3364	155.8	768	54.3	3.217
783	3.422	    3367	155.7	768	54.3	3.487
784	3.469	    3352	156.4	768	54.0	3.538
785	3.250	    3356	156.2	768	54.0	3.303
786	3.312	    3381	155.1	768	54.4	3.370
787	3.344	    3358	156.1	768	54.0	3.407
788	3.359	    3361	156.0	768	53.9	3.434
789	3.250	    3365	155.8	768	54.0	3.318
790	3.094	    3357	156.2	768	53.8	3.140
791	3.234	    3373	155.4	768	54.0	3.292
792	3.719	    3372	155.5	768	53.9	3.795
793	3.453	    3363	155.9	768	53.7	3.512
794	3.453	    3373	155.4	768	53.8	3.446
795	3.391	    3350	156.5	768	53.4	3.454
796	3.453	    3354	156.3	768	53.4	3.518
797	3.484	    3361	156.0	768	53.4	3.565
798	3.297	    3373	155.4	768	53.6	3.371
799	3.609	    3361	156.0	768	53.3	3.671
800	3.391	    3363	155.9	768	53.3	3.447
801	3.438	    3361	156.0	768	53.2	3.502
802	3.250	    3356	156.2	768	53.1	3.270
803	3.453	    3359	156.1	768	53.1	3.523
804	3.688	    3357	156.2	768	53.0	3.744
805	3.359	    3347	156.6	768	52.8	3.421
806	3.500	    3348	156.6	768	52.7	3.570
807	3.453	    3363	155.9	768	52.9	3.451
808	3.516	    3353	156.4	768	52.7	3.571
809	3.406	    3354	156.3	768	52.7	3.478
810	3.344	    3356	156.2	768	52.6	3.402
811	3.406	    3359	156.1	768	52.6	3.477
812	3.453	    3361	156.0	768	52.6	3.523
813	3.516	    3371	155.5	768	52.7	3.583
814	3.516	    3363	155.9	768	52.5	3.585
815	3.625	    3353	156.3	768	52.3	3.670
816	3.438	    3349	156.5	768	52.2	3.502
817	3.250	    3365	155.8	768	52.4	3.305
818	3.156	    3362	156.0	768	52.3	3.228
819	3.328	    3367	155.7	768	52.3	3.397
820	3.344	    3356	156.2	768	52.1	3.408
821	3.531	    3361	156.0	768	52.1	3.595
822	3.391	    3339	157.0	768	51.7	3.459
823	3.422	    3365	155.8	768	52.1	3.489
824	3.375	    3358	156.1	768	51.9	3.441
825	3.531	    3376	155.3	768	52.1	3.578
826	3.391	    3375	155.3	768	52.0	3.452
827	3.453	    3364	155.9	768	51.8	3.517
828	3.391	    3374	155.4	768	51.9	3.447
829	3.422	    3379	155.1	768	51.9	3.484
830	3.312	    3368	155.7	768	51.7	3.307
831	3.547	    3367	155.7	768	51.6	3.613
832	3.141	    3367	155.7	768	51.6	3.205
833	3.344	    3348	156.6	768	51.2	3.408
834	3.500	    3361	156.0	768	51.4	3.532
835	3.312	    3358	156.1	768	51.3	3.385
836	3.547	    3361	156.0	768	51.3	3.426
837	3.312	    3369	155.6	768	51.3	3.387
838	3.375	    3355	156.3	768	51.1	3.436
839	3.422	    3342	156.9	768	50.8	3.481
840	3.359	    3370	155.6	768	51.2	3.418
841	3.375	    3364	155.9	768	51.0	3.429
842	3.234	    3356	156.2	768	50.8	3.301
843	3.344	    3357	156.2	768	50.8	3.412
844	3.641	    3359	156.1	768	50.8	3.717
845	3.422	    3362	155.9	768	50.8	3.486
846	3.438	    3356	156.2	768	50.6	3.499
847	3.422	    3361	156.0	768	50.6	3.488
848	3.469	    3368	155.6	768	50.7	3.535
849	3.656	    3359	156.1	768	50.5	3.722
850	3.391	    3360	156.1	768	50.5	3.461
851	3.266	    3364	155.8	768	50.5	3.331
852	3.344	    3353	156.4	768	50.2	3.409
853	3.109	    3369	155.6	768	50.4	3.158
854	3.312	    3364	155.8	768	50.3	3.372
855	3.281	    3352	156.4	768	50.1	3.342
856	3.438	    3357	156.2	768	50.1	3.508
857	3.500	    3353	156.4	768	50.0	3.554
858	3.484	    3352	156.4	768	49.9	3.554
859	3.688	    3361	156.0	768	50.0	3.761
860	3.375	    3342	156.9	768	49.6	3.442
861	3.547	    3372	155.5	768	50.0	3.614
862	3.453	    3339	157.0	768	49.5	3.513
863	3.344	    3354	156.3	768	49.6	3.416
864	3.297	    3356	156.2	768	49.6	3.353
865	3.625	    3352	156.4	768	49.5	3.678
866	3.453	    3373	155.4	768	49.8	3.516
867	3.203	    3350	156.5	768	49.4	3.266
868	3.500	    3348	156.6	768	49.3	3.566
869	3.344	    3352	156.4	768	49.3	3.412
870	3.297	    3352	156.4	768	49.2	3.357
871	3.172	    3357	156.2	768	49.2	3.243
872	3.344	    3380	155.1	768	49.5	3.392
873	3.344	    3370	155.6	768	49.3	3.387
874	3.141	    3368	155.7	768	49.2	3.156
875	3.172	    3372	155.5	768	49.2	3.235
876	3.203	    3429	152.9	1024	50.0	3.271
877	3.281	    3420	153.3	1024	49.8	3.343
878	3.234	    3440	152.4	1024	50.0	3.305
879	3.188	    3437	152.5	1024	49.9	3.264
880	3.281	    3425	153.1	1024	49.7	3.347
881	3.312	    3431	152.8	1024	49.7	3.225
882	3.453	    3447	152.1	1024	49.9	3.508
883	3.266	    3445	152.2	1024	49.8	3.335
884	3.328	    3436	152.6	1024	49.7	3.385
885	3.547	    3432	152.8	1024	49.5	3.614
886	3.484	    3462	151.4	1024	49.9	3.547
887	3.438	    3447	152.1	1024	49.6	3.502
888	3.516	    3477	150.8	1024	50.0	3.582
889	3.516	    3476	150.8	1024	49.9	3.579
890	3.266	    3458	151.6	1024	49.6	3.336
891	3.219	    3430	152.9	1024	49.2	3.287
892	3.422	    3465	151.3	1024	49.6	3.481
893	3.359	    3451	151.9	1024	49.3	3.426
894	3.500	    3436	152.6	1024	49.1	3.574
895	3.281	    3436	152.6	1024	49.0	3.344
896	3.562	    3436	152.6	1024	49.0	3.628
897	4.156	    3462	151.4	1024	49.3	4.221
898	3.375	    3425	153.1	1024	48.7	3.437
899	3.422	    3398	154.3	1024	48.2	3.495
900	3.156	    3434	152.7	1024	48.7	3.230
901	3.297	    3444	152.2	1024	48.8	3.366
902	3.422	    3428	153.0	1024	48.5	3.479
903	3.453	    3476	150.9	1024	49.1	3.525
904	3.422	    3410	153.8	1024	48.1	3.488
905	3.391	    3435	152.6	1024	48.4	3.465
906	3.359	    3460	151.5	1024	48.7	3.425
907	3.438	    3438	152.5	1024	48.4	3.507
908	3.375	    3392	154.6	1024	47.7	3.448
909	3.312	    3398	154.3	1024	47.7	3.355
910	3.359	    3430	152.9	1024	48.1	3.415
911	3.531	    3416	153.5	1024	47.8	3.597
912	3.453	    3453	151.8	1024	48.3	3.524
913	3.266	    3424	153.1	1024	47.8	3.328
914	3.453	    3473	151.0	1024	48.4	3.508
915	3.281	    3427	153.0	1024	47.8	3.345
916	3.281	    3424	153.1	1024	47.7	3.335
917	3.281	    3431	152.8	1024	47.7	3.357
918	3.359	    3407	153.9	1024	47.3	3.437
919	3.375	    3435	152.6	1024	47.6	3.439
920	3.188	    3413	153.6	1024	47.3	3.247
921	3.344	    3455	151.8	1024	47.8	3.405
922	3.359	    3448	152.1	1024	47.6	3.419
923	3.484	    3450	152.0	1024	47.6	3.559
924	3.328	    3424	153.1	1024	47.2	3.400
925	3.250	    3424	153.1	1024	47.1	3.304
926	3.188	    3470	151.1	1024	47.7	3.260
927	3.391	    3426	153.0	1024	47.0	3.442
928	3.203	    3410	153.7	1024	46.8	3.277
929	3.094	    3439	152.5	1024	47.1	3.166
930	3.297	    3418	153.4	1024	46.8	3.354
931	3.375	    3444	152.2	1024	47.1	3.437
932	3.219	    3429	152.9	1024	46.8	3.292
933	3.359	    3452	151.9	1024	47.1	3.418
934	3.266	    3430	152.9	1024	46.7	3.334
935	3.484	    3444	152.2	1024	46.8	3.554
936	3.266	    3423	153.2	1024	46.5	3.330
937	3.500	    3455	151.8	1024	46.9	3.579
938	3.375	    3458	151.6	1024	46.9	3.443
939	3.453	    3448	152.0	1024	46.7	3.514
940	3.375	    3421	153.3	1024	46.2	3.442
941	3.234	    3450	151.9	1024	46.6	3.308
942	3.281	    3417	153.4	1024	46.1	3.345
943	3.375	    3432	152.8	1024	46.2	3.411
944	3.438	    3439	152.4	1024	46.3	3.501
945	3.297	    3426	153.0	1024	46.0	3.360
946	3.406	    3415	153.5	1024	45.8	3.464
947	3.391	    3443	152.3	1024	46.1	3.455
948	3.547	    3480	150.7	1024	46.6	3.615
949	3.391	    3434	152.7	1024	45.9	3.443
950	3.359	    3415	153.5	1024	45.6	3.423
951	3.344	    3429	152.9	1024	45.7	3.407
952	3.375	    3414	153.6	1024	45.5	3.449
953	3.344	    3448	152.1	1024	45.9	3.417
954	3.406	    3416	153.5	1024	45.4	3.458
955	3.312	    3432	152.7	1024	45.5	3.377
956	3.344	    3420	153.3	1024	45.3	3.414
957	3.297	    3432	152.8	1024	45.4	3.363
958	3.375	    3408	153.8	1024	45.0	3.440
959	3.297	    3422	153.2	1024	45.2	3.365
960	3.828	    3411	153.7	1024	45.0	3.847
961	3.516	    3412	153.6	1024	44.9	3.493
962	3.547	    3417	153.4	1024	44.9	3.609
963	3.422	    3432	152.8	1024	45.1	3.483
964	3.297	    3400	154.2	1024	44.6	3.360
965	3.359	    3438	152.5	1024	45.0	3.428
966	3.203	    3435	152.6	1024	44.9	3.248
967	3.531	    3440	152.4	1024	44.9	3.304
968	3.438	    3454	151.8	1024	45.1	3.492
969	3.359	    3460	151.5	1024	45.1	3.406
970	3.141	    3439	152.5	1024	44.8	3.197
971	3.219	    3435	152.6	1024	44.7	3.280
972	3.297	    3432	152.8	1024	44.6	3.349
973	3.672	    3440	152.4	1024	44.6	3.739
974	3.109	    3446	152.2	1024	44.6	3.157
975	3.297	    3442	152.3	1024	44.5	3.355
976	3.328	    3422	153.2	1024	44.2	3.397
977	3.281	    3410	153.7	1024	44.0	3.347
978	3.438	    3427	153.0	1024	44.1	3.507
979	3.328	    3431	152.8	1024	44.1	3.392
980	3.438	    3418	153.4	1024	43.9	3.497
981	3.344	    3426	153.0	1024	44.0	3.397
982	3.266	    3415	153.5	1024	43.8	3.335
983	3.422	    3441	152.3	1024	44.1	3.483
984	3.297	    3427	153.0	1024	43.8	3.363
985	3.516	    3413	153.6	1024	43.6	3.578
986	3.281	    3417	153.4	1024	43.6	3.345
987	3.234	    3420	153.3	1024	43.5	3.311
988	3.656	    3423	153.2	1024	43.5	3.724
989	3.531	    3434	152.7	1024	43.6	3.606
990	3.453	    3435	152.6	1024	43.6	3.522
991	3.484	    3439	152.5	1024	43.6	3.551
992	3.141	    3415	153.5	1024	43.2	3.213
993	3.469	    3441	152.3	1024	43.5	3.531
994	3.484	    3424	153.1	1024	43.2	3.537
995	3.422	    3442	152.3	1024	43.4	3.487
996	3.469	    3426	153.0	1024	43.1	3.542
997	3.266	    3423	153.2	1024	43.0	3.336
998	3.297	    3423	153.2	1024	43.0	3.354
999	3.391	    3413	153.6	1024	42.8	3.443
1000	3.234	    3414	153.6	1024	42.7	3.292
1001	3.266	    3426	153.0	1024	42.8	3.327
1002	3.312	    3442	152.3	1024	43.0	3.374
1003	3.578	    3444	152.2	1024	42.9	3.635
1004	3.188	    3421	153.3	1024	42.6	3.249
1005	3.312	    3418	153.4	1024	42.5	3.383
1006	3.422	    3400	154.2	1024	42.2	3.485
1007	3.438	    3418	153.4	1024	42.4	3.494
1008	3.438	    3426	153.0	1024	42.4	3.504
1009	3.359	    3424	153.1	1024	42.3	3.426
1010	3.375	    3449	152.0	1024	42.6	3.430
1011	3.125	    3432	152.8	1024	42.3	3.184
1012	3.062	    3438	152.5	1024	42.3	3.128
1013	3.250	    3433	152.7	1024	42.2	3.309
1014	3.188	    3431	152.8	1024	42.1	3.261
1015	3.297	    3431	152.8	1024	42.1	3.356
1016	3.375	    3446	152.1	1024	42.2	3.427
1017	3.312	    3440	152.4	1024	42.1	3.359
1018	3.188	    3430	152.9	1024	41.9	3.266
1019	3.172	    3439	152.5	1024	42.0	3.235
1020	3.312	    3419	153.3	1024	41.7	3.376
1021	3.172	    3423	153.2	1024	41.6	3.230
1022	3.234	    3432	152.8	1024	41.7	3.303
1023	3.328	    3456	151.7	1024	41.9	3.388
1024	3.297	    3430	152.9	1024	41.6	3.362
1025	3.359	    3426	153.1	1024	41.4	3.430
1026	3.594	    3448	152.1	1024	41.7	3.661
1027	3.406	    3442	152.3	1024	41.5	3.471
1028	3.406	    3399	154.2	1024	41.0	3.483
1029	3.422	    3446	152.1	1024	41.5	3.498
1030	3.438	    3433	152.7	1024	41.2	3.503
1031	3.188	    3408	153.8	1024	40.9	3.252
1032	3.375	    3449	152.0	1024	41.3	3.438
1033	3.297	    3410	153.7	1024	40.8	3.361
1034	3.344	    3421	153.3	1024	40.9	3.406
1035	3.516	    3423	153.2	1024	40.9	3.548
1036	3.297	    3434	152.7	1024	40.9	3.359
1037	3.312	    3418	153.4	1024	40.7	3.319
1038	3.312	    3384	154.9	1024	40.2	3.370
1039	3.344	    3419	153.4	1024	40.6	3.405
1040	3.469	    3447	152.1	1024	40.9	3.535
1041	3.453	    3436	152.6	1024	40.7	3.513
1042	3.359	    3451	151.9	1024	40.8	3.428
1043	3.391	    3422	153.2	1024	40.4	3.459
1044	3.391	    3400	154.2	1024	40.1	3.448
1045	3.438	    3495	150.0	1024	41.1	3.507
1046	3.219	    3453	151.9	1024	40.6	3.286
1047	3.234	    3415	153.5	1024	40.1	3.302
1048	3.344	    3412	153.7	1024	40.0	3.408
1049	3.391	    3423	153.2	1024	40.1	3.460
1050	3.688	    3426	153.0	1024	40.0	3.759
1051	3.250	    3450	151.9	1024	40.3	3.322
1052	3.359	    3411	153.7	1024	39.7	3.367
1053	3.344	    3419	153.3	1024	39.8	3.367
1054	3.516	    3416	153.5	1024	39.7	3.568
1055	3.203	    3406	153.9	1024	39.5	3.263
1056	3.188	    3437	152.5	1024	39.8	3.256
1057	3.109	    3408	153.8	1024	39.4	3.188
1058	3.203	    3464	151.4	1024	40.0	3.259
1059	3.234	    3413	153.6	1024	39.4	3.272
1060	3.125	    3437	152.5	1024	39.6	3.183
1061	3.312	    3432	152.8	1024	39.5	3.374
1062	3.078	    3430	152.9	1024	39.4	3.152
1063	3.156	    3442	152.3	1024	39.5	3.229
1064	3.344	    3442	152.3	1024	39.4	3.399
1065	3.172	    3441	152.4	1024	39.3	3.239
1066	3.328	    3443	152.3	1024	39.3	3.401
1067	3.250	    3442	152.3	1024	39.2	3.308
1068	3.297	    3488	150.3	1024	39.7	3.367
1069	3.328	    3431	152.8	1024	39.0	3.392
1070	3.953	    3464	151.4	1024	39.3	3.998
1071	3.812	    3449	152.0	1024	39.1	3.878
1072	3.359	    3446	152.1	1024	39.0	3.420
1073	3.312	    3442	152.3	1024	38.9	3.377
1074	3.344	    3404	154.0	1024	38.4	3.398
1075	3.578	    3436	152.6	1024	38.7	3.643
1076	3.250	    3437	152.5	1024	38.7	3.318
1077	3.453	    3468	151.2	1024	39.0	3.391
1078	3.266	    3438	152.5	1024	38.6	3.335
1079	3.578	    3430	152.9	1024	38.4	3.649
1080	3.359	    3444	152.2	1024	38.5	3.431
1081	3.406	    3420	153.3	1024	38.2	3.473
1082	3.391	    3440	152.4	1024	38.4	3.461
1083	3.578	    3427	153.0	1024	38.2	3.617
1084	3.406	    3413	153.6	1024	37.9	3.485
1085	3.422	    3399	154.2	1024	37.7	3.482
1086	3.328	    3417	153.4	1024	37.9	3.391
1087	3.375	    3395	154.4	1024	37.6	3.435
1088	3.719	    3420	153.3	1024	37.8	3.790
1089	3.406	    3405	154.0	1024	37.6	3.470
1090	3.344	    3443	152.3	1024	37.9	3.414
1091	3.281	    3387	154.8	1024	37.3	3.348
1092	3.391	    3401	154.1	1024	37.4	3.450
1093	3.500	    3416	153.5	1024	37.5	3.571
1094	3.453	    3412	153.6	1024	37.4	3.526
1095	3.141	    3430	152.9	1024	37.5	3.205
1096	3.359	    3422	153.2	1024	37.4	3.421
1097	3.344	    3419	153.3	1024	37.3	3.410
1098	3.406	    3408	153.8	1024	37.1	3.478
1099	3.453	    3432	152.8	1024	37.3	3.520
1100	3.359	    3418	153.4	1024	37.1	3.426
1101	3.312	    3424	153.1	1024	37.1	3.381
1102	3.344	    3438	152.5	1024	37.2	3.408
1103	3.375	    3424	153.1	1024	37.0	3.444
1104	3.078	    3429	152.9	1024	37.0	3.153
1105	3.281	    3449	152.0	1024	37.1	3.338
1106	3.203	    3438	152.5	1024	37.0	3.277
1107	3.109	    3436	152.6	1024	36.9	3.178
1108	3.062	    3449	152.0	1024	37.0	3.134
1109	3.203	    3435	152.6	1024	36.8	3.269
1110	3.094	    3429	152.9	1024	36.6	3.159
1111	3.312	    3411	153.7	1024	36.4	3.358
1112	3.016	    3423	153.2	1024	36.5	3.075
1113	3.156	    3427	153.0	1024	36.4	3.216
1114	3.469	    3450	152.0	1024	36.6	3.536
1115	3.391	    3421	153.3	1024	36.3	3.458
1116	3.500	    3443	152.3	1024	36.4	3.567
1117	3.219	    3407	153.9	1024	36.0	3.281
1118	3.609	    3420	153.3	1024	36.1	3.553
1119	3.234	    3445	152.2	1024	36.3	3.302
1120	3.219	    3430	152.8	1024	36.1	3.287
1121	3.375	    3461	151.5	1024	36.3	3.446
1122	3.562	    3426	153.0	1024	35.9	3.637
1123	3.250	    3470	151.1	1024	36.3	3.324
1124	3.234	    3446	152.2	1024	36.0	3.311
1125	3.406	    3454	151.8	1024	36.0	3.469
1126	3.391	    3437	152.5	1024	35.8	3.456
1127	3.609	    3439	152.4	1024	35.8	3.665
1128	3.328	    3436	152.6	1024	35.7	3.398
1129	3.391	    3416	153.5	1024	35.4	3.453
1130	3.391	    3439	152.5	1024	35.6	3.461
1131	3.422	    3431	152.8	1024	35.5	3.467
1132	3.359	    3431	152.8	1024	35.4	3.429
1133	3.391	    3411	153.7	1024	35.1	3.455
1134	3.281	    3405	154.0	1024	35.0	3.355
1135	3.344	    3450	152.0	1024	35.4	3.412
1136	3.281	    3422	153.2	1024	35.1	3.353
1137	3.250	    3450	152.0	1024	35.3	3.315
1138	3.266	    3419	153.3	1024	34.9	3.329
1139	3.203	    3475	150.9	1024	35.4	3.264
1140	3.359	    3442	152.3	1024	35.1	3.419
1141	3.266	    3423	153.2	1024	34.8	3.325
1142	3.297	    3414	153.6	1024	34.7	3.369
1143	3.234	    3423	153.2	1024	34.7	3.303
1144	3.266	    3420	153.3	1024	34.6	3.325
1145	3.359	    3424	153.1	1024	34.6	3.420
1146	3.281	    3448	152.1	1024	34.8	3.353
1147	3.297	    3404	154.0	1024	34.3	3.370
1148	3.328	    3472	151.0	1024	34.9	3.372
1149	3.250	    3463	151.4	1024	34.7	3.309
1150	3.250	    3412	153.7	1024	34.2	3.321
1151	3.203	    3426	153.0	1024	34.3	3.266
1152	3.281	    3458	151.6	1024	34.5	3.342
1153	3.391	    3438	152.5	1024	34.3	3.451
1154	3.000	    3438	152.5	1024	34.2	3.072
1155	3.266	    3436	152.6	1024	34.1	3.341
1156	3.141	    3426	153.0	1024	34.0	3.204
1157	3.297	    3447	152.1	1024	34.1	3.364
1158	3.141	    3429	152.9	1024	33.9	3.208
1159	3.312	    3436	152.6	1024	33.9	3.378
1160	3.297	    3437	152.5	1024	33.9	3.354
1161	3.266	    3436	152.6	1024	33.8	3.333
1162	3.359	    3441	152.4	1024	33.8	3.416
1163	3.406	    3442	152.3	1024	33.7	3.480
1164	3.297	    3432	152.8	1024	33.6	3.367
1165	3.297	    3464	151.3	1024	33.8	3.362
1166	3.703	    3436	152.6	1024	33.5	3.770
1167	3.344	    3427	153.0	1024	33.4	3.378
1168	3.422	    3494	150.0	1280	34.0	3.500
1169	3.203	    3492	150.1	1280	33.9	3.273
1170	3.156	    3459	151.6	1280	33.5	3.227
1171	3.188	    3463	151.4	1280	33.5	3.260
1172	3.453	    3497	149.9	1280	33.7	3.508
1173	3.297	    3424	153.1	1280	33.0	3.361
1174	3.328	    3524	148.8	1280	33.9	3.399
1175	3.312	    3486	150.4	1280	33.5	3.374
1176	3.109	    3482	150.6	1280	33.4	3.177
1177	3.422	    3492	150.2	1280	33.4	3.484
1178	3.219	    3446	152.1	1280	32.9	3.295
1179	3.422	    3482	150.6	1280	33.2	3.481
1180	3.109	    3499	149.9	1280	33.3	3.117
1181	3.344	    3471	151.0	1280	33.0	3.401
1182	3.250	    3487	150.4	1280	33.1	3.316
1183	3.344	    3480	150.7	1280	32.9	3.405
1184	3.375	    3468	151.2	1280	32.8	3.442
1185	3.438	    3484	150.5	1280	32.9	3.509
1186	3.406	    3481	150.6	1280	32.8	3.484
1187	3.344	    3493	150.1	1280	32.8	3.402
1188	3.047	    3491	150.2	1280	32.8	3.127
1189	3.312	    3512	149.3	1280	32.9	3.386
1190	3.219	    3488	150.3	1280	32.6	3.291
1191	3.250	    3508	149.5	1280	32.7	3.318
1192	3.188	    3458	151.6	1280	32.2	3.247
1193	3.297	    3510	149.4	1280	32.6	3.357
1194	3.281	    3485	150.5	1280	32.3	3.348
1195	3.031	    3488	150.3	1280	32.3	3.098
1196	3.203	    3484	150.5	1280	32.2	3.260
1197	3.141	    3485	150.4	1280	32.2	3.199
1198	3.062	    3487	150.4	1280	32.1	3.134
1199	3.203	    3504	149.6	1280	32.2	3.264
1200	3.328	    3484	150.5	1280	32.0	3.399
1201	3.250	    3530	148.5	1280	32.4	3.320
1202	3.141	    3454	151.8	1280	31.6	3.200
1203	3.078	    3505	149.6	1280	32.0	3.148
1204	2.906	    3508	149.4	1280	32.0	2.973
1205	3.125	    3503	149.7	1280	31.9	3.193
1206	3.188	    3482	150.6	1280	31.6	3.258
1207	3.828	    3493	150.1	1280	31.7	3.896
1208	3.484	    3483	150.5	1280	31.5	3.552
1209	3.328	    3482	150.6	1280	31.5	3.399
1210	3.422	    3493	150.1	1280	31.5	3.228
1211	3.344	    3519	149.0	1280	31.7	3.409
1212	3.469	    3487	150.4	1280	31.3	3.538
1213	3.391	    3505	149.6	1280	31.4	3.450
1214	3.344	    3463	151.4	1280	31.0	3.407
1215	3.172	    3499	149.8	1280	31.3	3.241
1216	3.359	    3523	148.8	1280	31.4	3.430
1217	3.281	    3473	151.0	1280	30.9	3.346
1218	3.219	    3489	150.3	1280	31.0	3.277
1219	3.219	    3496	150.0	1280	31.0	3.285
1220	3.281	    3464	151.4	1280	30.7	3.354
1221	3.344	    3464	151.4	1280	30.6	3.412
1222	3.594	    3507	149.5	1280	30.9	3.662
1223	3.547	    3478	150.7	1280	30.6	3.605
1224	3.156	    3490	150.2	1280	30.7	3.219
1225	3.391	    3483	150.5	1280	30.5	3.392
1226	3.375	    3482	150.6	1280	30.5	3.438
1227	3.344	    3499	149.8	1280	30.6	3.412
1228	3.016	    3446	152.1	1280	30.0	3.080
1229	3.250	    3475	150.9	1280	30.2	3.314
1230	3.359	    3467	151.2	1280	30.1	3.425
1231	3.297	    3451	151.9	1280	29.9	3.349
1232	3.156	    3508	149.4	1280	30.3	3.219
1233	3.328	    3486	150.4	1280	30.1	3.395
1234	3.328	    3507	149.5	1280	30.2	3.345
1235	3.219	    3492	150.1	1280	30.0	3.282
1236	3.375	    3488	150.3	1280	29.9	3.438
1237	3.297	    3499	149.9	1280	30.0	3.361
1238	3.172	    3528	148.6	1280	30.2	3.240
1239	3.312	    3471	151.1	1280	29.6	3.389
1240	3.203	    3494	150.0	1280	29.8	3.264
1241	3.047	    3474	150.9	1280	29.5	3.111
1242	2.969	    3487	150.4	1280	29.6	3.033
1243	2.906	    3494	150.1	1280	29.6	2.976
1244	3.234	    3481	150.6	1280	29.4	3.310
1245	3.047	    3527	148.7	1280	29.7	3.108
1246	3.141	    3470	151.1	1280	29.2	3.211
1247	3.250	    3505	149.6	1280	29.4	3.320
1248	3.062	    3534	148.4	1280	29.6	3.129
1249	3.359	    3537	148.2	1280	29.6	3.407
1250	3.016	    3478	150.7	1280	29.0	3.087
1251	3.156	    3518	149.0	1280	29.3	3.215
1252	3.312	    3474	150.9	1280	28.9	3.386
1253	3.562	    3541	148.1	1280	29.4	3.625
1254	3.328	    3535	148.3	1280	29.3	3.389
1255	3.281	    3539	148.2	1280	29.3	3.342
1256	3.344	    3474	150.9	1280	28.7	3.415
1257	3.312	    3494	150.1	1280	28.8	3.122
1258	3.188	    3544	147.9	1280	29.1	3.264
1259	3.188	    3478	150.8	1280	28.5	3.254
1260	3.234	    3485	150.4	1280	28.5	3.304
1261	3.188	    3542	148.0	1280	28.9	3.256
1262	3.234	    3470	151.1	1280	28.3	3.285
1263	3.188	    3444	152.2	1280	28.0	3.264
1264	3.094	    3464	151.4	1280	28.1	3.161
1265	3.234	    3518	149.0	1280	28.5	3.308
1266	3.359	    3499	149.9	1280	28.3	3.429
1267	3.391	    3467	151.2	1280	28.0	3.455
1268	3.391	    3462	151.4	1280	27.9	3.459
1269	3.281	    3499	149.8	1280	28.1	3.353
1270	3.062	    3479	150.7	1280	27.9	3.141
1271	3.344	    3429	152.9	1280	27.4	3.400
1272	3.328	    3461	151.5	1280	27.6	3.396
1273	3.406	    3510	149.3	1280	28.0	3.471
1274	3.234	    3469	151.1	1280	27.6	3.303
1275	3.328	    3495	150.0	1280	27.7	3.404
1276	3.172	    3524	148.8	1280	27.9	3.241
1277	3.906	    3521	148.9	1280	27.8	3.964
1278	3.422	    3473	151.0	1280	27.4	3.489
1279	3.422	    3460	151.5	1280	27.2	3.497
1280	3.297	    3442	152.3	1280	27.0	3.358
1281	3.297	    3464	151.3	1280	27.1	3.371
1282	3.328	    3520	148.9	1280	27.5	3.402
1283	3.172	    3518	149.0	1280	27.4	3.239
1284	3.375	    3511	149.3	1280	27.3	3.439
1285	3.125	    3467	151.2	1280	26.9	3.190
1286	3.125	    3496	150.0	1280	27.1	3.199
1287	3.000	    3531	148.5	1280	27.3	3.070
1288	3.109	    3479	150.7	1280	26.8	3.176
1289	2.969	    3504	149.6	1280	27.0	3.029
1290	3.391	    3453	151.8	1280	26.5	3.451
1291	3.125	    3491	150.2	1280	26.8	3.189
1292	3.000	    3486	150.4	1280	26.7	3.076
1293	3.094	    3482	150.6	1280	26.6	3.070
1294	3.156	    3558	147.4	1280	27.1	3.225
1295	3.047	    3526	148.7	1280	26.8	3.113
1296	3.359	    3464	151.4	1280	26.3	3.274
1297	3.062	    3492	150.2	1280	26.4	3.111
1298	2.875	    3505	149.6	1280	26.5	2.931
1299	3.062	    3521	148.9	1280	26.5	3.131
1300	3.297	    3503	149.7	1280	26.3	3.365
1301	3.281	    3482	150.6	1280	26.1	3.348
1302	3.203	    3523	148.8	1280	26.4	3.273
1303	3.172	    3516	149.1	1280	26.3	3.244
1304	3.047	    3482	150.6	1280	25.9	3.112
1305	3.219	    3576	146.6	1280	26.6	3.288
1306	3.344	    3547	147.8	1280	26.3	3.270
1307	3.172	    3455	151.7	1280	25.6	3.250
1308	3.047	    3543	148.0	1280	26.2	3.112
1309	3.375	    3502	149.7	1280	25.8	3.442
1310	3.266	    3491	150.2	1280	25.7	3.329
1311	3.391	    3482	150.6	1280	25.5	3.457
1312	3.094	    3441	152.3	1280	25.2	3.166
1313	3.359	    3478	150.7	1280	25.4	3.427
1314	3.297	    3471	151.1	1280	25.3	3.368
1315	3.250	    3475	150.9	1280	25.3	3.317
1316	3.078	    3471	151.0	1280	25.2	3.150
1317	3.375	    3472	151.0	1280	25.1	3.440
1318	3.188	    3459	151.6	1280	25.0	3.254
1319	3.250	    3525	148.7	1280	25.4	3.308
1320	3.188	    3477	150.8	1280	25.0	3.226
1321	3.344	    3476	150.9	1280	24.9	3.415
1322	3.141	    3430	152.9	1280	24.5	3.200
1323	3.156	    3488	150.3	1280	24.9	3.233
1324	3.156	    3455	151.7	1280	24.6	3.225
1325	3.234	    3495	150.0	1280	24.8	3.267
1326	3.266	    3499	149.8	1280	24.8	3.332
1327	3.344	    3493	150.1	1280	24.7	3.406
1328	3.125	    3476	150.8	1280	24.5	3.197
1329	3.391	    3488	150.3	1280	24.5	3.460
1330	3.172	    3487	150.3	1280	24.5	3.243
1331	3.375	    3512	149.3	1280	24.6	3.448
1332	3.297	    3466	151.3	1280	24.2	3.354
1333	3.047	    3527	148.7	1280	24.6	3.107
1334	2.938	    3490	150.2	1280	24.3	3.003
1335	2.984	    3492	150.1	1280	24.2	3.068
1336	3.125	    3483	150.5	1280	24.1	3.195
1337	3.047	    3500	149.8	1280	24.1	3.105
1338	3.250	    3461	151.5	1280	23.8	3.308
1339	3.188	    3543	148.0	1280	24.3	3.255
1340	3.078	    3469	151.1	1280	23.8	3.140
1341	3.156	    3462	151.4	1280	23.7	3.229
1342	3.297	    3485	150.4	1280	23.8	3.041
1343	2.766	    3481	150.6	1280	23.7	2.832
1344	3.312	    3532	148.4	1280	24.0	3.378
1345	3.188	    3495	150.0	1280	23.7	3.266
1346	2.891	    3502	149.7	1280	23.6	2.963
1347	3.078	    3499	149.9	1280	23.6	3.146
1348	3.250	    3476	150.8	1280	23.4	3.316
1349	3.203	    3515	149.2	1280	23.5	3.284
1350	3.375	    3476	150.8	1280	23.2	3.440
1351	3.156	    3484	150.5	1280	23.2	3.231
1352	3.078	    3483	150.5	1280	23.2	3.147
1353	3.281	    3473	151.0	1280	23.0	3.353
1354	3.094	    3496	150.0	1280	23.1	3.153
1355	3.062	    3504	149.6	1280	23.1	3.127
1356	3.203	    3462	151.4	1280	22.8	3.277
1357	3.016	    3546	147.9	1280	23.3	3.080
1358	3.281	    3445	152.2	1280	22.6	3.340
1359	3.234	    3477	150.8	1280	22.7	3.297
1360	3.188	    3514	149.2	1280	22.9	3.256
1361	3.234	    3466	151.3	1280	22.5	3.304
1362	3.125	    3463	151.4	1280	22.5	3.202
1363	3.312	    3488	150.3	1280	22.6	3.379
1364	3.281	    3478	150.7	1280	22.4	3.351
1365	3.312	    3515	149.2	1280	22.6	3.384
1366	3.281	    3515	149.1	1280	22.6	3.348
1367	3.250	    3466	151.3	1280	22.2	3.323
1368	3.125	    3452	151.9	1280	22.0	3.183
1369	3.156	    3447	152.1	1280	21.9	3.228
1370	3.156	    3511	149.3	1280	22.3	3.222
1371	3.125	    3469	151.1	1280	22.0	3.190
1372	3.172	    3453	151.9	1280	21.8	3.241
1373	3.203	    3538	148.2	1280	22.3	3.277
1374	3.109	    3506	149.5	1280	22.0	3.169
1375	3.172	    3445	152.2	1280	21.6	3.232
1376	2.844	    3493	150.1	1280	21.8	2.918
1377	3.312	    3472	151.0	1280	21.6	3.379
1378	3.219	    3461	151.5	1280	21.5	3.276
1379	3.188	    3477	150.8	1280	21.6	3.257
1380	2.844	    3502	149.7	1280	21.7	2.912
1381	2.938	    3476	150.8	1280	21.4	2.996
1382	2.891	    3491	150.2	1280	21.5	2.967
1383	3.156	    3458	151.6	1280	21.2	3.236
1384	3.172	    3490	150.2	1280	21.3	3.238
1385	2.953	    3473	151.0	1280	21.2	3.017
1386	3.219	    3479	150.7	1280	21.2	3.291
1387	3.125	    3489	150.3	1280	21.2	3.196
1388	3.531	    3522	148.9	1280	21.3	3.597
1389	3.078	    3481	150.6	1280	21.0	3.140
1390	3.000	    3532	148.4	1280	21.3	3.044
1391	2.938	    3476	150.9	1280	20.9	3.001
1392	3.734	    3499	149.8	1280	20.9	3.804
1393	3.219	    3488	150.3	1280	20.8	3.276
1394	3.250	    3498	149.9	1280	20.8	3.323
1395	3.078	    4612	113.7	1280	27.4	3.148
1396	3.172	    3521	148.9	1280	20.8	3.247
1397	3.250	    3547	147.8	1280	20.9	3.318
1398	3.203	    3465	151.3	1280	20.4	3.208
1399	3.297	    3485	150.5	1280	20.4	3.369
1400	3.000	    3497	149.9	1280	20.5	3.071
1401	3.266	    3538	148.2	1280	20.6	3.329
1402	3.125	    3505	149.6	1280	20.4	3.170
1403	3.000	    3497	149.9	1280	20.3	3.074
1404	3.234	    3461	151.5	1280	20.0	3.301
1405	3.016	    3471	151.0	1280	20.0	3.087
1406	3.094	    3455	151.8	1280	19.9	3.161
1407	3.484	    3476	150.8	1280	19.9	3.557
1408	3.469	    3448	152.1	1280	19.7	3.540
1409	3.219	    3473	151.0	1280	19.8	3.275
1410	3.141	    3456	151.7	1280	19.6	3.212
1411	3.219	    3516	149.1	1280	19.9	3.279
1412	3.062	    3458	151.6	1280	19.5	3.129
1413	3.219	    3465	151.3	1280	19.5	3.257
1414	3.109	    3455	151.7	1280	19.4	3.178
1415	3.266	    3526	148.7	1280	19.7	3.326
1416	3.047	    3456	151.7	1280	19.3	3.117
1417	3.109	    3473	151.0	1280	19.3	3.179
1418	3.031	    3454	151.8	1280	19.2	3.098
1419	3.109	    3499	149.8	1280	19.4	3.170
1420	3.203	    3470	151.1	1280	19.1	3.269
1421	3.297	    3477	150.8	1280	19.1	3.319
1422	3.078	    3476	150.8	1280	19.1	3.148
1423	3.203	    3495	150.0	1280	19.1	3.269
1424	3.078	    3493	150.1	1280	19.0	3.141
1425	3.172	    3470	151.1	1280	18.9	3.224
1426	3.109	    3502	149.7	1280	19.0	3.178
1427	3.000	    3475	150.9	1280	18.8	3.072
1428	3.062	    3465	151.3	1280	18.7	3.139
1429	3.094	    3487	150.3	1280	18.7	3.160
1430	2.875	    3495	150.0	1280	18.7	2.940
1431	3.172	    3487	150.4	1280	18.6	3.240
1432	3.344	    3491	150.2	1280	18.6	3.411
1433	3.094	    3504	149.6	1280	18.6	3.161
1434	3.438	    3516	149.1	1280	18.6	3.455
1435	3.188	    3491	150.2	1280	18.4	3.267
1436	3.047	    3496	150.0	1280	18.4	3.108
1437	3.016	    3517	149.1	1280	18.4	3.083
1438	3.016	    3563	147.2	1280	18.6	3.085
1439	2.969	    3492	150.2	1280	18.2	3.037
1440	3.469	    3479	150.7	1280	18.0	3.541
1441	3.062	    3489	150.3	1280	18.0	3.140
1442	3.312	    3500	149.8	1280	18.0	3.377
1443	3.250	    3508	149.5	1280	18.0	3.311
1444	3.234	    3520	149.0	1280	18.0	3.310
1445	2.891	    3499	149.8	1280	17.8	2.962
1446	3.172	    3492	150.2	1280	17.7	3.237
1447	3.312	    3492	150.1	1280	17.7	3.374
1448	3.125	    3486	150.4	1280	17.6	3.195
1449	3.156	    3484	150.5	1280	17.5	3.228
1450	3.281	    3547	147.8	1280	17.8	3.345
1451	3.172	    3478	150.8	1280	17.4	3.235
1452	2.984	    3502	149.7	1280	17.5	3.057
1453	3.438	    3501	149.7	1280	17.4	3.503
1454	3.234	    3476	150.8	1280	17.2	3.309
1455	3.281	    3475	150.9	1280	17.1	3.350
1456	3.547	    3504	149.6	1280	17.2	3.607
1457	3.188	    3466	151.3	1280	17.0	3.260
1458	3.141	    3498	149.9	1280	17.1	3.217
1459	3.016	    3443	152.3	1280	16.8	3.093
1460	3.156	    3549	147.7	1536	17.2	3.234
1461	3.141	    3500	149.8	1536	16.9	3.206
1462	3.156	    3512	149.3	1536	16.9	3.230
1463	3.234	    3489	150.3	1536	16.7	3.301
1464	3.109	    3488	150.3	1536	16.7	3.188
1465	3.125	    3535	148.3	1536	16.8	3.174
1466	3.234	    3501	149.8	1536	16.6	3.292
1467	3.094	    3536	148.3	1536	16.7	3.158
1468	3.172	    3552	147.6	1536	16.8	3.244
1469	3.188	    3526	148.7	1536	16.6	3.258
1470	3.266	    3454	151.8	1536	16.2	3.332
1471	3.203	    3585	146.2	1536	16.7	3.273
1472	3.172	    3568	146.9	1536	16.6	3.223
1473	3.047	    3520	149.0	1536	16.3	3.112
1474	3.031	    3497	149.9	1536	16.1	3.103
1475	3.141	    3467	151.2	1536	16.0	3.206
1476	2.891	    3533	148.4	1536	16.2	2.960
1477	3.062	    3535	148.3	1536	16.1	3.129
1478	3.016	    3565	147.1	1536	16.2	3.089
1479	3.203	    3519	149.0	1536	16.0	3.266
1480	3.141	    3554	147.5	1536	16.1	3.202
1481	3.094	    3501	149.8	1536	15.8	3.172
1482	2.859	    3549	147.7	1536	15.9	2.935
1483	2.984	    3555	147.5	1536	15.9	3.048
1484	3.047	    3480	150.7	1536	15.5	3.119
1485	2.938	    3519	149.0	1536	15.6	3.015
1486	3.141	    3503	149.7	1536	15.5	3.216
1487	3.000	    3611	145.2	1536	15.9	3.063
1488	3.203	    3541	148.0	1536	15.5	3.272
1489	3.078	    3561	147.2	1536	15.6	3.143
1490	3.359	    3513	149.2	1536	15.3	3.434
1491	3.234	    3538	148.2	1536	15.3	3.303
1492	3.359	    3525	148.7	1536	15.2	3.438
1493	3.031	    3541	148.1	1536	15.2	3.110
1494	3.047	    3554	147.5	1536	15.2	3.125
1495	3.125	    3518	149.0	1536	15.0	3.195
1496	3.219	    3589	146.1	1536	15.3	3.254
1497	3.328	    3529	148.6	1536	14.9	3.391
1498	3.016	    3554	147.5	1536	15.0	3.091
1499	3.109	    3611	145.2	1536	15.2	3.169
1500	3.344	    3525	148.7	1536	14.7	3.417
1501	3.125	    3494	150.1	1536	14.6	3.191
1502	3.188	    3479	150.7	1536	14.4	3.250
1503	3.203	    3494	150.1	1536	14.4	3.276
1504	3.203	    3532	148.4	1536	14.5	3.264
1505	3.328	    3538	148.2	1536	14.5	3.400
1506	3.047	    3486	150.4	1536	14.2	3.123
1507	3.266	    3515	149.2	1536	14.3	3.339
1508	2.891	    3497	149.9	1536	14.2	2.944
1509	3.297	    3588	146.1	1536	14.5	3.368
1510	3.172	    3477	150.8	1536	14.0	3.248
1511	3.219	    3593	145.9	1536	14.4	3.279
1512	3.078	    3519	149.0	1536	14.0	3.155
1513	3.188	    3500	149.8	1536	13.9	3.245
1514	3.125	    3515	149.2	1536	13.9	3.200
1515	3.344	    3535	148.3	1536	13.9	3.422
1516	2.938	    3502	149.7	1536	13.7	3.009
1517	3.156	    3459	151.6	1536	13.5	3.232
1518	3.203	    3539	148.1	1536	13.7	3.269
1519	2.922	    3500	149.8	1536	13.5	2.993
1520	2.969	    3510	149.4	1536	13.5	3.038
1521	3.188	    3506	149.6	1536	13.4	3.250
1522	3.141	    3608	145.3	1536	13.8	3.203
1523	2.812	    3540	148.1	1536	13.5	2.889
1524	3.188	    3583	146.3	1536	13.6	3.256
1525	3.109	    3497	149.9	1536	13.2	3.159
1526	3.109	    3481	150.6	1536	13.1	3.170
1527	3.125	    3547	147.8	1536	13.2	3.192
1528	3.031	    3497	149.9	1536	13.0	3.103
1529	3.078	    3543	148.0	1536	13.1	3.145
1530	3.047	    3526	148.7	1536	13.0	3.110
1531	3.094	    3512	149.3	1536	12.9	3.160
1532	2.984	    3501	149.8	1536	12.8	3.063
1533	3.000	    3556	147.4	1536	12.9	3.069
1534	3.250	    3552	147.6	1536	12.8	3.305
1535	2.984	    3547	147.8	1536	12.8	3.055
1536	3.031	    3543	148.0	1536	12.7	3.108
1537	3.156	    3594	145.9	1536	12.8	3.216
1538	3.344	    3498	149.9	1536	12.4	3.409
1539	3.031	    3531	148.5	1536	12.5	3.098
1540	2.953	    3517	149.1	1536	12.4	3.014
1541	3.125	    3583	146.3	1536	12.5	3.201
1542	3.172	    3575	146.7	1536	12.5	3.235
1543	3.250	    3564	147.1	1536	12.4	3.311
1544	3.344	    3591	146.0	1536	12.4	3.417
1545	3.156	    3551	147.7	1536	12.2	3.197
1546	3.172	    3512	149.3	1536	12.0	3.241
1547	3.672	    3567	147.0	1536	12.1	3.742
1548	3.297	    3501	149.8	1536	11.8	3.371
1549	3.109	    3549	147.7	1536	11.9	3.182
1550	3.078	    3482	150.6	1536	11.7	3.145
1551	3.234	    3522	148.9	1536	11.7	3.298
1552	3.250	    3496	150.0	1536	11.6	3.312
1553	3.188	    3470	151.1	1536	11.5	3.249
1554	3.234	    3500	149.8	1536	11.5	3.304
1555	3.047	    3508	149.5	1536	11.5	3.109
1556	3.094	    3509	149.4	1536	11.4	3.159
1557	3.000	    3511	149.3	1536	11.4	3.077
1558	3.312	    3492	150.2	1536	11.2	3.375
1559	3.188	    3531	148.5	1536	11.3	3.263
1560	3.203	    3498	149.9	1536	11.1	3.265
1561	3.219	    3476	150.8	1536	11.0	3.292
1562	3.047	    3610	145.2	1536	11.4	3.117
1563	3.188	    3562	147.2	1536	11.2	3.258
1564	3.266	    3558	147.3	1536	11.1	3.318
1565	3.031	    3588	146.1	1536	11.1	3.095
1566	3.266	    3543	148.0	1536	10.9	3.328
1567	3.125	    3521	148.9	1536	10.8	3.191
1568	3.141	    3515	149.2	1536	10.7	3.220
1569	3.109	    3506	149.5	1536	10.6	3.172
1570	3.078	    3566	147.0	1536	10.8	3.145
1571	3.234	    3531	148.5	1536	10.6	3.296
1572	3.094	    3531	148.5	1536	10.5	3.163
1573	3.094	    3536	148.3	1536	10.5	3.172
1574	3.109	    3549	147.7	1536	10.5	3.171
1575	3.016	    3523	148.8	1536	10.3	3.082
1576	2.938	    3561	147.2	1536	10.4	3.010
1577	2.906	    3549	147.7	1536	10.3	2.964
1578	3.016	    3558	147.4	1536	10.3	3.085
1579	3.375	    3583	146.3	1536	10.3	3.100
1580	3.094	    3537	148.2	1536	10.1	3.160
1581	3.109	    3545	147.9	1536	10.0	3.171
1582	3.141	    3617	145.0	1536	10.2	3.205
1583	3.203	    3549	147.7	1536	9.9	3.279
1584	3.078	    3520	148.9	1536	9.8	3.148
1585	3.250	    3508	149.5	1536	9.7	3.323
1586	3.188	    3534	148.3	1536	9.7	3.257
1587	3.094	    3588	146.1	1536	9.8	3.160
1588	3.219	    3575	146.7	1536	9.7	3.291
1589	3.141	    3563	147.2	1536	9.6	3.211
1590	3.062	    3528	148.6	1536	9.5	3.143
1591	3.094	    3509	149.4	1536	9.4	3.162
1592	3.000	    3534	148.3	1536	9.4	3.072
1593	3.000	    3558	147.4	1536	9.4	3.064
1594	3.312	    3557	147.4	1536	9.3	3.393
1595	3.297	    3494	150.1	1536	9.1	3.377
1596	3.156	    3480	150.7	1536	9.0	3.217
1597	3.062	    3513	149.2	1536	9.0	3.132
1598	3.125	    3527	148.6	1536	9.0	3.197
1599	2.938	    3553	147.5	1536	9.0	3.011
1600	3.250	    3502	149.7	1536	8.8	3.320
1601	3.188	    3520	148.9	1536	8.8	3.264
1602	3.281	    3459	151.6	1536	8.6	3.354
1603	3.109	    3499	149.9	1536	8.6	3.185
1604	3.281	    3497	149.9	1536	8.6	3.344
1605	3.094	    3498	149.9	1536	8.5	3.160
1606	2.953	    3515	149.2	1536	8.5	3.033
1607	3.094	    3546	147.8	1536	8.5	3.161
1608	2.906	    3511	149.3	1536	8.4	2.974
1609	3.062	    3486	150.4	1536	8.3	3.134
1610	3.172	    3492	150.1	1536	8.2	3.245
1611	3.062	    3490	150.2	1536	8.1	3.119
1612	3.203	    3532	148.4	1536	8.2	3.263
1613	3.141	    3503	149.7	1536	8.1	3.218
1614	3.078	    3498	149.9	1536	8.0	3.145
1615	3.062	    3519	149.0	1536	8.0	3.135
1616	2.938	    3551	147.7	1536	8.0	3.008
1617	3.375	    3532	148.4	1536	7.9	3.446
1618	3.078	    3577	146.6	1536	7.9	3.146
1619	3.062	    3509	149.4	1536	7.7	3.129
1620	3.062	    3538	148.2	1536	7.7	3.141
1621	3.156	    3524	148.8	1536	7.6	3.210
1622	3.094	    3578	146.5	1536	7.7	3.148
1623	3.094	    3534	148.4	1536	7.5	3.162
1624	3.281	    3544	147.9	1536	7.5	3.354
1625	3.219	    3552	147.6	1536	7.5	3.288
1626	2.875	    3575	146.7	1536	7.4	2.941
1627	2.891	    3539	148.2	1536	7.3	2.961
1628	3.328	    3513	149.2	1536	7.2	3.401
1629	3.047	    3572	146.8	1536	7.3	3.123
1630	3.266	    3537	148.2	1536	7.1	3.344
1631	3.266	    3522	148.9	1536	7.0	3.339
1632	3.094	    3564	147.1	1536	7.1	3.158
1633	3.078	    3537	148.2	1536	7.0	3.142
1634	3.266	    3550	147.7	1536	6.9	3.333
1635	3.125	    3538	148.2	1536	6.8	3.187
1636	3.047	    3522	148.9	1536	6.7	3.117
1637	3.016	    3590	146.1	1536	6.8	3.080
1638	3.266	    3563	147.1	1536	6.7	3.333
1639	3.266	    3501	149.7	1536	6.5	3.330
1640	3.078	    3499	149.8	1536	6.5	3.135
1641	3.266	    3542	148.0	1536	6.5	3.330
1642	3.172	    3486	150.4	1536	6.3	3.238
1643	3.250	    3528	148.6	1536	6.3	3.313
1644	3.188	    3498	149.9	1536	6.2	3.248
1645	3.109	    3460	151.5	1536	6.1	3.164
1646	3.016	    3540	148.1	1536	6.2	3.067
1647	3.125	    3523	148.8	1536	6.1	3.195
1648	2.969	    3571	146.8	1536	6.1	3.040
1649	3.156	    3457	151.7	1536	5.9	3.225
1650	3.297	    3471	151.0	1536	5.8	3.361
1651	3.062	    3553	147.6	1536	5.9	3.138
1652	2.891	    3550	147.7	1536	5.9	2.951
1653	3.234	    3513	149.2	1536	5.7	3.299
1654	2.938	    3556	147.4	1536	5.7	3.005
1655	3.125	    3513	149.2	1536	5.6	3.165
1656	3.172	    3512	149.3	1536	5.6	3.242
1657	3.172	    3475	150.9	1536	5.4	3.242
1658	3.281	    3534	148.4	1536	5.5	3.336
1659	3.141	    3535	148.3	1536	5.4	3.218
1660	3.078	    3492	150.1	1536	5.3	3.154
1661	3.016	    3501	149.8	1536	5.3	3.083
1662	3.094	    3538	148.2	1536	5.2	3.160
1663	2.875	    3536	148.3	1536	5.2	2.948
1664	3.344	    3541	148.0	1536	5.1	3.415
1665	3.141	    3558	147.4	1536	5.1	3.209
1666	3.000	    3558	147.4	1536	5.0	3.065
1667	2.812	    3511	149.3	1536	4.9	2.884
1668	3.266	    3599	145.7	1536	5.0	3.166
1669	2.969	    3514	149.2	1536	4.8	3.038
1670	2.812	    3577	146.6	1536	4.8	2.881
1671	2.844	    3542	148.0	1536	4.7	2.904
1672	3.078	    3534	148.3	1536	4.7	3.156
1673	3.078	    3534	148.4	1536	4.6	3.155
1674	3.000	    3555	147.5	1536	4.6	3.065
1675	3.203	    3549	147.7	1536	4.5	3.281
1676	3.109	    3511	149.3	1536	4.4	3.182
1677	3.031	    3613	145.1	1536	4.5	3.080
1678	3.172	    3583	146.3	1536	4.4	3.231
1679	3.047	    3543	148.0	1536	4.3	3.114
1680	3.234	    3502	149.7	1536	4.1	3.302
1681	3.125	    3612	145.1	1536	4.2	3.193
1682	3.172	    3604	145.5	1536	4.1	3.245
1683	3.219	    3547	147.8	1536	4.0	3.294
1684	2.953	    3499	149.9	1536	3.9	3.022
1685	3.141	    3548	147.8	1536	3.9	3.220
1686	3.234	    3529	148.6	1536	3.8	3.308
1687	3.125	    3506	149.5	1536	3.7	3.196
1688	3.219	    3493	150.1	1536	3.7	3.290
1689	3.172	    3480	150.7	1536	3.6	3.244
1690	3.250	    3462	151.4	1536	3.5	3.322
1691	3.141	    3544	148.0	1536	3.5	3.218
1692	3.000	    3515	149.2	1536	3.5	3.068
1693	3.062	    3543	148.0	1536	3.4	3.129
1694	3.156	    3573	146.7	1536	3.4	3.216
1695	3.141	    3519	149.0	1536	3.3	3.215
1696	3.000	    3558	147.4	1536	3.3	3.068
1697	3.078	    3564	147.1	1536	3.2	3.148
1698	3.219	    3509	149.4	1536	3.1	3.292
1699	3.047	    3520	149.0	1536	3.1	3.114
1700	3.000	    3485	150.4	1536	3.0	3.074
1701	3.078	    3531	148.5	1536	2.9	3.150
1702	3.156	    3477	150.8	1536	2.8	3.226
1703	3.078	    3482	150.6	1536	2.8	3.148
1704	2.953	    3546	147.9	1536	2.8	3.021
1705	3.016	    3549	147.7	1536	2.7	3.094
1706	2.953	    3468	151.2	1536	2.6	3.014
1707	2.969	    3571	146.8	1536	2.6	3.038
1708	3.062	    3523	148.8	1536	2.5	3.137
1709	3.234	    3497	149.9	1536	2.4	3.306
1710	2.984	    3491	150.2	1536	2.4	3.053
1711	2.781	    3495	150.0	1536	2.3	2.850
1712	3.062	    3623	144.7	1536	2.4	3.131
1713	3.219	    3544	147.9	1536	2.2	3.292
1714	2.969	    3525	148.7	1536	2.2	3.045
1715	2.953	    3484	150.5	1536	2.1	3.025
1716	3.094	    3584	146.3	1536	2.1	3.159
1717	3.016	    3500	149.8	1536	2.0	3.082
1718	3.109	    3530	148.5	1536	1.9	3.172
1719	2.812	    3546	147.8	1536	1.9	2.876
1720	3.109	    3508	149.5	1536	1.8	3.174
1721	3.219	    3543	148.0	1536	1.8	3.276
1722	3.172	    3579	146.5	1536	1.7	3.237
1723	3.672	    3568	146.9	1536	1.7	3.656
1724	3.125	    3530	148.5	1536	1.6	3.202
1725	3.078	    3529	148.6	1536	1.5	3.139
1726	3.156	    3531	148.5	1536	1.5	3.234
1727	3.156	    3515	149.2	1536	1.4	3.233
1728	3.188	    3594	145.9	1536	1.4	3.247
1729	3.062	    3499	149.8	1536	1.3	3.142
1730	3.125	    3520	149.0	1536	1.2	3.202
1731	3.078	    3520	149.0	1536	1.2	3.144
1732	3.172	    3526	148.7	1536	1.1	3.245
1733	3.188	    3520	149.0	1536	1.1	3.257
1734	3.234	    3560	147.3	1536	1.0	3.300
1735	2.969	    3541	148.1	1536	0.9	3.023
1736	3.047	    3500	149.8	1536	0.9	3.112
1737	3.078	    3502	149.7	1536	0.8	3.156
1738	3.109	    3564	147.1	1536	0.8	3.159
1739	3.078	    3492	150.2	1536	0.7	3.150
1740	3.078	    3513	149.2	1536	0.6	3.142
1741	3.188	    3522	148.8	1536	0.6	3.266
1742	3.078	    3489	150.3	1536	0.5	3.155
1743	3.219	    3495	150.0	1536	0.5	3.235
1744	3.000	    3530	148.5	1536	0.4	3.064
1745	3.141	    3527	148.6	1536	0.4	3.204
1746	3.156	    3588	146.1	1536	0.3	3.230
1747	3.078	    3536	148.3	1536	0.2	3.145
1748	3.047	    3491	150.2	1536	0.2	3.113
1749	3.109	    3474	150.9	1536	0.1	3.188
1750	3.125	    3529	148.6	1536	0.1	3.190
1751	3.156	    3541	148.1	1792	0.0	3.222
